Archive member included to satisfy reference by file (symbol)

c:/intelfpga_lite/18.1/nios2eds/bin/gnu/h-x86_64-mingw32/bin/../lib/gcc/nios2-elf/5.3.0/../../../../../H-x86_64-mingw32/nios2-elf/lib/mno-hw-mul\libstdc++.a(si_class_type_info.o)
                              obj/default/include/Usb.o (vtable for __cxxabiv1::__si_class_type_info)
c:/intelfpga_lite/18.1/nios2eds/bin/gnu/h-x86_64-mingw32/bin/../lib/gcc/nios2-elf/5.3.0/../../../../../H-x86_64-mingw32/nios2-elf/lib/mno-hw-mul\libstdc++.a(vmi_class_type_info.o)
                              obj/default/include/XBOXONE.o (vtable for __cxxabiv1::__vmi_class_type_info)
c:/intelfpga_lite/18.1/nios2eds/bin/gnu/h-x86_64-mingw32/bin/../lib/gcc/nios2-elf/5.3.0/../../../../../H-x86_64-mingw32/nios2-elf/lib/mno-hw-mul\libstdc++.a(tinfo.o)
                              c:/intelfpga_lite/18.1/nios2eds/bin/gnu/h-x86_64-mingw32/bin/../lib/gcc/nios2-elf/5.3.0/../../../../../H-x86_64-mingw32/nios2-elf/lib/mno-hw-mul\libstdc++.a(si_class_type_info.o) (std::type_info::__is_function_p() const)
c:/intelfpga_lite/18.1/nios2eds/bin/gnu/h-x86_64-mingw32/bin/../lib/gcc/nios2-elf/5.3.0/../../../../../H-x86_64-mingw32/nios2-elf/lib/mno-hw-mul\libstdc++.a(del_op.o)
                              c:/intelfpga_lite/18.1/nios2eds/bin/gnu/h-x86_64-mingw32/bin/../lib/gcc/nios2-elf/5.3.0/../../../../../H-x86_64-mingw32/nios2-elf/lib/mno-hw-mul\libstdc++.a(si_class_type_info.o) (operator delete(void*))
c:/intelfpga_lite/18.1/nios2eds/bin/gnu/h-x86_64-mingw32/bin/../lib/gcc/nios2-elf/5.3.0/../../../../../H-x86_64-mingw32/nios2-elf/lib/mno-hw-mul\libstdc++.a(pure.o)
                              obj/default/include/Usb.o (__cxa_pure_virtual)
c:/intelfpga_lite/18.1/nios2eds/bin/gnu/h-x86_64-mingw32/bin/../lib/gcc/nios2-elf/5.3.0/../../../../../H-x86_64-mingw32/nios2-elf/lib/mno-hw-mul\libstdc++.a(class_type_info.o)
                              c:/intelfpga_lite/18.1/nios2eds/bin/gnu/h-x86_64-mingw32/bin/../lib/gcc/nios2-elf/5.3.0/../../../../../H-x86_64-mingw32/nios2-elf/lib/mno-hw-mul\libstdc++.a(si_class_type_info.o) (__cxxabiv1::__class_type_info::__do_upcast(__cxxabiv1::__class_type_info const*, void**) const)
c:/intelfpga_lite/18.1/nios2eds/bin/gnu/h-x86_64-mingw32/bin/../lib/gcc/nios2-elf/5.3.0/../../../../../H-x86_64-mingw32/nios2-elf/lib/mno-hw-mul\libstdc++.a(eh_terminate.o)
                              c:/intelfpga_lite/18.1/nios2eds/bin/gnu/h-x86_64-mingw32/bin/../lib/gcc/nios2-elf/5.3.0/../../../../../H-x86_64-mingw32/nios2-elf/lib/mno-hw-mul\libstdc++.a(pure.o) (std::terminate())
c:/intelfpga_lite/18.1/nios2eds/bin/gnu/h-x86_64-mingw32/bin/../lib/gcc/nios2-elf/5.3.0/../../../../../H-x86_64-mingw32/nios2-elf/lib/mno-hw-mul\libstdc++.a(eh_unex_handler.o)
                              c:/intelfpga_lite/18.1/nios2eds/bin/gnu/h-x86_64-mingw32/bin/../lib/gcc/nios2-elf/5.3.0/../../../../../H-x86_64-mingw32/nios2-elf/lib/mno-hw-mul\libstdc++.a(eh_terminate.o) (__cxxabiv1::__unexpected_handler)
c:/intelfpga_lite/18.1/nios2eds/bin/gnu/h-x86_64-mingw32/bin/../lib/gcc/nios2-elf/5.3.0/../../../../../H-x86_64-mingw32/nios2-elf/lib/mno-hw-mul\libstdc++.a(eh_term_handler.o)
                              c:/intelfpga_lite/18.1/nios2eds/bin/gnu/h-x86_64-mingw32/bin/../lib/gcc/nios2-elf/5.3.0/../../../../../H-x86_64-mingw32/nios2-elf/lib/mno-hw-mul\libstdc++.a(eh_terminate.o) (__cxxabiv1::__terminate_handler)
c:/intelfpga_lite/18.1/nios2eds/bin/gnu/h-x86_64-mingw32/bin/../lib/gcc/nios2-elf/5.3.0/../../../../../H-x86_64-mingw32/nios2-elf/lib/mno-hw-mul\libstdc++.a(eh_personality.o)
                              c:/intelfpga_lite/18.1/nios2eds/bin/gnu/h-x86_64-mingw32/bin/../lib/gcc/nios2-elf/5.3.0/../../../../../H-x86_64-mingw32/nios2-elf/lib/mno-hw-mul\libstdc++.a(eh_terminate.o) (__gxx_personality_sj0)
c:/intelfpga_lite/18.1/nios2eds/bin/gnu/h-x86_64-mingw32/bin/../lib/gcc/nios2-elf/5.3.0/../../../../../H-x86_64-mingw32/nios2-elf/lib/mno-hw-mul\libstdc++.a(eh_throw.o)
                              c:/intelfpga_lite/18.1/nios2eds/bin/gnu/h-x86_64-mingw32/bin/../lib/gcc/nios2-elf/5.3.0/../../../../../H-x86_64-mingw32/nios2-elf/lib/mno-hw-mul\libstdc++.a(eh_personality.o) (__cxa_throw)
c:/intelfpga_lite/18.1/nios2eds/bin/gnu/h-x86_64-mingw32/bin/../lib/gcc/nios2-elf/5.3.0/../../../../../H-x86_64-mingw32/nios2-elf/lib/mno-hw-mul\libstdc++.a(eh_catch.o)
                              c:/intelfpga_lite/18.1/nios2eds/bin/gnu/h-x86_64-mingw32/bin/../lib/gcc/nios2-elf/5.3.0/../../../../../H-x86_64-mingw32/nios2-elf/lib/mno-hw-mul\libstdc++.a(eh_terminate.o) (__cxa_begin_catch)
c:/intelfpga_lite/18.1/nios2eds/bin/gnu/h-x86_64-mingw32/bin/../lib/gcc/nios2-elf/5.3.0/../../../../../H-x86_64-mingw32/nios2-elf/lib/mno-hw-mul\libstdc++.a(eh_alloc.o)
                              c:/intelfpga_lite/18.1/nios2eds/bin/gnu/h-x86_64-mingw32/bin/../lib/gcc/nios2-elf/5.3.0/../../../../../H-x86_64-mingw32/nios2-elf/lib/mno-hw-mul\libstdc++.a(eh_personality.o) (__cxa_allocate_exception)
[...]
Memory Configuration

Name             Origin             Length             Attributes
reset            0x0000000000040000 0x0000000000000020
onchip_memory2_0 0x0000000000040020 0x000000000003ffe0
*default*        0x0000000000000000 0xffffffffffffffff

Linker script and memory map

LOAD ../Audio_Synthesizer_bsp//obj/HAL/src/crt0.o
LOAD obj/default/include/Port.o
LOAD obj/default/include/SPI.o
LOAD obj/default/include/Usb.o
LOAD obj/default/include/XBOXONE.o
LOAD obj/default/include/audio_synth.o
LOAD obj/default/include/hidboot.o
LOAD obj/default/include/message.o
LOAD obj/default/include/parsetools.o
LOAD obj/default/include/sgtl5000.o
LOAD obj/default/include/usbh_midi.o
LOAD obj/default/include/usbhid.o
LOAD obj/default/include/usbhost.o
LOAD obj/default/main.o
LOAD c:/intelfpga_lite/18.1/nios2eds/bin/gnu/h-x86_64-mingw32/bin/../lib/gcc/nios2-elf/5.3.0/../../../../../H-x86_64-mingw32/nios2-elf/lib/mno-hw-mul\libstdc++.a
LOAD c:/intelfpga_lite/18.1/nios2eds/bin/gnu/h-x86_64-mingw32/bin/../lib/gcc/nios2-elf/5.3.0/../../../../../H-x86_64-mingw32/nios2-elf/lib/mno-hw-mul\libm.a
LOAD c:/intelfpga_lite/18.1/nios2eds/bin/gnu/h-x86_64-mingw32/bin/../lib/gcc/nios2-elf/5.3.0/mno-hw-mul\libgcc.a
START GROUP
LOAD c:/intelfpga_lite/18.1/nios2eds/bin/gnu/h-x86_64-mingw32/bin/../lib/gcc/nios2-elf/5.3.0/../../../../../H-x86_64-mingw32/nios2-elf/lib/mno-hw-mul\libc.a
LOAD c:/intelfpga_lite/18.1/nios2eds/bin/gnu/h-x86_64-mingw32/bin/../lib/gcc/nios2-elf/5.3.0/mno-hw-mul\libgcc.a
LOAD ../Audio_Synthesizer_bsp/\libhal_bsp.a
LOAD c:/intelfpga_lite/18.1/nios2eds/bin/gnu/h-x86_64-mingw32/bin/../lib/gcc/nios2-elf/5.3.0/../../../../../H-x86_64-mingw32/nios2-elf/lib/mno-hw-mul\libm.a
END GROUP
LOAD c:/intelfpga_lite/18.1/nios2eds/bin/gnu/h-x86_64-mingw32/bin/../lib/gcc/nios2-elf/5.3.0/mno-hw-mul\libgcc.a
                0x0000000000040000                __alt_mem_onchip_memory2_0 = 0x40000

.entry          0x0000000000040000       0x20
 *(.entry)
 .entry         0x0000000000040000       0x20 ../Audio_Synthesizer_bsp//obj/HAL/src/crt0.o
                0x0000000000040000                __reset

.exceptions     0x0000000000040020      0x210
                0x0000000000040020                PROVIDE (__ram_exceptions_start, ABSOLUTE (.))
                0x0000000000040020                . = ALIGN (0x20)
 *(.irq)
 *(.exceptions.entry.label)
 .exceptions.entry.label
                0x0000000000040020        0x0 ../Audio_Synthesizer_bsp/\libhal_bsp.a(alt_irq_entry.o)
                0x0000000000040020                alt_irq_entry
 .exceptions.entry.label
                0x0000000000040020        0x0 ../Audio_Synthesizer_bsp/\libhal_bsp.a(alt_exception_entry.o)
                0x0000000000040020                alt_exception
 *(.exceptions.entry.user)
 *(.exceptions.entry.ecc_fatal)
 *(.exceptions.entry)
 .exceptions.entry
                0x0000000000040020       0x54 ../Audio_Synthesizer_bsp/\libhal_bsp.a(alt_exception_entry.o)
 *(.exceptions.irqtest.user)
 *(.exceptions.irqtest)
 .exceptions.irqtest
                0x0000000000040074       0x10 ../Audio_Synthesizer_bsp/\libhal_bsp.a(alt_irq_entry.o)
 *(.exceptions.irqhandler.user)
 *(.exceptions.irqhandler)
 .exceptions.irqhandler
                0x0000000000040084        0x4 ../Audio_Synthesizer_bsp/\libhal_bsp.a(alt_irq_entry.o)
 *(.exceptions.irqreturn.user)
 *(.exceptions.irqreturn)
 .exceptions.irqreturn
                0x0000000000040088        0x4 ../Audio_Synthesizer_bsp/\libhal_bsp.a(alt_irq_entry.o)
 *(.exceptions.notirq.label)
 .exceptions.notirq.label
                0x000000000004008c        0x0 ../Audio_Synthesizer_bsp/\libhal_bsp.a(alt_irq_entry.o)
 *(.exceptions.notirq.user)
 *(.exceptions.notirq)
 .exceptions.notirq
                0x000000000004008c        0x8 ../Audio_Synthesizer_bsp/\libhal_bsp.a(alt_exception_entry.o)
 *(.exceptions.soft.user)
 *(.exceptions.soft)
 *(.exceptions.unknown.user)
 *(.exceptions.unknown)
 .exceptions.unknown
                0x0000000000040094       0x14 ../Audio_Synthesizer_bsp/\libhal_bsp.a(alt_exception_entry.o)
 *(.exceptions.exit.label)
 .exceptions.exit.label
                0x00000000000400a8        0x0 ../Audio_Synthesizer_bsp/\libhal_bsp.a(alt_irq_entry.o)
 .exceptions.exit.label
                0x00000000000400a8        0x0 ../Audio_Synthesizer_bsp/\libhal_bsp.a(alt_exception_entry.o)
 *(.exceptions.exit.user)
 *(.exceptions.exit)
 .exceptions.exit
                0x00000000000400a8       0x54 ../Audio_Synthesizer_bsp/\libhal_bsp.a(alt_exception_entry.o)
 *(.exceptions)
 .exceptions    0x00000000000400fc       0xd4 ../Audio_Synthesizer_bsp/\libhal_bsp.a(alt_irq_handler.o)
                0x00000000000400fc                alt_irq_handler
 .exceptions    0x00000000000401d0       0x60 ../Audio_Synthesizer_bsp/\libhal_bsp.a(alt_instruction_exception_entry.o)
                0x00000000000401d0                alt_instruction_exception_entry
                0x0000000000040230                PROVIDE (__ram_exceptions_end, ABSOLUTE (.))
                0x0000000000040020                PROVIDE (__flash_exceptions_start, LOADADDR (.exceptions))

.text           0x0000000000040230    0x24ae0
                [!provide]                        PROVIDE (stext, ABSOLUTE (.))
 *(.interp)
 *(.hash)
 *(.dynsym)
 *(.dynstr)
 *(.gnu.version)
 *(.gnu.version_d)
 *(.gnu.version_r)
 *(.rel.init)
 *(.rela.init)
 *(.rel.text .rel.text.* .rel.gnu.linkonce.t.*)
 *(.rela.text .rela.text.* .rela.gnu.linkonce.t.*)
 *(.rel.fini)
 *(.rela.fini)
 *(.rel.rodata .rel.rodata.* .rel.gnu.linkonce.r.*)
 *(.rela.rodata .rela.rodata.* .rela.gnu.linkonce.r.*)
 *(.rel.data .rel.data.* .rel.gnu.linkonce.d.*)
 *(.rela.data .rela.data.* .rela.gnu.linkonce.d.*)
 *(.rel.tdata .rel.tdata.* .rel.gnu.linkonce.td.*)
 *(.rela.tdata .rela.tdata.* .rela.gnu.linkonce.td.*)
 *(.rel.tbss .rel.tbss.* .rel.gnu.linkonce.tb.*)
 *(.rela.tbss .rela.tbss.* .rela.gnu.linkonce.tb.*)
 *(.rel.ctors)
 *(.rela.ctors)
 *(.rel.dtors)
 *(.rela.dtors)
 *(.rel.got)
 *(.rela.got)
 *(.rel.sdata .rel.sdata.* .rel.gnu.linkonce.s.*)
 *(.rela.sdata .rela.sdata.* .rela.gnu.linkonce.s.*)
 *(.rel.sbss .rel.sbss.* .rel.gnu.linkonce.sb.*)
 *(.rela.sbss .rela.sbss.* .rela.gnu.linkonce.sb.*)
 *(.rel.sdata2 .rel.sdata2.* .rel.gnu.linkonce.s2.*)
 *(.rela.sdata2 .rela.sdata2.* .rela.gnu.linkonce.s2.*)
 *(.rel.sbss2 .rel.sbss2.* .rel.gnu.linkonce.sb2.*)
 *(.rela.sbss2 .rela.sbss2.* .rela.gnu.linkonce.sb2.*)
 *(.rel.bss .rel.bss.* .rel.gnu.linkonce.b.*)
 *(.rela.bss .rela.bss.* .rela.gnu.linkonce.b.*)
 *(.rel.plt)
 *(.rela.plt)
 *(.rel.dyn)
 *(.init)
 *(.plt)
 *(.text .stub .text.* .gnu.linkonce.t.*)
 .text          0x0000000000040230       0x3c ../Audio_Synthesizer_bsp//obj/HAL/src/crt0.o
                0x0000000000040230                _start
 .text          0x000000000004026c      0x2c0 obj/default/include/Port.o
                0x000000000004026c                SPI_SS::Write(unsigned char)
                0x00000000000402a8                SPI_SS::ClearAndSet(unsigned char, unsigned char)
                0x00000000000402ec                SPI_SS::Read()
                0x0000000000040320                SPI_SS::DirWrite(unsigned char)
                0x000000000004035c                SPI_SS::DirRead()
                0x0000000000040390                SPI_SS::Set(unsigned char)
                0x00000000000403cc                SPI_SS::Clear(unsigned char)
                0x0000000000040408                SPI_SS::Toggle(unsigned char)
                0x0000000000040444                SPI_SS::DirSet(unsigned char)
                0x0000000000040480                SPI_SS::DirClear(unsigned char)
                0x00000000000404bc                SPI_SS::DirToggle(unsigned char)
                0x00000000000404f8                SPI_SS::PinRead()
 .text          0x000000000004052c      0x1d8 obj/default/include/SPI.o
                0x000000000004052c                alt_busy_sleep(unsigned int)
                0x0000000000040684                delay(unsigned long)
                0x00000000000406dc                millis()
 .text          0x0000000000040704     0x2514 obj/default/include/Usb.o
                0x0000000000040704                USB::USB()
                0x0000000000040704                USB::USB()
                0x000000000004075c                USB::init()
                0x0000000000040788                USB::getUsbTaskState()
                0x00000000000407ac                USB::setUsbTaskState(unsigned char)
                0x00000000000407e0                USB::getEpInfoEntry(unsigned char, unsigned char)
                0x00000000000408f4                USB::setEpInfoEntry(unsigned char, unsigned char, EpInfo*)
                0x0000000000040a10                USB::SetAddress(unsigned char, unsigned char, EpInfo**, unsigned short*)
                0x0000000000040b9c                USB::ctrlReq(unsigned char, unsigned char, unsigned char, unsigned char, unsigned char, unsigned char, unsigned short, unsigned short, unsigned short, unsigned char*, USBReadParser*)
                0x0000000000040eac                USB::inTransfer(unsigned char, unsigned char, unsigned short*, unsigned char*, unsigned char)
                0x0000000000040f94                USB::InTransfer(EpInfo*, unsigned short, unsigned short*, unsigned char*, unsigned char)
                0x0000000000041240                USB::outTransfer(unsigned char, unsigned char, unsigned short, unsigned char*)
                0x00000000000412f0                USB::OutTransfer(EpInfo*, unsigned short, unsigned short, unsigned char*)
                0x000000000004169c                USB::dispatchPkt(unsigned char, unsigned char, unsigned short)
                0x000000000004181c                USB::Task()
                0x0000000000041c0c                USB::DefaultAddressing(unsigned char, unsigned char, bool)
                0x0000000000041d6c                USB::AttemptConfig(unsigned char, unsigned char, unsigned char, bool)
                0x0000000000041ffc                USB::Configuring(unsigned char, unsigned char, bool)
                0x000000000004270c                USB::ReleaseDevice(unsigned char)
                0x0000000000042844                USB::getDevDescr(unsigned char, unsigned char, unsigned short, unsigned char*)
                0x00000000000428cc                USB::getConfDescr(unsigned char, unsigned char, unsigned short, unsigned char, unsigned char*)
                0x0000000000042960                USB::getConfDescr(unsigned char, unsigned char, unsigned char, USBReadParser*)
                0x0000000000042a58                USB::getStrDescr(unsigned char, unsigned char, unsigned short, unsigned char, unsigned short, unsigned char*)
                0x0000000000042b00                USB::setAddr(unsigned char, unsigned char, unsigned char)
                0x0000000000042b94                USB::setConf(unsigned char, unsigned char, unsigned char)
 .text._ZN3USB14GetAddressPoolEv
                0x0000000000042c18       0x24 obj/default/include/Usb.o
                0x0000000000042c18                USB::GetAddressPool()
 .text._ZN11AddressPoolC2Ev
                0x0000000000042c3c       0x34 obj/default/include/Usb.o
                0x0000000000042c3c                AddressPool::AddressPool()
                0x0000000000042c3c                AddressPool::AddressPool()
 .text._ZN15AddressPoolImplILh16EEC2Ev
                0x0000000000042c70       0xcc obj/default/include/Usb.o
                0x0000000000042c70                AddressPoolImpl<(unsigned char)16>::AddressPoolImpl()
                0x0000000000042c70                AddressPoolImpl<(unsigned char)16>::AddressPoolImpl()
 .text._ZN15AddressPoolImplILh16EE15GetUsbDevicePtrEh
                0x0000000000042d3c       0x8c obj/default/include/Usb.o
                0x0000000000042d3c                AddressPoolImpl<(unsigned char)16>::GetUsbDevicePtr(unsigned char)
 .text._Z10D_PrintHexIhEvT_i
                0x0000000000042dc8       0x2c obj/default/include/Usb.o
                0x0000000000042dc8                void D_PrintHex<unsigned char>(unsigned char, int)
 .text._ZN15AddressPoolImplILh16EE12AllocAddressEhbh
                0x0000000000042df4      0x260 obj/default/include/Usb.o
                0x0000000000042df4                AddressPoolImpl<(unsigned char)16>::AllocAddress(unsigned char, bool, unsigned char)
 .text._ZN15AddressPoolImplILh16EE11FreeAddressEh
                0x0000000000043054       0x6c obj/default/include/Usb.o
                0x0000000000043054                AddressPoolImpl<(unsigned char)16>::FreeAddress(unsigned char)
 .text._ZN15AddressPoolImplILh16EE9InitEntryEh
                0x00000000000430c0      0x144 obj/default/include/Usb.o
                0x00000000000430c0                AddressPoolImpl<(unsigned char)16>::InitEntry(unsigned char)
 .text._ZN15AddressPoolImplILh16EE16InitAllAddressesEv
                0x0000000000043204       0x68 obj/default/include/Usb.o
                0x0000000000043204                AddressPoolImpl<(unsigned char)16>::InitAllAddresses()
 .text._ZN15AddressPoolImplILh16EE16FindAddressIndexEh
                0x000000000004326c       0x94 obj/default/include/Usb.o
                0x000000000004326c                AddressPoolImpl<(unsigned char)16>::FindAddressIndex(unsigned char)
 .text._ZN15AddressPoolImplILh16EE18FreeAddressByIndexEh
                0x0000000000043300      0x104 obj/default/include/Usb.o
                0x0000000000043300                AddressPoolImpl<(unsigned char)16>::FreeAddressByIndex(unsigned char)
 .text._ZN15AddressPoolImplILh16EE14FindChildIndexE16UsbDeviceAddressh
                0x0000000000043404       0xc8 obj/default/include/Usb.o
                0x0000000000043404                AddressPoolImpl<(unsigned char)16>::FindChildIndex(UsbDeviceAddress, unsigned char)
 .text          0x00000000000434cc     0x1314 obj/default/include/XBOXONE.o
                0x00000000000434cc                XBOXONE::XBOXONE(USB*)
                0x00000000000434cc                XBOXONE::XBOXONE(USB*)
                0x00000000000436b0                XBOXONE::Init(unsigned char, unsigned char, bool)
                0x0000000000043d04                XBOXONE::EndpointXtract(unsigned char, unsigned char, unsigned char, unsigned char, USB_ENDPOINT_DESCRIPTOR const*)
                0x0000000000043e40                non-virtual thunk to XBOXONE::EndpointXtract(unsigned char, unsigned char, unsigned char, unsigned char, USB_ENDPOINT_DESCRIPTOR const*)
                0x0000000000043e48                XBOXONE::PrintEndpointDescriptor(USB_ENDPOINT_DESCRIPTOR const*)
                0x0000000000043e70                XBOXONE::Release()
                0x0000000000043f04                XBOXONE::Poll()
                0x0000000000043ffc                XBOXONE::readReport()
                0x00000000000443c4                XBOXONE::getButtonPress(ButtonEnum)
                0x000000000004444c                XBOXONE::getButtonClick(ButtonEnum)
                0x000000000004453c                XBOXONE::getAnalogHat(AnalogHatEnum)
                0x0000000000044578                XBOXONE::XboxCommand(unsigned char*, unsigned short)
                0x0000000000044618                XBOXONE::onInit()
                0x00000000000446bc                XBOXONE::setRumbleOff()
                0x0000000000044734                XBOXONE::setRumbleOn(unsigned char, unsigned char, unsigned char, unsigned char)
 .text._ZN16MultiValueBufferC2Ev
                0x00000000000447e0       0x60 obj/default/include/XBOXONE.o
                0x00000000000447e0                MultiValueBuffer::MultiValueBuffer()
                0x00000000000447e0                MultiValueBuffer::MultiValueBuffer()
 .text._ZN20MultiByteValueParserC2Ev
                0x0000000000044840       0x3c obj/default/include/XBOXONE.o
                0x0000000000044840                MultiByteValueParser::MultiByteValueParser()
                0x0000000000044840                MultiByteValueParser::MultiByteValueParser()
 .text._ZN20MultiByteValueParser10InitializeEP16MultiValueBuffer
                0x000000000004487c       0x80 obj/default/include/XBOXONE.o
                0x000000000004487c                MultiByteValueParser::Initialize(MultiValueBuffer*)
 .text._ZN11ByteSkipperC2Ev
                0x00000000000448fc       0x3c obj/default/include/XBOXONE.o
                0x00000000000448fc                ByteSkipper::ByteSkipper()
                0x00000000000448fc                ByteSkipper::ByteSkipper()
 .text._ZN11ByteSkipper10InitializeEP16MultiValueBuffer
                0x0000000000044938       0x68 obj/default/include/XBOXONE.o
                0x0000000000044938                ByteSkipper::Initialize(MultiValueBuffer*)
 .text._ZN11ByteSkipper4SkipEPPhPtt
                0x00000000000449a0      0x100 obj/default/include/XBOXONE.o
                0x00000000000449a0                ByteSkipper::Skip(unsigned char**, unsigned short*, unsigned short)
 .text._ZN15USBDeviceConfig4InitEhhb
                0x0000000000044aa0       0x3c obj/default/include/XBOXONE.o
                0x0000000000044aa0                USBDeviceConfig::Init(unsigned char, unsigned char, bool)
 .text._ZN15USBDeviceConfig15ConfigureDeviceEhhb
                0x0000000000044adc       0x3c obj/default/include/XBOXONE.o
                0x0000000000044adc                USBDeviceConfig::ConfigureDevice(unsigned char, unsigned char, bool)
 .text._ZN15USBDeviceConfig7ReleaseEv
                0x0000000000044b18       0x24 obj/default/include/XBOXONE.o
                0x0000000000044b18                USBDeviceConfig::Release()
 .text._ZN15USBDeviceConfig4PollEv
                0x0000000000044b3c       0x24 obj/default/include/XBOXONE.o
                0x0000000000044b3c                USBDeviceConfig::Poll()
 .text._ZN15USBDeviceConfig10GetAddressEv
                0x0000000000044b60       0x24 obj/default/include/XBOXONE.o
                0x0000000000044b60                USBDeviceConfig::GetAddress()
 .text._ZN15USBDeviceConfig12ResetHubPortEh
                0x0000000000044b84       0x2c obj/default/include/XBOXONE.o
                0x0000000000044b84                USBDeviceConfig::ResetHubPort(unsigned char)
 .text._ZN15USBDeviceConfig8VIDPIDOKEtt
                0x0000000000044bb0       0x34 obj/default/include/XBOXONE.o
                0x0000000000044bb0                USBDeviceConfig::VIDPIDOK(unsigned short, unsigned short)
 .text._ZN15USBDeviceConfig10DEVCLASSOKEh
                0x0000000000044be4       0x2c obj/default/include/XBOXONE.o
                0x0000000000044be4                USBDeviceConfig::DEVCLASSOK(unsigned char)
 .text._ZN15USBDeviceConfig13DEVSUBCLASSOKEh
                0x0000000000044c10       0x2c obj/default/include/XBOXONE.o
                0x0000000000044c10                USBDeviceConfig::DEVSUBCLASSOK(unsigned char)
 .text._ZN3USB19RegisterDeviceClassEP15USBDeviceConfig
                0x0000000000044c3c       0x90 obj/default/include/XBOXONE.o
                0x0000000000044c3c                USB::RegisterDeviceClass(USBDeviceConfig*)
 .text._ZN17UsbConfigXtracter14EndpointXtractEhhhhPK23USB_ENDPOINT_DESCRIPTOR
                0x0000000000044ccc       0x40 obj/default/include/XBOXONE.o
                0x0000000000044ccc                UsbConfigXtracter::EndpointXtract(unsigned char, unsigned char, unsigned char, unsigned char, USB_ENDPOINT_DESCRIPTOR const*)
 .text._ZN7XBOXONE10GetAddressEv
                0x0000000000044d0c       0x28 obj/default/include/XBOXONE.o
                0x0000000000044d0c                XBOXONE::GetAddress()
 .text._ZN7XBOXONE7isReadyEv
                0x0000000000044d34       0x28 obj/default/include/XBOXONE.o
                0x0000000000044d34                XBOXONE::isReady()
 .text._ZN7XBOXONE8VIDPIDOKEtt
                0x0000000000044d5c      0x12c obj/default/include/XBOXONE.o
                0x0000000000044d5c                XBOXONE::VIDPIDOK(unsigned short, unsigned short)
 .text._ZN15USBDeviceConfigC2Ev
                0x0000000000044e88       0x34 obj/default/include/XBOXONE.o
                0x0000000000044e88                USBDeviceConfig::USBDeviceConfig()
                0x0000000000044e88                USBDeviceConfig::USBDeviceConfig()
 .text._ZN17UsbConfigXtracterC2Ev
                0x0000000000044ebc       0x34 obj/default/include/XBOXONE.o
                0x0000000000044ebc                UsbConfigXtracter::UsbConfigXtracter()
                0x0000000000044ebc                UsbConfigXtracter::UsbConfigXtracter()
 .text._ZN13USBReadParserC2Ev
                0x0000000000044ef0       0x34 obj/default/include/XBOXONE.o
                0x0000000000044ef0                USBReadParser::USBReadParser()
                0x0000000000044ef0                USBReadParser::USBReadParser()
 .text._ZN16ConfigDescParserILh0ELh0ELh0ELh0EEC2EP17UsbConfigXtracter
                0x0000000000044f24      0x164 obj/default/include/XBOXONE.o
                0x0000000000044f24                ConfigDescParser<(unsigned char)0, (unsigned char)0, (unsigned char)0, (unsigned char)0>::ConfigDescParser(UsbConfigXtracter*)
                0x0000000000044f24                ConfigDescParser<(unsigned char)0, (unsigned char)0, (unsigned char)0, (unsigned char)0>::ConfigDescParser(UsbConfigXtracter*)
 .text._ZN16ConfigDescParserILh0ELh0ELh0ELh0EE5ParseEtPKhRKt
                0x0000000000045088       0x7c obj/default/include/XBOXONE.o
                0x0000000000045088                ConfigDescParser<(unsigned char)0, (unsigned char)0, (unsigned char)0, (unsigned char)0>::Parse(unsigned short, unsigned char const*, unsigned short const&)
 .text._ZN16ConfigDescParserILh0ELh0ELh0ELh0EE15ParseDescriptorEPPhPt
                0x0000000000045104      0x4b0 obj/default/include/XBOXONE.o
                0x0000000000045104                ConfigDescParser<(unsigned char)0, (unsigned char)0, (unsigned char)0, (unsigned char)0>::ParseDescriptor(unsigned char**, unsigned short*)
 .text          0x00000000000455b4      0x4e8 obj/default/include/audio_synth.o
                0x00000000000455b4                set_note(unsigned char, unsigned char, unsigned char)
                0x000000000004565c                set_ctrl(unsigned char, unsigned char, unsigned long)
                0x00000000000456c0                calc_adsr(unsigned short, unsigned short, unsigned short, unsigned short, unsigned short, unsigned short, unsigned short, unsigned short, float, float)
                0x00000000000459d4                init_ctrl(unsigned short, unsigned short, unsigned short, unsigned short, unsigned short, unsigned short, unsigned short, unsigned short, float, float)
 .text          0x0000000000045a9c      0x770 obj/default/include/hidboot.o
                0x0000000000045a9c                MouseReportParser::Parse(USBHID*, bool, unsigned char, unsigned char*)
                0x0000000000045cb8                KeyboardReportParser::Parse(USBHID*, bool, unsigned char, unsigned char*)
                0x0000000000045f74                KeyboardReportParser::OemToAscii(unsigned char, unsigned char)
 .text._ZN17MouseReportParser11OnMouseMoveEP9MOUSEINFO
                0x000000000004620c       0x28 obj/default/include/hidboot.o
                0x000000000004620c                MouseReportParser::OnMouseMove(MOUSEINFO*)
 .text._ZN17MouseReportParser14OnLeftButtonUpEP9MOUSEINFO
                0x0000000000046234       0x28 obj/default/include/hidboot.o
                0x0000000000046234                MouseReportParser::OnLeftButtonUp(MOUSEINFO*)
 .text._ZN17MouseReportParser16OnLeftButtonDownEP9MOUSEINFO
                0x000000000004625c       0x28 obj/default/include/hidboot.o
                0x000000000004625c                MouseReportParser::OnLeftButtonDown(MOUSEINFO*)
 .text._ZN17MouseReportParser15OnRightButtonUpEP9MOUSEINFO
                0x0000000000046284       0x28 obj/default/include/hidboot.o
                0x0000000000046284                MouseReportParser::OnRightButtonUp(MOUSEINFO*)
 .text._ZN17MouseReportParser17OnRightButtonDownEP9MOUSEINFO
                0x00000000000462ac       0x28 obj/default/include/hidboot.o
                0x00000000000462ac                MouseReportParser::OnRightButtonDown(MOUSEINFO*)
 .text._ZN17MouseReportParser16OnMiddleButtonUpEP9MOUSEINFO
                0x00000000000462d4       0x28 obj/default/include/hidboot.o
                0x00000000000462d4                MouseReportParser::OnMiddleButtonUp(MOUSEINFO*)
 .text._ZN17MouseReportParser18OnMiddleButtonDownEP9MOUSEINFO
                0x00000000000462fc       0x28 obj/default/include/hidboot.o
                0x00000000000462fc                MouseReportParser::OnMiddleButtonDown(MOUSEINFO*)
 .text._ZN20KeyboardReportParser17HandleLockingKeysEP6USBHIDh
                0x0000000000046324      0x18c obj/default/include/hidboot.o
                0x0000000000046324                KeyboardReportParser::HandleLockingKeys(USBHID*, unsigned char)
 .text._ZN20KeyboardReportParser20OnControlKeysChangedEhh
                0x00000000000464b0       0x34 obj/default/include/hidboot.o
                0x00000000000464b0                KeyboardReportParser::OnControlKeysChanged(unsigned char, unsigned char)
 .text._ZN20KeyboardReportParser9OnKeyDownEhh
                0x00000000000464e4       0x34 obj/default/include/hidboot.o
                0x00000000000464e4                KeyboardReportParser::OnKeyDown(unsigned char, unsigned char)
 .text._ZN20KeyboardReportParser7OnKeyUpEhh
                0x0000000000046518       0x34 obj/default/include/hidboot.o
                0x0000000000046518                KeyboardReportParser::OnKeyUp(unsigned char, unsigned char)
 .text._ZN20KeyboardReportParser10getNumKeysEv
                0x000000000004654c       0x28 obj/default/include/hidboot.o
                0x000000000004654c                KeyboardReportParser::getNumKeys()
 .text._ZN20KeyboardReportParser12getSymKeysUpEv
                0x0000000000046574       0x28 obj/default/include/hidboot.o
                0x0000000000046574                KeyboardReportParser::getSymKeysUp()
 .text._ZN20KeyboardReportParser12getSymKeysLoEv
                0x000000000004659c       0x28 obj/default/include/hidboot.o
                0x000000000004659c                KeyboardReportParser::getSymKeysLo()
 .text._ZN20KeyboardReportParser10getPadKeysEv
                0x00000000000465c4       0x24 obj/default/include/hidboot.o
                0x00000000000465c4                KeyboardReportParser::getPadKeys()
 .text          0x00000000000465e8      0x1a8 obj/default/include/message.o
                0x00000000000465e8                E_Notifyc(char, int)
                0x0000000000046638                E_Notify(char const*, int)
                0x00000000000466bc                E_NotifyStr(char const*, int)
                0x0000000000046740                E_Notify(unsigned char, int)
                0x0000000000046768                E_Notify(double, int)
 .text          0x0000000000046790      0x35c obj/default/include/parsetools.o
                0x0000000000046790                MultiByteValueParser::Parse(unsigned char**, unsigned short*)
                0x0000000000046898                PTPListParser::Parse(unsigned char**, unsigned short*, void (*)(MultiValueBuffer const*, unsigned long, void const*), void const*)
 .text          0x0000000000046aec      0x94c obj/default/include/sgtl5000.o
                0x0000000000046aec                I2Creg_wr(ALT_AVALON_I2C_DEV_s*, unsigned char, unsigned short)
                0x0000000000046b90                I2Creg_DAP_wr(ALT_AVALON_I2C_DEV_s*, unsigned char, unsigned short)
                0x0000000000046c3c                I2Cbytes_wr(ALT_AVALON_I2C_DEV_s*, unsigned char, unsigned char, unsigned short*)
                0x0000000000046df4                I2Creg_rd(ALT_AVALON_I2C_DEV_s*, unsigned char)
                0x0000000000046e9c                I2Creg_DAP_rd(ALT_AVALON_I2C_DEV_s*, unsigned char)
                0x0000000000046f4c                I2Cbytes_rd(ALT_AVALON_I2C_DEV_s*, unsigned char, unsigned char, unsigned short*)
                0x00000000000470f8                SGTL5000init(ALT_AVALON_I2C_DEV_s*)
                0x0000000000047190                SGTL5000audio_on(ALT_AVALON_I2C_DEV_s*)
                0x00000000000471fc                SGTL5000status(ALT_AVALON_I2C_DEV_s*)
                0x00000000000473c8                SGTL5000vol_change(ALT_AVALON_I2C_DEV_s*, unsigned char)
 .text          0x0000000000047438     0x1dbc obj/default/include/usbh_midi.o
                0x0000000000047438                USBH_MIDI::USBH_MIDI(USB*)
                0x0000000000047438                USBH_MIDI::USBH_MIDI(USB*)
                0x00000000000475b8                USBH_MIDI::Init(unsigned char, unsigned char, bool)
                0x0000000000047dd8                USBH_MIDI::Release()
                0x0000000000047e50                USBH_MIDI::setupDeviceSpecific()
                0x0000000000047f58                USBH_MIDI::RecvData(unsigned short*, unsigned char*)
                0x000000000004802c                USBH_MIDI::RecvData(unsigned char*, bool)
                0x0000000000048294                USBH_MIDI::SendData(unsigned char*, unsigned char)
                0x00000000000483f0                USBH_MIDI::lookupMsgSize(unsigned char, unsigned char)
                0x0000000000048454                USBH_MIDI::countSysExDataSize(unsigned char*)
                0x00000000000484dc                USBH_MIDI::SendSysEx(unsigned char*, unsigned short, unsigned char)
                0x0000000000048810                USBH_MIDI::extractSysExData(unsigned char*, unsigned char*)
                0x0000000000048950                MidiDescParser::MidiDescParser(UsbMidiConfigXtracter*, bool)
                0x0000000000048950                MidiDescParser::MidiDescParser(UsbMidiConfigXtracter*, bool)
                0x0000000000048ac8                MidiDescParser::Parse(unsigned short, unsigned char const*, unsigned short const&)
                0x0000000000048b44                MidiDescParser::ParseDescriptor(unsigned char**, unsigned short*)
                0x00000000000490a8                USBH_MIDI::EndpointXtract(unsigned char, unsigned char, unsigned char, unsigned char, USB_ENDPOINT_DESCRIPTOR const*)
                0x00000000000491ec                non-virtual thunk to USBH_MIDI::EndpointXtract(unsigned char, unsigned char, unsigned char, unsigned char, USB_ENDPOINT_DESCRIPTOR const*)
 .text._ZN21UsbMidiConfigXtracter14EndpointXtractEhhhhPK23USB_ENDPOINT_DESCRIPTOR
                0x00000000000491f4       0x40 obj/default/include/usbh_midi.o
                0x00000000000491f4                UsbMidiConfigXtracter::EndpointXtract(unsigned char, unsigned char, unsigned char, unsigned char, USB_ENDPOINT_DESCRIPTOR const*)
 .text._ZN14MidiDescParser12getConfValueEv
                0x0000000000049234       0x28 obj/default/include/usbh_midi.o
                0x0000000000049234                MidiDescParser::getConfValue()
 .text._ZN14MidiDescParser9getNumEPsEv
                0x000000000004925c       0x28 obj/default/include/usbh_midi.o
                0x000000000004925c                MidiDescParser::getNumEPs()
 .text._ZN9USBH_MIDI17convertStatus2CinEh
                0x0000000000049284       0x58 obj/default/include/usbh_midi.o
                0x0000000000049284                USBH_MIDI::convertStatus2Cin(unsigned char)
 .text._ZN9USBH_MIDI17getMsgSizeFromCinEh
                0x00000000000492dc       0x3c obj/default/include/usbh_midi.o
                0x00000000000492dc                USBH_MIDI::getMsgSizeFromCin(unsigned char)
 .text._ZN9USBH_MIDI10GetAddressEv
                0x0000000000049318       0x28 obj/default/include/usbh_midi.o
                0x0000000000049318                USBH_MIDI::GetAddress()
 .text._ZN21UsbMidiConfigXtracterC2Ev
                0x0000000000049340       0x34 obj/default/include/usbh_midi.o
                0x0000000000049340                UsbMidiConfigXtracter::UsbMidiConfigXtracter()
                0x0000000000049340                UsbMidiConfigXtracter::UsbMidiConfigXtracter()
 .text._Z10D_PrintHexItEvT_i
                0x0000000000049374       0x2c obj/default/include/usbh_midi.o
                0x0000000000049374                void D_PrintHex<unsigned short>(unsigned short, int)
 .text          0x00000000000493a0      0x604 obj/default/include/usbhid.o
                0x00000000000493a0                USBHID::GetReportDescr(unsigned short, USBReadParser*)
                0x0000000000049440                USBHID::SetReport(unsigned char, unsigned char, unsigned char, unsigned char, unsigned short, unsigned char*)
                0x00000000000494f8                USBHID::GetReport(unsigned char, unsigned char, unsigned char, unsigned char, unsigned short, unsigned char*)
                0x00000000000495b0                USBHID::GetIdle(unsigned char, unsigned char, unsigned char*)
                0x0000000000049648                USBHID::SetIdle(unsigned char, unsigned char, unsigned char)
                0x00000000000496dc                USBHID::SetProtocol(unsigned char, unsigned char)
                0x0000000000049760                USBHID::GetProtocol(unsigned char, unsigned char*)
                0x00000000000497e8                USBHID::PrintEndpointDescriptor(USB_ENDPOINT_DESCRIPTOR const*)
                0x00000000000498b4                USBHID::PrintHidDescriptor(USB_HID_DESCRIPTOR const*)
 .text          0x00000000000499a4      0x9d0 obj/default/include/usbhost.o
                0x00000000000499a4                MAX3421e::MAX3421e()
                0x00000000000499a4                MAX3421e::MAX3421e()
                0x00000000000499e0                MAX3421e::getVbusState()
                0x0000000000049a04                MAX3421e::regWr(unsigned char, unsigned char)
                0x0000000000049a8c                MAX3421e::bytesWr(unsigned char, unsigned char, unsigned char*)
                0x0000000000049bbc                MAX3421e::gpioWr(unsigned char)
                0x0000000000049c30                MAX3421e::regRd(unsigned char)
                0x0000000000049ca4                MAX3421e::bytesRd(unsigned char, unsigned char, unsigned char*)
                0x0000000000049d28                MAX3421e::gpioRd()
                0x0000000000049da8                MAX3421e::gpioRdOutput()
                0x0000000000049e24                MAX3421e::reset()
                0x0000000000049ee8                Vbus_power(bool)
                0x0000000000049f10                MAX3421e::Init()
                0x0000000000049ff4                MAX3421e::Init(int)
                0x000000000004a10c                MAX3421e::busprobe()
                0x000000000004a280                MAX3421e::Task()
                0x000000000004a2dc                MAX3421e::IntHandler()
                0x000000000004a350                MAX3421e::GpxHandler()
 .text          0x000000000004a374      0xc94 obj/default/main.o
                0x000000000004a374                onInit()
                0x000000000004a3ec                MIDI_setup()
                0x000000000004a464                MIDI_poll()
                0x000000000004ae04                main
 .text._ZN9USBH_MIDIcvbEv
                0x000000000004b008       0x28 obj/default/main.o
                0x000000000004b008                USBH_MIDI::operator bool()
 .text._ZN9USBH_MIDI8idVendorEv
                0x000000000004b030       0x28 obj/default/main.o
                0x000000000004b030                USBH_MIDI::idVendor()
 .text._ZN9USBH_MIDI9idProductEv
                0x000000000004b058       0x28 obj/default/main.o
                0x000000000004b058                USBH_MIDI::idProduct()
 .text._ZN9USBH_MIDI12attachOnInitEPFvvE
                0x000000000004b080       0x34 obj/default/main.o
                0x000000000004b080                USBH_MIDI::attachOnInit(void (*)())
 .text          0x000000000004b0b4        0x0 c:/intelfpga_lite/18.1/nios2eds/bin/gnu/h-x86_64-mingw32/bin/../lib/gcc/nios2-elf/5.3.0/../../../../../H-x86_64-mingw32/nios2-elf/lib/mno-hw-mul\libstdc++.a(si_class_type_info.o)
 .text._ZN10__cxxabiv120__si_class_type_infoD2Ev
                0x000000000004b0b4       0x10 c:/intelfpga_lite/18.1/nios2eds/bin/gnu/h-x86_64-mingw32/bin/../lib/gcc/nios2-elf/5.3.0/../../../../../H-x86_64-mingw32/nios2-elf/lib/mno-hw-mul\libstdc++.a(si_class_type_info.o)
                0x000000000004b0b4                __cxxabiv1::__si_class_type_info::~__si_class_type_info()
                0x000000000004b0b4                __cxxabiv1::__si_class_type_info::~__si_class_type_info()
 .text._ZN10__cxxabiv120__si_class_type_infoD0Ev
                0x000000000004b0c4       0x34 c:/intelfpga_lite/18.1/nios2eds/bin/gnu/h-x86_64-mingw32/bin/../lib/gcc/nios2-elf/5.3.0/../../../../../H-x86_64-mingw32/nios2-elf/lib/mno-hw-mul\libstdc++.a(si_class_type_info.o)
                0x000000000004b0c4                __cxxabiv1::__si_class_type_info::~__si_class_type_info()
 .text._ZNK10__cxxabiv120__si_class_type_info12__do_dyncastEiNS_17__class_type_info10__sub_kindEPKS1_PKvS4_S6_RNS1_16__dyncast_resultE
                0x000000000004b0f8      0x160 c:/intelfpga_lite/18.1/nios2eds/bin/gnu/h-x86_64-mingw32/bin/../lib/gcc/nios2-elf/5.3.0/../../../../../H-x86_64-mingw32/nios2-elf/lib/mno-hw-mul\libstdc++.a(si_class_type_info.o)
                0x000000000004b0f8                __cxxabiv1::__si_class_type_info::__do_dyncast(int, __cxxabiv1::__class_type_info::__sub_kind, __cxxabiv1::__class_type_info const*, void const*, __cxxabiv1::__class_type_info const*, void const*, __cxxabiv1::__class_type_info::__dyncast_result&) const
 .text._ZNK10__cxxabiv120__si_class_type_info20__do_find_public_srcEiPKvPKNS_17__class_type_infoES2_
                0x000000000004b258       0x9c c:/intelfpga_lite/18.1/nios2eds/bin/gnu/h-x86_64-mingw32/bin/../lib/gcc/nios2-elf/5.3.0/../../../../../H-x86_64-mingw32/nios2-elf/lib/mno-hw-mul\libstdc++.a(si_class_type_info.o)
                0x000000000004b258                __cxxabiv1::__si_class_type_info::__do_find_public_src(int, void const*, __cxxabiv1::__class_type_info const*, void const*) const
 .text._ZNK10__cxxabiv120__si_class_type_info11__do_upcastEPKNS_17__class_type_infoEPKvRNS1_15__upcast_resultE
                0x000000000004b2f4       0x84 c:/intelfpga_lite/18.1/nios2eds/bin/gnu/h-x86_64-mingw32/bin/../lib/gcc/nios2-elf/5.3.0/../../../../../H-x86_64-mingw32/nios2-elf/lib/mno-hw-mul\libstdc++.a(si_class_type_info.o)
                0x000000000004b2f4                __cxxabiv1::__si_class_type_info::__do_upcast(__cxxabiv1::__class_type_info const*, void const*, __cxxabiv1::__class_type_info::__upcast_result&) const
 .text          0x000000000004b378        0x0 c:/intelfpga_lite/18.1/nios2eds/bin/gnu/h-x86_64-mingw32/bin/../lib/gcc/nios2-elf/5.3.0/../../../../../H-x86_64-mingw32/nios2-elf/lib/mno-hw-mul\libstdc++.a(vmi_class_type_info.o)
 .text._ZN10__cxxabiv121__vmi_class_type_infoD2Ev
                0x000000000004b378       0x10 c:/intelfpga_lite/18.1/nios2eds/bin/gnu/h-x86_64-mingw32/bin/../lib/gcc/nios2-elf/5.3.0/../../../../../H-x86_64-mingw32/nios2-elf/lib/mno-hw-mul\libstdc++.a(vmi_class_type_info.o)
                0x000000000004b378                __cxxabiv1::__vmi_class_type_info::~__vmi_class_type_info()
                0x000000000004b378                __cxxabiv1::__vmi_class_type_info::~__vmi_class_type_info()
 .text._ZN10__cxxabiv121__vmi_class_type_infoD0Ev
                0x000000000004b388       0x34 c:/intelfpga_lite/18.1/nios2eds/bin/gnu/h-x86_64-mingw32/bin/../lib/gcc/nios2-elf/5.3.0/../../../../../H-x86_64-mingw32/nios2-elf/lib/mno-hw-mul\libstdc++.a(vmi_class_type_info.o)
                0x000000000004b388                __cxxabiv1::__vmi_class_type_info::~__vmi_class_type_info()
 .text._ZNK10__cxxabiv121__vmi_class_type_info20__do_find_public_srcEiPKvPKNS_17__class_type_infoES2_
                0x000000000004b3bc      0x128 c:/intelfpga_lite/18.1/nios2eds/bin/gnu/h-x86_64-mingw32/bin/../lib/gcc/nios2-elf/5.3.0/../../../../../H-x86_64-mingw32/nios2-elf/lib/mno-hw-mul\libstdc++.a(vmi_class_type_info.o)
                0x000000000004b3bc                __cxxabiv1::__vmi_class_type_info::__do_find_public_src(int, void const*, __cxxabiv1::__class_type_info const*, void const*) const
 .text._ZNK10__cxxabiv121__vmi_class_type_info12__do_dyncastEiNS_17__class_type_info10__sub_kindEPKS1_PKvS4_S6_RNS1_16__dyncast_resultE
                0x000000000004b4e4      0x604 c:/intelfpga_lite/18.1/nios2eds/bin/gnu/h-x86_64-mingw32/bin/../lib/gcc/nios2-elf/5.3.0/../../../../../H-x86_64-mingw32/nios2-elf/lib/mno-hw-mul\libstdc++.a(vmi_class_type_info.o)
                0x000000000004b4e4                __cxxabiv1::__vmi_class_type_info::__do_dyncast(int, __cxxabiv1::__class_type_info::__sub_kind, __cxxabiv1::__class_type_info const*, void const*, __cxxabiv1::__class_type_info const*, void const*, __cxxabiv1::__class_type_info::__dyncast_result&) const
 .text._ZNK10__cxxabiv121__vmi_class_type_info11__do_upcastEPKNS_17__class_type_infoEPKvRNS1_15__upcast_resultE
                0x000000000004bae8      0x274 c:/intelfpga_lite/18.1/nios2eds/bin/gnu/h-x86_64-mingw32/bin/../lib/gcc/nios2-elf/5.3.0/../../../../../H-x86_64-mingw32/nios2-elf/lib/mno-hw-mul\libstdc++.a(vmi_class_type_info.o)
                0x000000000004bae8                __cxxabiv1::__vmi_class_type_info::__do_upcast(__cxxabiv1::__class_type_info const*, void const*, __cxxabiv1::__class_type_info::__upcast_result&) const
 .text          0x000000000004bd5c        0x0 c:/intelfpga_lite/18.1/nios2eds/bin/gnu/h-x86_64-mingw32/bin/../lib/gcc/nios2-elf/5.3.0/../../../../../H-x86_64-mingw32/nios2-elf/lib/mno-hw-mul\libstdc++.a(tinfo.o)
 .text._ZNSt9type_infoD2Ev
                0x000000000004bd5c        0x4 c:/intelfpga_lite/18.1/nios2eds/bin/gnu/h-x86_64-mingw32/bin/../lib/gcc/nios2-elf/5.3.0/../../../../../H-x86_64-mingw32/nios2-elf/lib/mno-hw-mul\libstdc++.a(tinfo.o)
                0x000000000004bd5c                std::type_info::~type_info()
                0x000000000004bd5c                std::type_info::~type_info()
 .text._ZNKSt9type_info15__is_function_pEv
                0x000000000004bd60        0x8 c:/intelfpga_lite/18.1/nios2eds/bin/gnu/h-x86_64-mingw32/bin/../lib/gcc/nios2-elf/5.3.0/../../../../../H-x86_64-mingw32/nios2-elf/lib/mno-hw-mul\libstdc++.a(tinfo.o)
                0x000000000004bd60                std::type_info::__is_pointer_p() const
                0x000000000004bd60                std::type_info::__is_function_p() const
 .text._ZNKSt9type_info11__do_upcastEPKN10__cxxabiv117__class_type_infoEPPv
                0x000000000004bd68        0x8 c:/intelfpga_lite/18.1/nios2eds/bin/gnu/h-x86_64-mingw32/bin/../lib/gcc/nios2-elf/5.3.0/../../../../../H-x86_64-mingw32/nios2-elf/lib/mno-hw-mul\libstdc++.a(tinfo.o)
                0x000000000004bd68                std::type_info::__do_upcast(__cxxabiv1::__class_type_info const*, void**) const
 .text._ZNSt9type_infoD0Ev
                0x000000000004bd70        0x4 c:/intelfpga_lite/18.1/nios2eds/bin/gnu/h-x86_64-mingw32/bin/../lib/gcc/nios2-elf/5.3.0/../../../../../H-x86_64-mingw32/nios2-elf/lib/mno-hw-mul\libstdc++.a(tinfo.o)
                0x000000000004bd70                std::type_info::~type_info()
 .text._ZNKSt9type_info10__do_catchEPKS_PPvj
                0x000000000004bd74       0x44 c:/intelfpga_lite/18.1/nios2eds/bin/gnu/h-x86_64-mingw32/bin/../lib/gcc/nios2-elf/5.3.0/../../../../../H-x86_64-mingw32/nios2-elf/lib/mno-hw-mul\libstdc++.a(tinfo.o)
                0x000000000004bd74                std::type_info::__do_catch(std::type_info const*, void**, unsigned int) const
 .text          0x000000000004bdb8        0x0 c:/intelfpga_lite/18.1/nios2eds/bin/gnu/h-x86_64-mingw32/bin/../lib/gcc/nios2-elf/5.3.0/../../../../../H-x86_64-mingw32/nios2-elf/lib/mno-hw-mul\libstdc++.a(del_op.o)
 .text._ZdlPv   0x000000000004bdb8        0x4 c:/intelfpga_lite/18.1/nios2eds/bin/gnu/h-x86_64-mingw32/bin/../lib/gcc/nios2-elf/5.3.0/../../../../../H-x86_64-mingw32/nios2-elf/lib/mno-hw-mul\libstdc++.a(del_op.o)
                0x000000000004bdb8                operator delete(void*)
 .text          0x000000000004bdbc        0x0 c:/intelfpga_lite/18.1/nios2eds/bin/gnu/h-x86_64-mingw32/bin/../lib/gcc/nios2-elf/5.3.0/../../../../../H-x86_64-mingw32/nios2-elf/lib/mno-hw-mul\libstdc++.a(pure.o)
 .text.__cxa_pure_virtual
                0x000000000004bdbc       0x20 c:/intelfpga_lite/18.1/nios2eds/bin/gnu/h-x86_64-mingw32/bin/../lib/gcc/nios2-elf/5.3.0/../../../../../H-x86_64-mingw32/nios2-elf/lib/mno-hw-mul\libstdc++.a(pure.o)
                0x000000000004bdbc                __cxa_pure_virtual
 .text.__cxa_deleted_virtual
                0x000000000004bddc       0x20 c:/intelfpga_lite/18.1/nios2eds/bin/gnu/h-x86_64-mingw32/bin/../lib/gcc/nios2-elf/5.3.0/../../../../../H-x86_64-mingw32/nios2-elf/lib/mno-hw-mul\libstdc++.a(pure.o)
                0x000000000004bddc                __cxa_deleted_virtual
 .text          0x000000000004bdfc        0x0 c:/intelfpga_lite/18.1/nios2eds/bin/gnu/h-x86_64-mingw32/bin/../lib/gcc/nios2-elf/5.3.0/../../../../../H-x86_64-mingw32/nios2-elf/lib/mno-hw-mul\libstdc++.a(class_type_info.o)
 .text._ZNK10__cxxabiv117__class_type_info11__do_upcastEPKS0_PPv
                0x000000000004bdfc       0x78 c:/intelfpga_lite/18.1/nios2eds/bin/gnu/h-x86_64-mingw32/bin/../lib/gcc/nios2-elf/5.3.0/../../../../../H-x86_64-mingw32/nios2-elf/lib/mno-hw-mul\libstdc++.a(class_type_info.o)
                0x000000000004bdfc                __cxxabiv1::__class_type_info::__do_upcast(__cxxabiv1::__class_type_info const*, void**) const
 .text._ZNK10__cxxabiv117__class_type_info20__do_find_public_srcEiPKvPKS0_S2_
                0x000000000004be74       0x18 c:/intelfpga_lite/18.1/nios2eds/bin/gnu/h-x86_64-mingw32/bin/../lib/gcc/nios2-elf/5.3.0/../../../../../H-x86_64-mingw32/nios2-elf/lib/mno-hw-mul\libstdc++.a(class_type_info.o)
                0x000000000004be74                __cxxabiv1::__class_type_info::__do_find_public_src(int, void const*, __cxxabiv1::__class_type_info const*, void const*) const
 .text._ZN10__cxxabiv117__class_type_infoD2Ev
                0x000000000004be8c       0x10 c:/intelfpga_lite/18.1/nios2eds/bin/gnu/h-x86_64-mingw32/bin/../lib/gcc/nios2-elf/5.3.0/../../../../../H-x86_64-mingw32/nios2-elf/lib/mno-hw-mul\libstdc++.a(class_type_info.o)
                0x000000000004be8c                __cxxabiv1::__class_type_info::~__class_type_info()
                0x000000000004be8c                __cxxabiv1::__class_type_info::~__class_type_info()
 .text._ZN10__cxxabiv117__class_type_infoD0Ev
                0x000000000004be9c       0x34 c:/intelfpga_lite/18.1/nios2eds/bin/gnu/h-x86_64-mingw32/bin/../lib/gcc/nios2-elf/5.3.0/../../../../../H-x86_64-mingw32/nios2-elf/lib/mno-hw-mul\libstdc++.a(class_type_info.o)
                0x000000000004be9c                __cxxabiv1::__class_type_info::~__class_type_info()
 .text._ZNK10__cxxabiv117__class_type_info11__do_upcastEPKS0_PKvRNS0_15__upcast_resultE
                0x000000000004bed0       0x6c c:/intelfpga_lite/18.1/nios2eds/bin/gnu/h-x86_64-mingw32/bin/../lib/gcc/nios2-elf/5.3.0/../../../../../H-x86_64-mingw32/nios2-elf/lib/mno-hw-mul\libstdc++.a(class_type_info.o)
                0x000000000004bed0                __cxxabiv1::__class_type_info::__do_upcast(__cxxabiv1::__class_type_info const*, void const*, __cxxabiv1::__class_type_info::__upcast_result&) const
 .text._ZNK10__cxxabiv117__class_type_info12__do_dyncastEiNS0_10__sub_kindEPKS0_PKvS3_S5_RNS0_16__dyncast_resultE
                0x000000000004bf3c       0xd0 c:/intelfpga_lite/18.1/nios2eds/bin/gnu/h-x86_64-mingw32/bin/../lib/gcc/nios2-elf/5.3.0/../../../../../H-x86_64-mingw32/nios2-elf/lib/mno-hw-mul\libstdc++.a(class_type_info.o)
                0x000000000004bf3c                __cxxabiv1::__class_type_info::__do_dyncast(int, __cxxabiv1::__class_type_info::__sub_kind, __cxxabiv1::__class_type_info const*, void const*, __cxxabiv1::__class_type_info const*, void const*, __cxxabiv1::__class_type_info::__dyncast_result&) const
 .text._ZNK10__cxxabiv117__class_type_info10__do_catchEPKSt9type_infoPPvj
                0x000000000004c00c       0xb8 c:/intelfpga_lite/18.1/nios2eds/bin/gnu/h-x86_64-mingw32/bin/../lib/gcc/nios2-elf/5.3.0/../../../../../H-x86_64-mingw32/nios2-elf/lib/mno-hw-mul\libstdc++.a(class_type_info.o)
                0x000000000004c00c                __cxxabiv1::__class_type_info::__do_catch(std::type_info const*, void**, unsigned int) const
 .text          0x000000000004c0c4        0x0 c:/intelfpga_lite/18.1/nios2eds/bin/gnu/h-x86_64-mingw32/bin/../lib/gcc/nios2-elf/5.3.0/../../../../../H-x86_64-mingw32/nios2-elf/lib/mno-hw-mul\libstdc++.a(eh_terminate.o)
 .text._ZN10__cxxabiv111__terminateEPFvvE
                0x000000000004c0c4       0xc0 c:/intelfpga_lite/18.1/nios2eds/bin/gnu/h-x86_64-mingw32/bin/../lib/gcc/nios2-elf/5.3.0/../../../../../H-x86_64-mingw32/nios2-elf/lib/mno-hw-mul\libstdc++.a(eh_terminate.o)
                0x000000000004c0c4                __cxxabiv1::__terminate(void (*)())
 .text._ZSt9terminatev
                0x000000000004c184       0x18 c:/intelfpga_lite/18.1/nios2eds/bin/gnu/h-x86_64-mingw32/bin/../lib/gcc/nios2-elf/5.3.0/../../../../../H-x86_64-mingw32/nios2-elf/lib/mno-hw-mul\libstdc++.a(eh_terminate.o)
                0x000000000004c184                std::terminate()
 .text._ZN10__cxxabiv112__unexpectedEPFvvE
                0x000000000004c19c       0x10 c:/intelfpga_lite/18.1/nios2eds/bin/gnu/h-x86_64-mingw32/bin/../lib/gcc/nios2-elf/5.3.0/../../../../../H-x86_64-mingw32/nios2-elf/lib/mno-hw-mul\libstdc++.a(eh_terminate.o)
                0x000000000004c19c                __cxxabiv1::__unexpected(void (*)())
 .text._ZSt10unexpectedv
                0x000000000004c1ac       0x18 c:/intelfpga_lite/18.1/nios2eds/bin/gnu/h-x86_64-mingw32/bin/../lib/gcc/nios2-elf/5.3.0/../../../../../H-x86_64-mingw32/nios2-elf/lib/mno-hw-mul\libstdc++.a(eh_terminate.o)
                0x000000000004c1ac                std::unexpected()
 .text._ZSt13set_terminatePFvvE
                0x000000000004c1c4       0x14 c:/intelfpga_lite/18.1/nios2eds/bin/gnu/h-x86_64-mingw32/bin/../lib/gcc/nios2-elf/5.3.0/../../../../../H-x86_64-mingw32/nios2-elf/lib/mno-hw-mul\libstdc++.a(eh_terminate.o)
                0x000000000004c1c4                std::set_terminate(void (*)())
 .text._ZSt13get_terminatev
                0x000000000004c1d8       0x10 c:/intelfpga_lite/18.1/nios2eds/bin/gnu/h-x86_64-mingw32/bin/../lib/gcc/nios2-elf/5.3.0/../../../../../H-x86_64-mingw32/nios2-elf/lib/mno-hw-mul\libstdc++.a(eh_terminate.o)
                0x000000000004c1d8                std::get_terminate()
 .text._ZSt14set_unexpectedPFvvE
                0x000000000004c1e8       0x14 c:/intelfpga_lite/18.1/nios2eds/bin/gnu/h-x86_64-mingw32/bin/../lib/gcc/nios2-elf/5.3.0/../../../../../H-x86_64-mingw32/nios2-elf/lib/mno-hw-mul\libstdc++.a(eh_terminate.o)
                0x000000000004c1e8                std::set_unexpected(void (*)())
 .text._ZSt14get_unexpectedv
                0x000000000004c1fc       0x10 c:/intelfpga_lite/18.1/nios2eds/bin/gnu/h-x86_64-mingw32/bin/../lib/gcc/nios2-elf/5.3.0/../../../../../H-x86_64-mingw32/nios2-elf/lib/mno-hw-mul\libstdc++.a(eh_terminate.o)
                0x000000000004c1fc                std::get_unexpected()
 .text          0x000000000004c20c        0x0 c:/intelfpga_lite/18.1/nios2eds/bin/gnu/h-x86_64-mingw32/bin/../lib/gcc/nios2-elf/5.3.0/../../../../../H-x86_64-mingw32/nios2-elf/lib/mno-hw-mul\libstdc++.a(eh_unex_handler.o)
 .text          0x000000000004c20c        0x0 c:/intelfpga_lite/18.1/nios2eds/bin/gnu/h-x86_64-mingw32/bin/../lib/gcc/nios2-elf/5.3.0/../../../../../H-x86_64-mingw32/nios2-elf/lib/mno-hw-mul\libstdc++.a(eh_term_handler.o)
 .text          0x000000000004c20c        0x0 c:/intelfpga_lite/18.1/nios2eds/bin/gnu/h-x86_64-mingw32/bin/../lib/gcc/nios2-elf/5.3.0/../../../../../H-x86_64-mingw32/nios2-elf/lib/mno-hw-mul\libstdc++.a(eh_personality.o)
 .text._ZL21size_of_encoded_valueh
                0x000000000004c20c       0xa4 c:/intelfpga_lite/18.1/nios2eds/bin/gnu/h-x86_64-mingw32/bin/../lib/gcc/nios2-elf/5.3.0/../../../../../H-x86_64-mingw32/nios2-elf/lib/mno-hw-mul\libstdc++.a(eh_personality.o)
 .text._ZL28read_encoded_value_with_basehjPKhPj
                0x000000000004c2b0      0x20c c:/intelfpga_lite/18.1/nios2eds/bin/gnu/h-x86_64-mingw32/bin/../lib/gcc/nios2-elf/5.3.0/../../../../../H-x86_64-mingw32/nios2-elf/lib/mno-hw-mul\libstdc++.a(eh_personality.o)
 .text._ZL15get_ttype_entryP16lsda_header_infom
                0x000000000004c4bc       0x54 c:/intelfpga_lite/18.1/nios2eds/bin/gnu/h-x86_64-mingw32/bin/../lib/gcc/nios2-elf/5.3.0/../../../../../H-x86_64-mingw32/nios2-elf/lib/mno-hw-mul\libstdc++.a(eh_personality.o)
 .text._ZL21base_of_encoded_valuehP15_Unwind_Context
                0x000000000004c510       0x8c c:/intelfpga_lite/18.1/nios2eds/bin/gnu/h-x86_64-mingw32/bin/../lib/gcc/nios2-elf/5.3.0/../../../../../H-x86_64-mingw32/nios2-elf/lib/mno-hw-mul\libstdc++.a(eh_personality.o)
 .text._ZL17parse_lsda_headerP15_Unwind_ContextPKhP16lsda_header_info
                0x000000000004c59c      0x134 c:/intelfpga_lite/18.1/nios2eds/bin/gnu/h-x86_64-mingw32/bin/../lib/gcc/nios2-elf/5.3.0/../../../../../H-x86_64-mingw32/nios2-elf/lib/mno-hw-mul\libstdc++.a(eh_personality.o)
 .text._ZL16get_adjusted_ptrPKSt9type_infoS1_PPv.constprop.3
                0x000000000004c6d0       0x88 c:/intelfpga_lite/18.1/nios2eds/bin/gnu/h-x86_64-mingw32/bin/../lib/gcc/nios2-elf/5.3.0/../../../../../H-x86_64-mingw32/nios2-elf/lib/mno-hw-mul\libstdc++.a(eh_personality.o)
 .text.unlikely._ZL28check_compact_exception_specPKSt9type_infoPvPKhij
                0x000000000004c758      0x22c c:/intelfpga_lite/18.1/nios2eds/bin/gnu/h-x86_64-mingw32/bin/../lib/gcc/nios2-elf/5.3.0/../../../../../H-x86_64-mingw32/nios2-elf/lib/mno-hw-mul\libstdc++.a(eh_personality.o)
 .text._ZL20check_exception_specP16lsda_header_infoPKSt9type_infoPvl
                0x000000000004c984       0xa8 c:/intelfpga_lite/18.1/nios2eds/bin/gnu/h-x86_64-mingw32/bin/../lib/gcc/nios2-elf/5.3.0/../../../../../H-x86_64-mingw32/nios2-elf/lib/mno-hw-mul\libstdc++.a(eh_personality.o)
 .text.__gxx_personality_sj0
                0x000000000004ca2c      0x600 c:/intelfpga_lite/18.1/nios2eds/bin/gnu/h-x86_64-mingw32/bin/../lib/gcc/nios2-elf/5.3.0/../../../../../H-x86_64-mingw32/nios2-elf/lib/mno-hw-mul\libstdc++.a(eh_personality.o)
                0x000000000004ca2c                __gxx_personality_sj0
 .text.__cxa_call_unexpected
                0x000000000004d02c      0x230 c:/intelfpga_lite/18.1/nios2eds/bin/gnu/h-x86_64-mingw32/bin/../lib/gcc/nios2-elf/5.3.0/../../../../../H-x86_64-mingw32/nios2-elf/lib/mno-hw-mul\libstdc++.a(eh_personality.o)
                0x000000000004d02c                __cxa_call_unexpected
 .text          0x000000000004d25c        0x0 c:/intelfpga_lite/18.1/nios2eds/bin/gnu/h-x86_64-mingw32/bin/../lib/gcc/nios2-elf/5.3.0/../../../../../H-x86_64-mingw32/nios2-elf/lib/mno-hw-mul\libstdc++.a(eh_throw.o)
 .text._ZL23__gxx_exception_cleanup19_Unwind_Reason_CodeP17_Unwind_Exception
                0x000000000004d25c       0x44 c:/intelfpga_lite/18.1/nios2eds/bin/gnu/h-x86_64-mingw32/bin/../lib/gcc/nios2-elf/5.3.0/../../../../../H-x86_64-mingw32/nios2-elf/lib/mno-hw-mul\libstdc++.a(eh_throw.o)
 .text.__cxa_throw
                0x000000000004d2a0       0x90 c:/intelfpga_lite/18.1/nios2eds/bin/gnu/h-x86_64-mingw32/bin/../lib/gcc/nios2-elf/5.3.0/../../../../../H-x86_64-mingw32/nios2-elf/lib/mno-hw-mul\libstdc++.a(eh_throw.o)
                0x000000000004d2a0                __cxa_throw
 .text.__cxa_rethrow
                0x000000000004d330       0x84 c:/intelfpga_lite/18.1/nios2eds/bin/gnu/h-x86_64-mingw32/bin/../lib/gcc/nios2-elf/5.3.0/../../../../../H-x86_64-mingw32/nios2-elf/lib/mno-hw-mul\libstdc++.a(eh_throw.o)
                0x000000000004d330                __cxa_rethrow
 .text          0x000000000004d3b4        0x0 c:/intelfpga_lite/18.1/nios2eds/bin/gnu/h-x86_64-mingw32/bin/../lib/gcc/nios2-elf/5.3.0/../../../../../H-x86_64-mingw32/nios2-elf/lib/mno-hw-mul\libstdc++.a(eh_catch.o)
 .text.__cxa_get_exception_ptr
                0x000000000004d3b4        0x8 c:/intelfpga_lite/18.1/nios2eds/bin/gnu/h-x86_64-mingw32/bin/../lib/gcc/nios2-elf/5.3.0/../../../../../H-x86_64-mingw32/nios2-elf/lib/mno-hw-mul\libstdc++.a(eh_catch.o)
                0x000000000004d3b4                __cxa_get_exception_ptr
 .text.__cxa_begin_catch
                0x000000000004d3bc       0xb4 c:/intelfpga_lite/18.1/nios2eds/bin/gnu/h-x86_64-mingw32/bin/../lib/gcc/nios2-elf/5.3.0/../../../../../H-x86_64-mingw32/nios2-elf/lib/mno-hw-mul\libstdc++.a(eh_catch.o)
                0x000000000004d3bc                __cxa_begin_catch
 .text.__cxa_end_catch
                0x000000000004d470       0xb4 c:/intelfpga_lite/18.1/nios2eds/bin/gnu/h-x86_64-mingw32/bin/../lib/gcc/nios2-elf/5.3.0/../../../../../H-x86_64-mingw32/nios2-elf/lib/mno-hw-mul\libstdc++.a(eh_catch.o)
                0x000000000004d470                __cxa_end_catch
 .text._ZSt18uncaught_exceptionv
                0x000000000004d524       0x20 c:/intelfpga_lite/18.1/nios2eds/bin/gnu/h-x86_64-mingw32/bin/../lib/gcc/nios2-elf/5.3.0/../../../../../H-x86_64-mingw32/nios2-elf/lib/mno-hw-mul\libstdc++.a(eh_catch.o)
                0x000000000004d524                std::uncaught_exception()
 .text          0x000000000004d544        0x0 c:/intelfpga_lite/18.1/nios2eds/bin/gnu/h-x86_64-mingw32/bin/../lib/gcc/nios2-elf/5.3.0/../../../../../H-x86_64-mingw32/nios2-elf/lib/mno-hw-mul\libstdc++.a(eh_alloc.o)
 .text._ZN12_GLOBAL__N_14pool4freeEPv.constprop.4
                0x000000000004d544       0xb8 c:/intelfpga_lite/18.1/nios2eds/bin/gnu/h-x86_64-mingw32/bin/../lib/gcc/nios2-elf/5.3.0/../../../../../H-x86_64-mingw32/nios2-elf/lib/mno-hw-mul\libstdc++.a(eh_alloc.o)
 .text._ZN12_GLOBAL__N_14pool8allocateEj.constprop.5
                0x000000000004d5fc       0xa8 c:/intelfpga_lite/18.1/nios2eds/bin/gnu/h-x86_64-mingw32/bin/../lib/gcc/nios2-elf/5.3.0/../../../../../H-x86_64-mingw32/nios2-elf/lib/mno-hw-mul\libstdc++.a(eh_alloc.o)
 .text.__cxa_allocate_exception
                0x000000000004d6a4       0x60 c:/intelfpga_lite/18.1/nios2eds/bin/gnu/h-x86_64-mingw32/bin/../lib/gcc/nios2-elf/5.3.0/../../../../../H-x86_64-mingw32/nios2-elf/lib/mno-hw-mul\libstdc++.a(eh_alloc.o)
                0x000000000004d6a4                __cxa_allocate_exception
 .text.__cxa_free_exception
                0x000000000004d704       0x28 c:/intelfpga_lite/18.1/nios2eds/bin/gnu/h-x86_64-mingw32/bin/../lib/gcc/nios2-elf/5.3.0/../../../../../H-x86_64-mingw32/nios2-elf/lib/mno-hw-mul\libstdc++.a(eh_alloc.o)
                0x000000000004d704                __cxa_free_exception
 .text.__cxa_allocate_dependent_exception
                0x000000000004d72c       0x54 c:/intelfpga_lite/18.1/nios2eds/bin/gnu/h-x86_64-mingw32/bin/../lib/gcc/nios2-elf/5.3.0/../../../../../H-x86_64-mingw32/nios2-elf/lib/mno-hw-mul\libstdc++.a(eh_alloc.o)
                0x000000000004d72c                __cxa_allocate_dependent_exception
 .text.__cxa_free_dependent_exception
                0x000000000004d780       0x2c c:/intelfpga_lite/18.1/nios2eds/bin/gnu/h-x86_64-mingw32/bin/../lib/gcc/nios2-elf/5.3.0/../../../../../H-x86_64-mingw32/nios2-elf/lib/mno-hw-mul\libstdc++.a(eh_alloc.o)
                0x000000000004d780                __cxa_free_dependent_exception
 .text.startup._GLOBAL__sub_I___cxa_allocate_exception
                0x000000000004d7ac       0x5c c:/intelfpga_lite/18.1/nios2eds/bin/gnu/h-x86_64-mingw32/bin/../lib/gcc/nios2-elf/5.3.0/../../../../../H-x86_64-mingw32/nios2-elf/lib/mno-hw-mul\libstdc++.a(eh_alloc.o)
 .text          0x000000000004d808        0x0 c:/intelfpga_lite/18.1/nios2eds/bin/gnu/h-x86_64-mingw32/bin/../lib/gcc/nios2-elf/5.3.0/../../../../../H-x86_64-mingw32/nios2-elf/lib/mno-hw-mul\libstdc++.a(eh_call.o)
 .text.__cxa_call_terminate
                0x000000000004d808       0x58 c:/intelfpga_lite/18.1/nios2eds/bin/gnu/h-x86_64-mingw32/bin/../lib/gcc/nios2-elf/5.3.0/../../../../../H-x86_64-mingw32/nios2-elf/lib/mno-hw-mul\libstdc++.a(eh_call.o)
                0x000000000004d808                __cxa_call_terminate
 .text          0x000000000004d860        0x0 c:/intelfpga_lite/18.1/nios2eds/bin/gnu/h-x86_64-mingw32/bin/../lib/gcc/nios2-elf/5.3.0/../../../../../H-x86_64-mingw32/nios2-elf/lib/mno-hw-mul\libstdc++.a(eh_globals.o)
 .text.__cxa_get_globals_fast
                0x000000000004d860        0xc c:/intelfpga_lite/18.1/nios2eds/bin/gnu/h-x86_64-mingw32/bin/../lib/gcc/nios2-elf/5.3.0/../../../../../H-x86_64-mingw32/nios2-elf/lib/mno-hw-mul\libstdc++.a(eh_globals.o)
                0x000000000004d860                __cxa_get_globals_fast
 .text.__cxa_get_globals
                0x000000000004d86c        0xc c:/intelfpga_lite/18.1/nios2eds/bin/gnu/h-x86_64-mingw32/bin/../lib/gcc/nios2-elf/5.3.0/../../../../../H-x86_64-mingw32/nios2-elf/lib/mno-hw-mul\libstdc++.a(eh_globals.o)
                0x000000000004d86c                __cxa_get_globals
 .text          0x000000000004d878        0x0 c:/intelfpga_lite/18.1/nios2eds/bin/gnu/h-x86_64-mingw32/bin/../lib/gcc/nios2-elf/5.3.0/../../../../../H-x86_64-mingw32/nios2-elf/lib/mno-hw-mul\libstdc++.a(eh_exception.o)
 .text._ZNSt9exceptionD2Ev
                0x000000000004d878        0x4 c:/intelfpga_lite/18.1/nios2eds/bin/gnu/h-x86_64-mingw32/bin/../lib/gcc/nios2-elf/5.3.0/../../../../../H-x86_64-mingw32/nios2-elf/lib/mno-hw-mul\libstdc++.a(eh_exception.o)
                0x000000000004d878                std::exception::~exception()
                0x000000000004d878                std::exception::~exception()
 .text._ZNSt13bad_exceptionD2Ev
                0x000000000004d87c        0x4 c:/intelfpga_lite/18.1/nios2eds/bin/gnu/h-x86_64-mingw32/bin/../lib/gcc/nios2-elf/5.3.0/../../../../../H-x86_64-mingw32/nios2-elf/lib/mno-hw-mul\libstdc++.a(eh_exception.o)
                0x000000000004d87c                std::bad_exception::~bad_exception()
                0x000000000004d87c                std::bad_exception::~bad_exception()
 .text._ZNKSt9exception4whatEv
                0x000000000004d880        0xc c:/intelfpga_lite/18.1/nios2eds/bin/gnu/h-x86_64-mingw32/bin/../lib/gcc/nios2-elf/5.3.0/../../../../../H-x86_64-mingw32/nios2-elf/lib/mno-hw-mul\libstdc++.a(eh_exception.o)
                0x000000000004d880                std::exception::what() const
 .text._ZNKSt13bad_exception4whatEv
                0x000000000004d88c        0xc c:/intelfpga_lite/18.1/nios2eds/bin/gnu/h-x86_64-mingw32/bin/../lib/gcc/nios2-elf/5.3.0/../../../../../H-x86_64-mingw32/nios2-elf/lib/mno-hw-mul\libstdc++.a(eh_exception.o)
                0x000000000004d88c                std::bad_exception::what() const
 .text._ZNSt9exceptionD0Ev
                0x000000000004d898        0x4 c:/intelfpga_lite/18.1/nios2eds/bin/gnu/h-x86_64-mingw32/bin/../lib/gcc/nios2-elf/5.3.0/../../../../../H-x86_64-mingw32/nios2-elf/lib/mno-hw-mul\libstdc++.a(eh_exception.o)
                0x000000000004d898                std::exception::~exception()
 .text._ZNSt13bad_exceptionD0Ev
                0x000000000004d89c        0x4 c:/intelfpga_lite/18.1/nios2eds/bin/gnu/h-x86_64-mingw32/bin/../lib/gcc/nios2-elf/5.3.0/../../../../../H-x86_64-mingw32/nios2-elf/lib/mno-hw-mul\libstdc++.a(eh_exception.o)
                0x000000000004d89c                std::bad_exception::~bad_exception()
 .text._ZN10__cxxabiv115__forced_unwindD2Ev
                0x000000000004d8a0        0x4 c:/intelfpga_lite/18.1/nios2eds/bin/gnu/h-x86_64-mingw32/bin/../lib/gcc/nios2-elf/5.3.0/../../../../../H-x86_64-mingw32/nios2-elf/lib/mno-hw-mul\libstdc++.a(eh_exception.o)
                0x000000000004d8a0                __cxxabiv1::__forced_unwind::~__forced_unwind()
                0x000000000004d8a0                __cxxabiv1::__forced_unwind::~__forced_unwind()
 .text._ZN10__cxxabiv115__forced_unwindD0Ev
                0x000000000004d8a4        0x4 c:/intelfpga_lite/18.1/nios2eds/bin/gnu/h-x86_64-mingw32/bin/../lib/gcc/nios2-elf/5.3.0/../../../../../H-x86_64-mingw32/nios2-elf/lib/mno-hw-mul\libstdc++.a(eh_exception.o)
                0x000000000004d8a4                __cxxabiv1::__forced_unwind::~__forced_unwind()
 .text._ZN10__cxxabiv119__foreign_exceptionD2Ev
                0x000000000004d8a8        0x4 c:/intelfpga_lite/18.1/nios2eds/bin/gnu/h-x86_64-mingw32/bin/../lib/gcc/nios2-elf/5.3.0/../../../../../H-x86_64-mingw32/nios2-elf/lib/mno-hw-mul\libstdc++.a(eh_exception.o)
                0x000000000004d8a8                __cxxabiv1::__foreign_exception::~__foreign_exception()
                0x000000000004d8a8                __cxxabiv1::__foreign_exception::~__foreign_exception()
 .text._ZN10__cxxabiv119__foreign_exceptionD0Ev
                0x000000000004d8ac        0x4 c:/intelfpga_lite/18.1/nios2eds/bin/gnu/h-x86_64-mingw32/bin/../lib/gcc/nios2-elf/5.3.0/../../../../../H-x86_64-mingw32/nios2-elf/lib/mno-hw-mul\libstdc++.a(eh_exception.o)
                0x000000000004d8ac                __cxxabiv1::__foreign_exception::~__foreign_exception()
 .text          0x000000000004d8b0       0x60 c:/intelfpga_lite/18.1/nios2eds/bin/gnu/h-x86_64-mingw32/bin/../lib/gcc/nios2-elf/5.3.0/mno-hw-mul\libgcc.a(_fixunssfsi.o)
                0x000000000004d8b0                __fixunssfsi
 .text          0x000000000004d910      0x1b4 c:/intelfpga_lite/18.1/nios2eds/bin/gnu/h-x86_64-mingw32/bin/../lib/gcc/nios2-elf/5.3.0/mno-hw-mul\libgcc.a(lib2-divmod.o)
                0x000000000004d910                __divsi3
                0x000000000004d994                __modsi3
                0x000000000004da08                __udivsi3
                0x000000000004da6c                __umodsi3
 .text          0x000000000004dac4       0x28 c:/intelfpga_lite/18.1/nios2eds/bin/gnu/h-x86_64-mingw32/bin/../lib/gcc/nios2-elf/5.3.0/mno-hw-mul\libgcc.a(lib2-mul.o)
                0x000000000004dac4                __mulsi3
 .text          0x000000000004daec      0x4c8 c:/intelfpga_lite/18.1/nios2eds/bin/gnu/h-x86_64-mingw32/bin/../lib/gcc/nios2-elf/5.3.0/mno-hw-mul\libgcc.a(addsf3.o)
                0x000000000004daec                __addsf3
 .text          0x000000000004dfb4      0x440 c:/intelfpga_lite/18.1/nios2eds/bin/gnu/h-x86_64-mingw32/bin/../lib/gcc/nios2-elf/5.3.0/mno-hw-mul\libgcc.a(divsf3.o)
                0x000000000004dfb4                __divsf3
 .text          0x000000000004e3f4       0xbc c:/intelfpga_lite/18.1/nios2eds/bin/gnu/h-x86_64-mingw32/bin/../lib/gcc/nios2-elf/5.3.0/mno-hw-mul\libgcc.a(gesf2.o)
                0x000000000004e3f4                __gesf2
                0x000000000004e3f4                __gtsf2
 .text          0x000000000004e4b0      0x430 c:/intelfpga_lite/18.1/nios2eds/bin/gnu/h-x86_64-mingw32/bin/../lib/gcc/nios2-elf/5.3.0/mno-hw-mul\libgcc.a(mulsf3.o)
                0x000000000004e4b0                __mulsf3
 .text          0x000000000004e8e0      0x4e4 c:/intelfpga_lite/18.1/nios2eds/bin/gnu/h-x86_64-mingw32/bin/../lib/gcc/nios2-elf/5.3.0/mno-hw-mul\libgcc.a(subsf3.o)
                0x000000000004e8e0                __subsf3
 .text          0x000000000004edc4       0x70 c:/intelfpga_lite/18.1/nios2eds/bin/gnu/h-x86_64-mingw32/bin/../lib/gcc/nios2-elf/5.3.0/mno-hw-mul\libgcc.a(fixsfsi.o)
                0x000000000004edc4                __fixsfsi
 .text          0x000000000004ee34      0x124 c:/intelfpga_lite/18.1/nios2eds/bin/gnu/h-x86_64-mingw32/bin/../lib/gcc/nios2-elf/5.3.0/mno-hw-mul\libgcc.a(floatsisf.o)
                0x000000000004ee34                __floatsisf
 .text          0x000000000004ef58       0xf0 c:/intelfpga_lite/18.1/nios2eds/bin/gnu/h-x86_64-mingw32/bin/../lib/gcc/nios2-elf/5.3.0/mno-hw-mul\libgcc.a(floatunsisf.o)
                0x000000000004ef58                __floatunsisf
 .text          0x000000000004f048      0x520 c:/intelfpga_lite/18.1/nios2eds/bin/gnu/h-x86_64-mingw32/bin/../lib/gcc/nios2-elf/5.3.0/mno-hw-mul\libgcc.a(unwind-sjlj.o)
                0x000000000004f250                _Unwind_SjLj_Register
                0x000000000004f268                _Unwind_SjLj_Unregister
                0x000000000004f27c                _Unwind_GetGR
                0x000000000004f298                _Unwind_GetCFA
                0x000000000004f2b0                _Unwind_SetGR
                0x000000000004f2cc                _Unwind_GetIP
                0x000000000004f2dc                _Unwind_GetIPInfo
                0x000000000004f2fc                _Unwind_SetIP
                0x000000000004f30c                _Unwind_GetLanguageSpecificData
                0x000000000004f318                _Unwind_GetRegionStart
                0x000000000004f320                _Unwind_FindEnclosingFunction
                0x000000000004f328                _Unwind_GetDataRelBase
                0x000000000004f330                _Unwind_GetTextRelBase
                0x000000000004f338                _Unwind_SjLj_RaiseException
                0x000000000004f408                _Unwind_SjLj_ForcedUnwind
                0x000000000004f44c                _Unwind_SjLj_Resume
                0x000000000004f490                _Unwind_SjLj_Resume_or_Rethrow
                0x000000000004f4dc                _Unwind_DeleteException
                0x000000000004f4f4                _Unwind_Backtrace
 .text          0x000000000004f568       0x64 c:/intelfpga_lite/18.1/nios2eds/bin/gnu/h-x86_64-mingw32/bin/../lib/gcc/nios2-elf/5.3.0/mno-hw-mul\libgcc.a(_clzsi2.o)
                0x000000000004f568                __clzsi2
 .text          0x000000000004f5cc        0x0 c:/intelfpga_lite/18.1/nios2eds/bin/gnu/h-x86_64-mingw32/bin/../lib/gcc/nios2-elf/5.3.0/mno-hw-mul\libgcc.a(_clz.o)
 .text          0x000000000004f5cc        0x0 c:/intelfpga_lite/18.1/nios2eds/bin/gnu/h-x86_64-mingw32/bin/../lib/gcc/nios2-elf/5.3.0/../../../../../H-x86_64-mingw32/nios2-elf/lib/mno-hw-mul\libc.a(lib_a-abort.o)
 .text.abort    0x000000000004f5cc       0x18 c:/intelfpga_lite/18.1/nios2eds/bin/gnu/h-x86_64-mingw32/bin/../lib/gcc/nios2-elf/5.3.0/../../../../../H-x86_64-mingw32/nios2-elf/lib/mno-hw-mul\libc.a(lib_a-abort.o)
                0x000000000004f5cc                abort
 .text          0x000000000004f5e4        0x0 c:/intelfpga_lite/18.1/nios2eds/bin/gnu/h-x86_64-mingw32/bin/../lib/gcc/nios2-elf/5.3.0/../../../../../H-x86_64-mingw32/nios2-elf/lib/mno-hw-mul\libc.a(lib_a-clock.o)
 .text.clock    0x000000000004f5e4       0x4c c:/intelfpga_lite/18.1/nios2eds/bin/gnu/h-x86_64-mingw32/bin/../lib/gcc/nios2-elf/5.3.0/../../../../../H-x86_64-mingw32/nios2-elf/lib/mno-hw-mul\libc.a(lib_a-clock.o)
                0x000000000004f5e4                clock
 .text          0x000000000004f630        0x0 c:/intelfpga_lite/18.1/nios2eds/bin/gnu/h-x86_64-mingw32/bin/../lib/gcc/nios2-elf/5.3.0/../../../../../H-x86_64-mingw32/nios2-elf/lib/mno-hw-mul\libc.a(lib_a-impure.o)
 .text          0x000000000004f630        0x0 c:/intelfpga_lite/18.1/nios2eds/bin/gnu/h-x86_64-mingw32/bin/../lib/gcc/nios2-elf/5.3.0/../../../../../H-x86_64-mingw32/nios2-elf/lib/mno-hw-mul\libc.a(lib_a-malloc.o)
 .text.malloc   0x000000000004f630       0x14 c:/intelfpga_lite/18.1/nios2eds/bin/gnu/h-x86_64-mingw32/bin/../lib/gcc/nios2-elf/5.3.0/../../../../../H-x86_64-mingw32/nios2-elf/lib/mno-hw-mul\libc.a(lib_a-malloc.o)
                0x000000000004f630                malloc
 .text.free     0x000000000004f644       0x14 c:/intelfpga_lite/18.1/nios2eds/bin/gnu/h-x86_64-mingw32/bin/../lib/gcc/nios2-elf/5.3.0/../../../../../H-x86_64-mingw32/nios2-elf/lib/mno-hw-mul\libc.a(lib_a-malloc.o)
                0x000000000004f644                free
 .text          0x000000000004f658        0x0 c:/intelfpga_lite/18.1/nios2eds/bin/gnu/h-x86_64-mingw32/bin/../lib/gcc/nios2-elf/5.3.0/../../../../../H-x86_64-mingw32/nios2-elf/lib/mno-hw-mul\libc.a(lib_a-mallocr.o)
 .text._malloc_r
                0x000000000004f658      0x80c c:/intelfpga_lite/18.1/nios2eds/bin/gnu/h-x86_64-mingw32/bin/../lib/gcc/nios2-elf/5.3.0/../../../../../H-x86_64-mingw32/nios2-elf/lib/mno-hw-mul\libc.a(lib_a-mallocr.o)
                0x000000000004f658                _malloc_r
 .text          0x000000000004fe64        0x0 c:/intelfpga_lite/18.1/nios2eds/bin/gnu/h-x86_64-mingw32/bin/../lib/gcc/nios2-elf/5.3.0/../../../../../H-x86_64-mingw32/nios2-elf/lib/mno-hw-mul\libc.a(lib_a-memcpy.o)
 .text.memcpy   0x000000000004fe64      0x148 c:/intelfpga_lite/18.1/nios2eds/bin/gnu/h-x86_64-mingw32/bin/../lib/gcc/nios2-elf/5.3.0/../../../../../H-x86_64-mingw32/nios2-elf/lib/mno-hw-mul\libc.a(lib_a-memcpy.o)
                0x000000000004fe64                memcpy
 .text          0x000000000004ffac        0x0 c:/intelfpga_lite/18.1/nios2eds/bin/gnu/h-x86_64-mingw32/bin/../lib/gcc/nios2-elf/5.3.0/../../../../../H-x86_64-mingw32/nios2-elf/lib/mno-hw-mul\libc.a(lib_a-memset.o)
 .text.memset   0x000000000004ffac      0x128 c:/intelfpga_lite/18.1/nios2eds/bin/gnu/h-x86_64-mingw32/bin/../lib/gcc/nios2-elf/5.3.0/../../../../../H-x86_64-mingw32/nios2-elf/lib/mno-hw-mul\libc.a(lib_a-memset.o)
                0x000000000004ffac                memset
 .text          0x00000000000500d4        0x0 c:/intelfpga_lite/18.1/nios2eds/bin/gnu/h-x86_64-mingw32/bin/../lib/gcc/nios2-elf/5.3.0/../../../../../H-x86_64-mingw32/nios2-elf/lib/mno-hw-mul\libc.a(lib_a-printf.o)
 .text._printf_r
                0x00000000000500d4       0x30 c:/intelfpga_lite/18.1/nios2eds/bin/gnu/h-x86_64-mingw32/bin/../lib/gcc/nios2-elf/5.3.0/../../../../../H-x86_64-mingw32/nios2-elf/lib/mno-hw-mul\libc.a(lib_a-printf.o)
                0x00000000000500d4                _printf_r
 .text.printf   0x0000000000050104       0x3c c:/intelfpga_lite/18.1/nios2eds/bin/gnu/h-x86_64-mingw32/bin/../lib/gcc/nios2-elf/5.3.0/../../../../../H-x86_64-mingw32/nios2-elf/lib/mno-hw-mul\libc.a(lib_a-printf.o)
                0x0000000000050104                printf
 .text          0x0000000000050140        0x0 c:/intelfpga_lite/18.1/nios2eds/bin/gnu/h-x86_64-mingw32/bin/../lib/gcc/nios2-elf/5.3.0/../../../../../H-x86_64-mingw32/nios2-elf/lib/mno-hw-mul\libc.a(lib_a-putchar.o)
 .text._putchar_r
                0x0000000000050140        0x8 c:/intelfpga_lite/18.1/nios2eds/bin/gnu/h-x86_64-mingw32/bin/../lib/gcc/nios2-elf/5.3.0/../../../../../H-x86_64-mingw32/nios2-elf/lib/mno-hw-mul\libc.a(lib_a-putchar.o)
                0x0000000000050140                _putchar_r
 .text.putchar  0x0000000000050148       0x18 c:/intelfpga_lite/18.1/nios2eds/bin/gnu/h-x86_64-mingw32/bin/../lib/gcc/nios2-elf/5.3.0/../../../../../H-x86_64-mingw32/nios2-elf/lib/mno-hw-mul\libc.a(lib_a-putchar.o)
                0x0000000000050148                putchar
 .text          0x0000000000050160        0x0 c:/intelfpga_lite/18.1/nios2eds/bin/gnu/h-x86_64-mingw32/bin/../lib/gcc/nios2-elf/5.3.0/../../../../../H-x86_64-mingw32/nios2-elf/lib/mno-hw-mul\libc.a(lib_a-puts.o)
 .text._puts_r  0x0000000000050160       0xc0 c:/intelfpga_lite/18.1/nios2eds/bin/gnu/h-x86_64-mingw32/bin/../lib/gcc/nios2-elf/5.3.0/../../../../../H-x86_64-mingw32/nios2-elf/lib/mno-hw-mul\libc.a(lib_a-puts.o)
                0x0000000000050160                _puts_r
 .text.puts     0x0000000000050220       0x14 c:/intelfpga_lite/18.1/nios2eds/bin/gnu/h-x86_64-mingw32/bin/../lib/gcc/nios2-elf/5.3.0/../../../../../H-x86_64-mingw32/nios2-elf/lib/mno-hw-mul\libc.a(lib_a-puts.o)
                0x0000000000050220                puts
 .text          0x0000000000050234        0x0 c:/intelfpga_lite/18.1/nios2eds/bin/gnu/h-x86_64-mingw32/bin/../lib/gcc/nios2-elf/5.3.0/../../../../../H-x86_64-mingw32/nios2-elf/lib/mno-hw-mul\libc.a(lib_a-sbrkr.o)
 .text._sbrk_r  0x0000000000050234       0x54 c:/intelfpga_lite/18.1/nios2eds/bin/gnu/h-x86_64-mingw32/bin/../lib/gcc/nios2-elf/5.3.0/../../../../../H-x86_64-mingw32/nios2-elf/lib/mno-hw-mul\libc.a(lib_a-sbrkr.o)
                0x0000000000050234                _sbrk_r
 .text          0x0000000000050288        0x0 c:/intelfpga_lite/18.1/nios2eds/bin/gnu/h-x86_64-mingw32/bin/../lib/gcc/nios2-elf/5.3.0/../../../../../H-x86_64-mingw32/nios2-elf/lib/mno-hw-mul\libc.a(lib_a-signal.o)
 .text._init_signal_r
                0x0000000000050288       0x6c c:/intelfpga_lite/18.1/nios2eds/bin/gnu/h-x86_64-mingw32/bin/../lib/gcc/nios2-elf/5.3.0/../../../../../H-x86_64-mingw32/nios2-elf/lib/mno-hw-mul\libc.a(lib_a-signal.o)
                0x0000000000050288                _init_signal_r
 .text._signal_r
                0x00000000000502f4       0x84 c:/intelfpga_lite/18.1/nios2eds/bin/gnu/h-x86_64-mingw32/bin/../lib/gcc/nios2-elf/5.3.0/../../../../../H-x86_64-mingw32/nios2-elf/lib/mno-hw-mul\libc.a(lib_a-signal.o)
                0x00000000000502f4                _signal_r
 .text._raise_r
                0x0000000000050378       0xbc c:/intelfpga_lite/18.1/nios2eds/bin/gnu/h-x86_64-mingw32/bin/../lib/gcc/nios2-elf/5.3.0/../../../../../H-x86_64-mingw32/nios2-elf/lib/mno-hw-mul\libc.a(lib_a-signal.o)
                0x0000000000050378                _raise_r
 .text.__sigtramp_r
                0x0000000000050434       0xa8 c:/intelfpga_lite/18.1/nios2eds/bin/gnu/h-x86_64-mingw32/bin/../lib/gcc/nios2-elf/5.3.0/../../../../../H-x86_64-mingw32/nios2-elf/lib/mno-hw-mul\libc.a(lib_a-signal.o)
                0x0000000000050434                __sigtramp_r
 .text.raise    0x00000000000504dc       0x14 c:/intelfpga_lite/18.1/nios2eds/bin/gnu/h-x86_64-mingw32/bin/../lib/gcc/nios2-elf/5.3.0/../../../../../H-x86_64-mingw32/nios2-elf/lib/mno-hw-mul\libc.a(lib_a-signal.o)
                0x00000000000504dc                raise
 .text.signal   0x00000000000504f0       0x18 c:/intelfpga_lite/18.1/nios2eds/bin/gnu/h-x86_64-mingw32/bin/../lib/gcc/nios2-elf/5.3.0/../../../../../H-x86_64-mingw32/nios2-elf/lib/mno-hw-mul\libc.a(lib_a-signal.o)
                0x00000000000504f0                signal
 .text._init_signal
                0x0000000000050508       0x10 c:/intelfpga_lite/18.1/nios2eds/bin/gnu/h-x86_64-mingw32/bin/../lib/gcc/nios2-elf/5.3.0/../../../../../H-x86_64-mingw32/nios2-elf/lib/mno-hw-mul\libc.a(lib_a-signal.o)
                0x0000000000050508                _init_signal
 .text.__sigtramp
                0x0000000000050518       0x14 c:/intelfpga_lite/18.1/nios2eds/bin/gnu/h-x86_64-mingw32/bin/../lib/gcc/nios2-elf/5.3.0/../../../../../H-x86_64-mingw32/nios2-elf/lib/mno-hw-mul\libc.a(lib_a-signal.o)
                0x0000000000050518                __sigtramp
 .text          0x000000000005052c        0x0 c:/intelfpga_lite/18.1/nios2eds/bin/gnu/h-x86_64-mingw32/bin/../lib/gcc/nios2-elf/5.3.0/../../../../../H-x86_64-mingw32/nios2-elf/lib/mno-hw-mul\libc.a(lib_a-signalr.o)
 .text._kill_r  0x000000000005052c       0x5c c:/intelfpga_lite/18.1/nios2eds/bin/gnu/h-x86_64-mingw32/bin/../lib/gcc/nios2-elf/5.3.0/../../../../../H-x86_64-mingw32/nios2-elf/lib/mno-hw-mul\libc.a(lib_a-signalr.o)
                0x000000000005052c                _kill_r
 .text._getpid_r
                0x0000000000050588        0x4 c:/intelfpga_lite/18.1/nios2eds/bin/gnu/h-x86_64-mingw32/bin/../lib/gcc/nios2-elf/5.3.0/../../../../../H-x86_64-mingw32/nios2-elf/lib/mno-hw-mul\libc.a(lib_a-signalr.o)
                0x0000000000050588                _getpid_r
 .text          0x000000000005058c        0x0 c:/intelfpga_lite/18.1/nios2eds/bin/gnu/h-x86_64-mingw32/bin/../lib/gcc/nios2-elf/5.3.0/../../../../../H-x86_64-mingw32/nios2-elf/lib/mno-hw-mul\libc.a(lib_a-sprintf.o)
 .text._sprintf_r
                0x000000000005058c       0x58 c:/intelfpga_lite/18.1/nios2eds/bin/gnu/h-x86_64-mingw32/bin/../lib/gcc/nios2-elf/5.3.0/../../../../../H-x86_64-mingw32/nios2-elf/lib/mno-hw-mul\libc.a(lib_a-sprintf.o)
                0x000000000005058c                _sprintf_r
 .text.sprintf  0x00000000000505e4       0x6c c:/intelfpga_lite/18.1/nios2eds/bin/gnu/h-x86_64-mingw32/bin/../lib/gcc/nios2-elf/5.3.0/../../../../../H-x86_64-mingw32/nios2-elf/lib/mno-hw-mul\libc.a(lib_a-sprintf.o)
                0x00000000000505e4                sprintf
 .text          0x0000000000050650        0x0 c:/intelfpga_lite/18.1/nios2eds/bin/gnu/h-x86_64-mingw32/bin/../lib/gcc/nios2-elf/5.3.0/../../../../../H-x86_64-mingw32/nios2-elf/lib/mno-hw-mul\libc.a(lib_a-strcmp.o)
 .text.strcmp   0x0000000000050650       0xdc c:/intelfpga_lite/18.1/nios2eds/bin/gnu/h-x86_64-mingw32/bin/../lib/gcc/nios2-elf/5.3.0/../../../../../H-x86_64-mingw32/nios2-elf/lib/mno-hw-mul\libc.a(lib_a-strcmp.o)
                0x0000000000050650                strcmp
 .text          0x000000000005072c        0x0 c:/intelfpga_lite/18.1/nios2eds/bin/gnu/h-x86_64-mingw32/bin/../lib/gcc/nios2-elf/5.3.0/../../../../../H-x86_64-mingw32/nios2-elf/lib/mno-hw-mul\libc.a(lib_a-strlen.o)
 .text.strlen   0x000000000005072c       0x98 c:/intelfpga_lite/18.1/nios2eds/bin/gnu/h-x86_64-mingw32/bin/../lib/gcc/nios2-elf/5.3.0/../../../../../H-x86_64-mingw32/nios2-elf/lib/mno-hw-mul\libc.a(lib_a-strlen.o)
                0x000000000005072c                strlen
 .text          0x00000000000507c4        0x0 c:/intelfpga_lite/18.1/nios2eds/bin/gnu/h-x86_64-mingw32/bin/../lib/gcc/nios2-elf/5.3.0/../../../../../H-x86_64-mingw32/nios2-elf/lib/mno-hw-mul\libc.a(lib_a-svfprintf.o)
 .text.___svfprintf_internal_r
                0x00000000000507c4     0x22bc c:/intelfpga_lite/18.1/nios2eds/bin/gnu/h-x86_64-mingw32/bin/../lib/gcc/nios2-elf/5.3.0/../../../../../H-x86_64-mingw32/nios2-elf/lib/mno-hw-mul\libc.a(lib_a-svfprintf.o)
                0x00000000000507c4                ___svfprintf_internal_r
 .text          0x0000000000052a80        0x0 c:/intelfpga_lite/18.1/nios2eds/bin/gnu/h-x86_64-mingw32/bin/../lib/gcc/nios2-elf/5.3.0/../../../../../H-x86_64-mingw32/nios2-elf/lib/mno-hw-mul\libc.a(lib_a-timesr.o)
 .text._times_r
                0x0000000000052a80        0x8 c:/intelfpga_lite/18.1/nios2eds/bin/gnu/h-x86_64-mingw32/bin/../lib/gcc/nios2-elf/5.3.0/../../../../../H-x86_64-mingw32/nios2-elf/lib/mno-hw-mul\libc.a(lib_a-timesr.o)
                0x0000000000052a80                _times_r
 .text          0x0000000000052a88        0x0 c:/intelfpga_lite/18.1/nios2eds/bin/gnu/h-x86_64-mingw32/bin/../lib/gcc/nios2-elf/5.3.0/../../../../../H-x86_64-mingw32/nios2-elf/lib/mno-hw-mul\libc.a(lib_a-vfprintf.o)
 .text.___vfprintf_internal_r
                0x0000000000052a88     0x22dc c:/intelfpga_lite/18.1/nios2eds/bin/gnu/h-x86_64-mingw32/bin/../lib/gcc/nios2-elf/5.3.0/../../../../../H-x86_64-mingw32/nios2-elf/lib/mno-hw-mul\libc.a(lib_a-vfprintf.o)
                0x0000000000052a88                ___vfprintf_internal_r
 .text.__vfprintf_internal
                0x0000000000054d64       0x1c c:/intelfpga_lite/18.1/nios2eds/bin/gnu/h-x86_64-mingw32/bin/../lib/gcc/nios2-elf/5.3.0/../../../../../H-x86_64-mingw32/nios2-elf/lib/mno-hw-mul\libc.a(lib_a-vfprintf.o)
                0x0000000000054d64                __vfprintf_internal
 .text.__sbprintf
                0x0000000000054d80       0xbc c:/intelfpga_lite/18.1/nios2eds/bin/gnu/h-x86_64-mingw32/bin/../lib/gcc/nios2-elf/5.3.0/../../../../../H-x86_64-mingw32/nios2-elf/lib/mno-hw-mul\libc.a(lib_a-vfprintf.o)
 .text          0x0000000000054e3c        0x0 c:/intelfpga_lite/18.1/nios2eds/bin/gnu/h-x86_64-mingw32/bin/../lib/gcc/nios2-elf/5.3.0/../../../../../H-x86_64-mingw32/nios2-elf/lib/mno-hw-mul\libc.a(lib_a-wsetup.o)
 .text.__swsetup_r
                0x0000000000054e3c      0x154 c:/intelfpga_lite/18.1/nios2eds/bin/gnu/h-x86_64-mingw32/bin/../lib/gcc/nios2-elf/5.3.0/../../../../../H-x86_64-mingw32/nios2-elf/lib/mno-hw-mul\libc.a(lib_a-wsetup.o)
                0x0000000000054e3c                __swsetup_r
 .text          0x0000000000054f90        0x0 c:/intelfpga_lite/18.1/nios2eds/bin/gnu/h-x86_64-mingw32/bin/../lib/gcc/nios2-elf/5.3.0/../../../../../H-x86_64-mingw32/nios2-elf/lib/mno-hw-mul\libc.a(lib_a-dtoa.o)
 .text.quorem   0x0000000000054f90      0x228 c:/intelfpga_lite/18.1/nios2eds/bin/gnu/h-x86_64-mingw32/bin/../lib/gcc/nios2-elf/5.3.0/../../../../../H-x86_64-mingw32/nios2-elf/lib/mno-hw-mul\libc.a(lib_a-dtoa.o)
 .text._dtoa_r  0x00000000000551b8     0x1688 c:/intelfpga_lite/18.1/nios2eds/bin/gnu/h-x86_64-mingw32/bin/../lib/gcc/nios2-elf/5.3.0/../../../../../H-x86_64-mingw32/nios2-elf/lib/mno-hw-mul\libc.a(lib_a-dtoa.o)
                0x00000000000551b8                _dtoa_r
 .text          0x0000000000056840        0x0 c:/intelfpga_lite/18.1/nios2eds/bin/gnu/h-x86_64-mingw32/bin/../lib/gcc/nios2-elf/5.3.0/../../../../../H-x86_64-mingw32/nios2-elf/lib/mno-hw-mul\libc.a(lib_a-fflush.o)
 .text.__sflush_r
                0x0000000000056840      0x21c c:/intelfpga_lite/18.1/nios2eds/bin/gnu/h-x86_64-mingw32/bin/../lib/gcc/nios2-elf/5.3.0/../../../../../H-x86_64-mingw32/nios2-elf/lib/mno-hw-mul\libc.a(lib_a-fflush.o)
                0x0000000000056840                __sflush_r
 .text._fflush_r
                0x0000000000056a5c       0x5c c:/intelfpga_lite/18.1/nios2eds/bin/gnu/h-x86_64-mingw32/bin/../lib/gcc/nios2-elf/5.3.0/../../../../../H-x86_64-mingw32/nios2-elf/lib/mno-hw-mul\libc.a(lib_a-fflush.o)
                0x0000000000056a5c                _fflush_r
 .text.fflush   0x0000000000056ab8       0x30 c:/intelfpga_lite/18.1/nios2eds/bin/gnu/h-x86_64-mingw32/bin/../lib/gcc/nios2-elf/5.3.0/../../../../../H-x86_64-mingw32/nios2-elf/lib/mno-hw-mul\libc.a(lib_a-fflush.o)
                0x0000000000056ab8                fflush
 .text          0x0000000000056ae8        0x0 c:/intelfpga_lite/18.1/nios2eds/bin/gnu/h-x86_64-mingw32/bin/../lib/gcc/nios2-elf/5.3.0/../../../../../H-x86_64-mingw32/nios2-elf/lib/mno-hw-mul\libc.a(lib_a-findfp.o)
 .text.__fp_unlock
                0x0000000000056ae8        0x8 c:/intelfpga_lite/18.1/nios2eds/bin/gnu/h-x86_64-mingw32/bin/../lib/gcc/nios2-elf/5.3.0/../../../../../H-x86_64-mingw32/nios2-elf/lib/mno-hw-mul\libc.a(lib_a-findfp.o)
 .text._cleanup_r
                0x0000000000056af0        0xc c:/intelfpga_lite/18.1/nios2eds/bin/gnu/h-x86_64-mingw32/bin/../lib/gcc/nios2-elf/5.3.0/../../../../../H-x86_64-mingw32/nios2-elf/lib/mno-hw-mul\libc.a(lib_a-findfp.o)
                0x0000000000056af0                _cleanup_r
 .text.__sinit.part.1
                0x0000000000056afc      0x19c c:/intelfpga_lite/18.1/nios2eds/bin/gnu/h-x86_64-mingw32/bin/../lib/gcc/nios2-elf/5.3.0/../../../../../H-x86_64-mingw32/nios2-elf/lib/mno-hw-mul\libc.a(lib_a-findfp.o)
 .text.__fp_lock
                0x0000000000056c98        0x8 c:/intelfpga_lite/18.1/nios2eds/bin/gnu/h-x86_64-mingw32/bin/../lib/gcc/nios2-elf/5.3.0/../../../../../H-x86_64-mingw32/nios2-elf/lib/mno-hw-mul\libc.a(lib_a-findfp.o)
 .text.__sfmoreglue
                0x0000000000056ca0       0x78 c:/intelfpga_lite/18.1/nios2eds/bin/gnu/h-x86_64-mingw32/bin/../lib/gcc/nios2-elf/5.3.0/../../../../../H-x86_64-mingw32/nios2-elf/lib/mno-hw-mul\libc.a(lib_a-findfp.o)
                0x0000000000056ca0                __sfmoreglue
 .text.__sfp    0x0000000000056d18      0x118 c:/intelfpga_lite/18.1/nios2eds/bin/gnu/h-x86_64-mingw32/bin/../lib/gcc/nios2-elf/5.3.0/../../../../../H-x86_64-mingw32/nios2-elf/lib/mno-hw-mul\libc.a(lib_a-findfp.o)
                0x0000000000056d18                __sfp
 .text._cleanup
                0x0000000000056e30       0x18 c:/intelfpga_lite/18.1/nios2eds/bin/gnu/h-x86_64-mingw32/bin/../lib/gcc/nios2-elf/5.3.0/../../../../../H-x86_64-mingw32/nios2-elf/lib/mno-hw-mul\libc.a(lib_a-findfp.o)
                0x0000000000056e30                _cleanup
 .text.__sinit  0x0000000000056e48       0x10 c:/intelfpga_lite/18.1/nios2eds/bin/gnu/h-x86_64-mingw32/bin/../lib/gcc/nios2-elf/5.3.0/../../../../../H-x86_64-mingw32/nios2-elf/lib/mno-hw-mul\libc.a(lib_a-findfp.o)
                0x0000000000056e48                __sinit
 .text.__sfp_lock_acquire
                0x0000000000056e58        0x4 c:/intelfpga_lite/18.1/nios2eds/bin/gnu/h-x86_64-mingw32/bin/../lib/gcc/nios2-elf/5.3.0/../../../../../H-x86_64-mingw32/nios2-elf/lib/mno-hw-mul\libc.a(lib_a-findfp.o)
                0x0000000000056e58                __sfp_lock_acquire
 .text.__sfp_lock_release
                0x0000000000056e5c        0x4 c:/intelfpga_lite/18.1/nios2eds/bin/gnu/h-x86_64-mingw32/bin/../lib/gcc/nios2-elf/5.3.0/../../../../../H-x86_64-mingw32/nios2-elf/lib/mno-hw-mul\libc.a(lib_a-findfp.o)
                0x0000000000056e5c                __sfp_lock_release
 .text.__sinit_lock_acquire
                0x0000000000056e60        0x4 c:/intelfpga_lite/18.1/nios2eds/bin/gnu/h-x86_64-mingw32/bin/../lib/gcc/nios2-elf/5.3.0/../../../../../H-x86_64-mingw32/nios2-elf/lib/mno-hw-mul\libc.a(lib_a-findfp.o)
                0x0000000000056e60                __sinit_lock_acquire
 .text.__sinit_lock_release
                0x0000000000056e64        0x4 c:/intelfpga_lite/18.1/nios2eds/bin/gnu/h-x86_64-mingw32/bin/../lib/gcc/nios2-elf/5.3.0/../../../../../H-x86_64-mingw32/nios2-elf/lib/mno-hw-mul\libc.a(lib_a-findfp.o)
                0x0000000000056e64                __sinit_lock_release
 .text.__fp_lock_all
                0x0000000000056e68       0x18 c:/intelfpga_lite/18.1/nios2eds/bin/gnu/h-x86_64-mingw32/bin/../lib/gcc/nios2-elf/5.3.0/../../../../../H-x86_64-mingw32/nios2-elf/lib/mno-hw-mul\libc.a(lib_a-findfp.o)
                0x0000000000056e68                __fp_lock_all
 .text.__fp_unlock_all
                0x0000000000056e80       0x18 c:/intelfpga_lite/18.1/nios2eds/bin/gnu/h-x86_64-mingw32/bin/../lib/gcc/nios2-elf/5.3.0/../../../../../H-x86_64-mingw32/nios2-elf/lib/mno-hw-mul\libc.a(lib_a-findfp.o)
                0x0000000000056e80                __fp_unlock_all
 .text          0x0000000000056e98        0x0 c:/intelfpga_lite/18.1/nios2eds/bin/gnu/h-x86_64-mingw32/bin/../lib/gcc/nios2-elf/5.3.0/../../../../../H-x86_64-mingw32/nios2-elf/lib/mno-hw-mul\libc.a(lib_a-freer.o)
 .text._malloc_trim_r
                0x0000000000056e98      0x124 c:/intelfpga_lite/18.1/nios2eds/bin/gnu/h-x86_64-mingw32/bin/../lib/gcc/nios2-elf/5.3.0/../../../../../H-x86_64-mingw32/nios2-elf/lib/mno-hw-mul\libc.a(lib_a-freer.o)
                0x0000000000056e98                _malloc_trim_r
 .text._free_r  0x0000000000056fbc      0x310 c:/intelfpga_lite/18.1/nios2eds/bin/gnu/h-x86_64-mingw32/bin/../lib/gcc/nios2-elf/5.3.0/../../../../../H-x86_64-mingw32/nios2-elf/lib/mno-hw-mul\libc.a(lib_a-freer.o)
                0x0000000000056fbc                _free_r
 .text          0x00000000000572cc        0x0 c:/intelfpga_lite/18.1/nios2eds/bin/gnu/h-x86_64-mingw32/bin/../lib/gcc/nios2-elf/5.3.0/../../../../../H-x86_64-mingw32/nios2-elf/lib/mno-hw-mul\libc.a(lib_a-fvwrite.o)
 .text.__sfvwrite_r
                0x00000000000572cc      0x4c8 c:/intelfpga_lite/18.1/nios2eds/bin/gnu/h-x86_64-mingw32/bin/../lib/gcc/nios2-elf/5.3.0/../../../../../H-x86_64-mingw32/nios2-elf/lib/mno-hw-mul\libc.a(lib_a-fvwrite.o)
                0x00000000000572cc                __sfvwrite_r
 .text          0x0000000000057794        0x0 c:/intelfpga_lite/18.1/nios2eds/bin/gnu/h-x86_64-mingw32/bin/../lib/gcc/nios2-elf/5.3.0/../../../../../H-x86_64-mingw32/nios2-elf/lib/mno-hw-mul\libc.a(lib_a-fwalk.o)
 .text._fwalk   0x0000000000057794       0xc4 c:/intelfpga_lite/18.1/nios2eds/bin/gnu/h-x86_64-mingw32/bin/../lib/gcc/nios2-elf/5.3.0/../../../../../H-x86_64-mingw32/nios2-elf/lib/mno-hw-mul\libc.a(lib_a-fwalk.o)
                0x0000000000057794                _fwalk
 .text._fwalk_reent
                0x0000000000057858       0xc4 c:/intelfpga_lite/18.1/nios2eds/bin/gnu/h-x86_64-mingw32/bin/../lib/gcc/nios2-elf/5.3.0/../../../../../H-x86_64-mingw32/nios2-elf/lib/mno-hw-mul\libc.a(lib_a-fwalk.o)
                0x0000000000057858                _fwalk_reent
 .text          0x000000000005791c        0x0 c:/intelfpga_lite/18.1/nios2eds/bin/gnu/h-x86_64-mingw32/bin/../lib/gcc/nios2-elf/5.3.0/../../../../../H-x86_64-mingw32/nios2-elf/lib/mno-hw-mul\libc.a(lib_a-int_errno.o)
 .text          0x000000000005791c        0x0 c:/intelfpga_lite/18.1/nios2eds/bin/gnu/h-x86_64-mingw32/bin/../lib/gcc/nios2-elf/5.3.0/../../../../../H-x86_64-mingw32/nios2-elf/lib/mno-hw-mul\libc.a(lib_a-locale.o)
 .text._setlocale_r
                0x000000000005791c       0x7c c:/intelfpga_lite/18.1/nios2eds/bin/gnu/h-x86_64-mingw32/bin/../lib/gcc/nios2-elf/5.3.0/../../../../../H-x86_64-mingw32/nios2-elf/lib/mno-hw-mul\libc.a(lib_a-locale.o)
                0x000000000005791c                _setlocale_r
 .text.__locale_charset
                0x0000000000057998        0xc c:/intelfpga_lite/18.1/nios2eds/bin/gnu/h-x86_64-mingw32/bin/../lib/gcc/nios2-elf/5.3.0/../../../../../H-x86_64-mingw32/nios2-elf/lib/mno-hw-mul\libc.a(lib_a-locale.o)
                0x0000000000057998                __locale_charset
 .text.__locale_mb_cur_max
                0x00000000000579a4       0x10 c:/intelfpga_lite/18.1/nios2eds/bin/gnu/h-x86_64-mingw32/bin/../lib/gcc/nios2-elf/5.3.0/../../../../../H-x86_64-mingw32/nios2-elf/lib/mno-hw-mul\libc.a(lib_a-locale.o)
                0x00000000000579a4                __locale_mb_cur_max
 .text.__locale_msgcharset
                0x00000000000579b4        0xc c:/intelfpga_lite/18.1/nios2eds/bin/gnu/h-x86_64-mingw32/bin/../lib/gcc/nios2-elf/5.3.0/../../../../../H-x86_64-mingw32/nios2-elf/lib/mno-hw-mul\libc.a(lib_a-locale.o)
                0x00000000000579b4                __locale_msgcharset
 .text.__locale_cjk_lang
                0x00000000000579c0        0x8 c:/intelfpga_lite/18.1/nios2eds/bin/gnu/h-x86_64-mingw32/bin/../lib/gcc/nios2-elf/5.3.0/../../../../../H-x86_64-mingw32/nios2-elf/lib/mno-hw-mul\libc.a(lib_a-locale.o)
                0x00000000000579c0                __locale_cjk_lang
 .text._localeconv_r
                0x00000000000579c8        0xc c:/intelfpga_lite/18.1/nios2eds/bin/gnu/h-x86_64-mingw32/bin/../lib/gcc/nios2-elf/5.3.0/../../../../../H-x86_64-mingw32/nios2-elf/lib/mno-hw-mul\libc.a(lib_a-locale.o)
                0x00000000000579c8                _localeconv_r
 .text.setlocale
                0x00000000000579d4       0x18 c:/intelfpga_lite/18.1/nios2eds/bin/gnu/h-x86_64-mingw32/bin/../lib/gcc/nios2-elf/5.3.0/../../../../../H-x86_64-mingw32/nios2-elf/lib/mno-hw-mul\libc.a(lib_a-locale.o)
                0x00000000000579d4                setlocale
 .text.localeconv
                0x00000000000579ec        0xc c:/intelfpga_lite/18.1/nios2eds/bin/gnu/h-x86_64-mingw32/bin/../lib/gcc/nios2-elf/5.3.0/../../../../../H-x86_64-mingw32/nios2-elf/lib/mno-hw-mul\libc.a(lib_a-locale.o)
                0x00000000000579ec                localeconv