Archive member included to satisfy reference by file (symbol)

c:/intelfpga_lite/18.1/nios2eds/bin/gnu/h-x86_64-mingw32/bin/../lib/gcc/nios2-elf/5.3.0/../../../../../H-x86_64-mingw32/nios2-elf/lib/mno-hw-mul\libstdc++.a(si_class_type_info.o)
                              obj/default/include/Usb.o (vtable for __cxxabiv1::__si_class_type_info)
c:/intelfpga_lite/18.1/nios2eds/bin/gnu/h-x86_64-mingw32/bin/../lib/gcc/nios2-elf/5.3.0/../../../../../H-x86_64-mingw32/nios2-elf/lib/mno-hw-mul\libstdc++.a(vmi_class_type_info.o)
                              obj/default/include/XBOXONE.o (vtable for __cxxabiv1::__vmi_class_type_info)
c:/intelfpga_lite/18.1/nios2eds/bin/gnu/h-x86_64-mingw32/bin/../lib/gcc/nios2-elf/5.3.0/../../../../../H-x86_64-mingw32/nios2-elf/lib/mno-hw-mul\libstdc++.a(tinfo.o)
                              c:/intelfpga_lite/18.1/nios2eds/bin/gnu/h-x86_64-mingw32/bin/../lib/gcc/nios2-elf/5.3.0/../../../../../H-x86_64-mingw32/nios2-elf/lib/mno-hw-mul\libstdc++.a(si_class_type_info.o) (std::type_info::__is_function_p() const)
c:/intelfpga_lite/18.1/nios2eds/bin/gnu/h-x86_64-mingw32/bin/../lib/gcc/nios2-elf/5.3.0/../../../../../H-x86_64-mingw32/nios2-elf/lib/mno-hw-mul\libstdc++.a(del_op.o)
                              c:/intelfpga_lite/18.1/nios2eds/bin/gnu/h-x86_64-mingw32/bin/../lib/gcc/nios2-elf/5.3.0/../../../../../H-x86_64-mingw32/nios2-elf/lib/mno-hw-mul\libstdc++.a(si_class_type_info.o) (operator delete(void*))
c:/intelfpga_lite/18.1/nios2eds/bin/gnu/h-x86_64-mingw32/bin/../lib/gcc/nios2-elf/5.3.0/../../../../../H-x86_64-mingw32/nios2-elf/lib/mno-hw-mul\libstdc++.a(pure.o)
                              obj/default/include/Usb.o (__cxa_pure_virtual)
c:/intelfpga_lite/18.1/nios2eds/bin/gnu/h-x86_64-mingw32/bin/../lib/gcc/nios2-elf/5.3.0/../../../../../H-x86_64-mingw32/nios2-elf/lib/mno-hw-mul\libstdc++.a(class_type_info.o)
                              c:/intelfpga_lite/18.1/nios2eds/bin/gnu/h-x86_64-mingw32/bin/../lib/gcc/nios2-elf/5.3.0/../../../../../H-x86_64-mingw32/nios2-elf/lib/mno-hw-mul\libstdc++.a(si_class_type_info.o) (__cxxabiv1::__class_type_info::__do_upcast(__cxxabiv1::__class_type_info const*, void**) const)
c:/intelfpga_lite/18.1/nios2eds/bin/gnu/h-x86_64-mingw32/bin/../lib/gcc/nios2-elf/5.3.0/../../../../../H-x86_64-mingw32/nios2-elf/lib/mno-hw-mul\libstdc++.a(eh_terminate.o)
                              c:/intelfpga_lite/18.1/nios2eds/bin/gnu/h-x86_64-mingw32/bin/../lib/gcc/nios2-elf/5.3.0/../../../../../H-x86_64-mingw32/nios2-elf/lib/mno-hw-mul\libstdc++.a(pure.o) (std::terminate())
c:/intelfpga_lite/18.1/nios2eds/bin/gnu/h-x86_64-mingw32/bin/../lib/gcc/nios2-elf/5.3.0/../../../../../H-x86_64-mingw32/nios2-elf/lib/mno-hw-mul\libstdc++.a(eh_unex_handler.o)
                              c:/intelfpga_lite/18.1/nios2eds/bin/gnu/h-x86_64-mingw32/bin/../lib/gcc/nios2-elf/5.3.0/../../../../../H-x86_64-mingw32/nios2-elf/lib/mno-hw-mul\libstdc++.a(eh_terminate.o) (__cxxabiv1::__unexpected_handler)
c:/intelfpga_lite/18.1/nios2eds/bin/gnu/h-x86_64-mingw32/bin/../lib/gcc/nios2-elf/5.3.0/../../../../../H-x86_64-mingw32/nios2-elf/lib/mno-hw-mul\libstdc++.a(eh_term_handler.o)
                              c:/intelfpga_lite/18.1/nios2eds/bin/gnu/h-x86_64-mingw32/bin/../lib/gcc/nios2-elf/5.3.0/../../../../../H-x86_64-mingw32/nios2-elf/lib/mno-hw-mul\libstdc++.a(eh_terminate.o) (__cxxabiv1::__terminate_handler)
c:/intelfpga_lite/18.1/nios2eds/bin/gnu/h-x86_64-mingw32/bin/../lib/gcc/nios2-elf/5.3.0/../../../../../H-x86_64-mingw32/nios2-elf/lib/mno-hw-mul\libstdc++.a(eh_personality.o)
                              c:/intelfpga_lite/18.1/nios2eds/bin/gnu/h-x86_64-mingw32/bin/../lib/gcc/nios2-elf/5.3.0/../../../../../H-x86_64-mingw32/nios2-elf/lib/mno-hw-mul\libstdc++.a(eh_terminate.o) (__gxx_personality_sj0)
c:/intelfpga_lite/18.1/nios2eds/bin/gnu/h-x86_64-mingw32/bin/../lib/gcc/nios2-elf/5.3.0/../../../../../H-x86_64-mingw32/nios2-elf/lib/mno-hw-mul\libstdc++.a(eh_throw.o)
                              c:/intelfpga_lite/18.1/nios2eds/bin/gnu/h-x86_64-mingw32/bin/../lib/gcc/nios2-elf/5.3.0/../../../../../H-x86_64-mingw32/nios2-elf/lib/mno-hw-mul\libstdc++.a(eh_personality.o) (__cxa_throw)
c:/intelfpga_lite/18.1/nios2eds/bin/gnu/h-x86_64-mingw32/bin/../lib/gcc/nios2-elf/5.3.0/../../../../../H-x86_64-mingw32/nios2-elf/lib/mno-hw-mul\libstdc++.a(eh_catch.o)
                              c:/intelfpga_lite/18.1/nios2eds/bin/gnu/h-x86_64-mingw32/bin/../lib/gcc/nios2-elf/5.3.0/../../../../../H-x86_64-mingw32/nios2-elf/lib/mno-hw-mul\libstdc++.a(eh_terminate.o) (__cxa_begin_catch)
c:/intelfpga_lite/18.1/nios2eds/bin/gnu/h-x86_64-mingw32/bin/../lib/gcc/nios2-elf/5.3.0/../../../../../H-x86_64-mingw32/nios2-elf/lib/mno-hw-mul\libstdc++.a(eh_alloc.o)
                              c:/intelfpga_lite/18.1/nios2eds/bin/gnu/h-x86_64-mingw32/bin/../lib/gcc/nios2-elf/5.3.0/../../../../../H-x86_64-mingw32/nios2-elf/lib/mno-hw-mul\libstdc++.a(eh_personality.o) (__cxa_allocate_exception)
[...]
Memory Configuration

Name             Origin             Length             Attributes
reset            0x0000000000000000 0x0000000000000020
sdram            0x0000000000000020 0x0000000003ffffe0
*default*        0x0000000000000000 0xffffffffffffffff

Linker script and memory map

LOAD ../USB_MIDI_AUDIO_SYNTH_bsp//obj/HAL/src/crt0.o
LOAD obj/default/include/Port.o
LOAD obj/default/include/SPI.o
LOAD obj/default/include/Usb.o
LOAD obj/default/include/XBOXONE.o
LOAD obj/default/include/hidboot.o
LOAD obj/default/include/message.o
LOAD obj/default/include/parsetools.o
LOAD obj/default/include/sgtl5000.o
LOAD obj/default/include/usbh_midi.o
LOAD obj/default/include/usbhid.o
LOAD obj/default/include/usbhost.o
LOAD obj/default/main.o
LOAD c:/intelfpga_lite/18.1/nios2eds/bin/gnu/h-x86_64-mingw32/bin/../lib/gcc/nios2-elf/5.3.0/../../../../../H-x86_64-mingw32/nios2-elf/lib/mno-hw-mul\libstdc++.a
LOAD c:/intelfpga_lite/18.1/nios2eds/bin/gnu/h-x86_64-mingw32/bin/../lib/gcc/nios2-elf/5.3.0/../../../../../H-x86_64-mingw32/nios2-elf/lib/mno-hw-mul\libm.a
LOAD c:/intelfpga_lite/18.1/nios2eds/bin/gnu/h-x86_64-mingw32/bin/../lib/gcc/nios2-elf/5.3.0/mno-hw-mul\libgcc.a
START GROUP
LOAD c:/intelfpga_lite/18.1/nios2eds/bin/gnu/h-x86_64-mingw32/bin/../lib/gcc/nios2-elf/5.3.0/../../../../../H-x86_64-mingw32/nios2-elf/lib/mno-hw-mul\libc.a
LOAD c:/intelfpga_lite/18.1/nios2eds/bin/gnu/h-x86_64-mingw32/bin/../lib/gcc/nios2-elf/5.3.0/mno-hw-mul\libgcc.a
LOAD ../USB_MIDI_AUDIO_SYNTH_bsp/\libhal_bsp.a
LOAD c:/intelfpga_lite/18.1/nios2eds/bin/gnu/h-x86_64-mingw32/bin/../lib/gcc/nios2-elf/5.3.0/../../../../../H-x86_64-mingw32/nios2-elf/lib/mno-hw-mul\libm.a
END GROUP
LOAD c:/intelfpga_lite/18.1/nios2eds/bin/gnu/h-x86_64-mingw32/bin/../lib/gcc/nios2-elf/5.3.0/mno-hw-mul\libgcc.a
                0x0000000000000000                __alt_mem_sdram = 0x0

.entry          0x0000000000000000       0x20
 *(.entry)
 .entry         0x0000000000000000       0x20 ../USB_MIDI_AUDIO_SYNTH_bsp//obj/HAL/src/crt0.o
                0x0000000000000000                __reset

.exceptions     0x0000000000000020      0x210
                0x0000000000000020                PROVIDE (__ram_exceptions_start, ABSOLUTE (.))
                0x0000000000000020                . = ALIGN (0x20)
 *(.irq)
 *(.exceptions.entry.label)
 .exceptions.entry.label
                0x0000000000000020        0x0 ../USB_MIDI_AUDIO_SYNTH_bsp/\libhal_bsp.a(alt_irq_entry.o)
                0x0000000000000020                alt_irq_entry
 .exceptions.entry.label
                0x0000000000000020        0x0 ../USB_MIDI_AUDIO_SYNTH_bsp/\libhal_bsp.a(alt_exception_entry.o)
                0x0000000000000020                alt_exception
 *(.exceptions.entry.user)
 *(.exceptions.entry.ecc_fatal)
 *(.exceptions.entry)
 .exceptions.entry
                0x0000000000000020       0x54 ../USB_MIDI_AUDIO_SYNTH_bsp/\libhal_bsp.a(alt_exception_entry.o)
 *(.exceptions.irqtest.user)
 *(.exceptions.irqtest)
 .exceptions.irqtest
                0x0000000000000074       0x10 ../USB_MIDI_AUDIO_SYNTH_bsp/\libhal_bsp.a(alt_irq_entry.o)
 *(.exceptions.irqhandler.user)
 *(.exceptions.irqhandler)
 .exceptions.irqhandler
                0x0000000000000084        0x4 ../USB_MIDI_AUDIO_SYNTH_bsp/\libhal_bsp.a(alt_irq_entry.o)
 *(.exceptions.irqreturn.user)
 *(.exceptions.irqreturn)
 .exceptions.irqreturn
                0x0000000000000088        0x4 ../USB_MIDI_AUDIO_SYNTH_bsp/\libhal_bsp.a(alt_irq_entry.o)
 *(.exceptions.notirq.label)
 .exceptions.notirq.label
                0x000000000000008c        0x0 ../USB_MIDI_AUDIO_SYNTH_bsp/\libhal_bsp.a(alt_irq_entry.o)
 *(.exceptions.notirq.user)
 *(.exceptions.notirq)
 .exceptions.notirq
                0x000000000000008c        0x8 ../USB_MIDI_AUDIO_SYNTH_bsp/\libhal_bsp.a(alt_exception_entry.o)
 *(.exceptions.soft.user)
 *(.exceptions.soft)
 *(.exceptions.unknown.user)
 *(.exceptions.unknown)
 .exceptions.unknown
                0x0000000000000094       0x14 ../USB_MIDI_AUDIO_SYNTH_bsp/\libhal_bsp.a(alt_exception_entry.o)
 *(.exceptions.exit.label)
 .exceptions.exit.label
                0x00000000000000a8        0x0 ../USB_MIDI_AUDIO_SYNTH_bsp/\libhal_bsp.a(alt_irq_entry.o)
 .exceptions.exit.label
                0x00000000000000a8        0x0 ../USB_MIDI_AUDIO_SYNTH_bsp/\libhal_bsp.a(alt_exception_entry.o)
 *(.exceptions.exit.user)
 *(.exceptions.exit)
 .exceptions.exit
                0x00000000000000a8       0x54 ../USB_MIDI_AUDIO_SYNTH_bsp/\libhal_bsp.a(alt_exception_entry.o)
 *(.exceptions)
 .exceptions    0x00000000000000fc       0xd4 ../USB_MIDI_AUDIO_SYNTH_bsp/\libhal_bsp.a(alt_irq_handler.o)
                0x00000000000000fc                alt_irq_handler
 .exceptions    0x00000000000001d0       0x60 ../USB_MIDI_AUDIO_SYNTH_bsp/\libhal_bsp.a(alt_instruction_exception_entry.o)
                0x00000000000001d0                alt_instruction_exception_entry
                0x0000000000000230                PROVIDE (__ram_exceptions_end, ABSOLUTE (.))
                0x0000000000000020                PROVIDE (__flash_exceptions_start, LOADADDR (.exceptions))

.text           0x0000000000000230    0x227b8
                [!provide]                        PROVIDE (stext, ABSOLUTE (.))
 *(.interp)
 *(.hash)
 *(.dynsym)
 *(.dynstr)
 *(.gnu.version)
 *(.gnu.version_d)
 *(.gnu.version_r)
 *(.rel.init)
 *(.rela.init)
 *(.rel.text .rel.text.* .rel.gnu.linkonce.t.*)
 *(.rela.text .rela.text.* .rela.gnu.linkonce.t.*)
 *(.rel.fini)
 *(.rela.fini)
 *(.rel.rodata .rel.rodata.* .rel.gnu.linkonce.r.*)
 *(.rela.rodata .rela.rodata.* .rela.gnu.linkonce.r.*)
 *(.rel.data .rel.data.* .rel.gnu.linkonce.d.*)
 *(.rela.data .rela.data.* .rela.gnu.linkonce.d.*)
 *(.rel.tdata .rel.tdata.* .rel.gnu.linkonce.td.*)
 *(.rela.tdata .rela.tdata.* .rela.gnu.linkonce.td.*)
 *(.rel.tbss .rel.tbss.* .rel.gnu.linkonce.tb.*)
 *(.rela.tbss .rela.tbss.* .rela.gnu.linkonce.tb.*)
 *(.rel.ctors)
 *(.rela.ctors)
 *(.rel.dtors)
 *(.rela.dtors)
 *(.rel.got)
 *(.rela.got)
 *(.rel.sdata .rel.sdata.* .rel.gnu.linkonce.s.*)
 *(.rela.sdata .rela.sdata.* .rela.gnu.linkonce.s.*)
 *(.rel.sbss .rel.sbss.* .rel.gnu.linkonce.sb.*)
 *(.rela.sbss .rela.sbss.* .rela.gnu.linkonce.sb.*)
 *(.rel.sdata2 .rel.sdata2.* .rel.gnu.linkonce.s2.*)
 *(.rela.sdata2 .rela.sdata2.* .rela.gnu.linkonce.s2.*)
 *(.rel.sbss2 .rel.sbss2.* .rel.gnu.linkonce.sb2.*)
 *(.rela.sbss2 .rela.sbss2.* .rela.gnu.linkonce.sb2.*)
 *(.rel.bss .rel.bss.* .rel.gnu.linkonce.b.*)
 *(.rela.bss .rela.bss.* .rela.gnu.linkonce.b.*)
 *(.rel.plt)
 *(.rela.plt)
 *(.rel.dyn)
 *(.init)
 *(.plt)
 *(.text .stub .text.* .gnu.linkonce.t.*)
 .text          0x0000000000000230       0x3c ../USB_MIDI_AUDIO_SYNTH_bsp//obj/HAL/src/crt0.o
                0x0000000000000230                _start
 .text          0x000000000000026c      0x2c0 obj/default/include/Port.o
                0x000000000000026c                SPI_SS::Write(unsigned char)
                0x00000000000002a8                SPI_SS::ClearAndSet(unsigned char, unsigned char)
                0x00000000000002ec                SPI_SS::Read()
                0x0000000000000320                SPI_SS::DirWrite(unsigned char)
                0x000000000000035c                SPI_SS::DirRead()
                0x0000000000000390                SPI_SS::Set(unsigned char)
                0x00000000000003cc                SPI_SS::Clear(unsigned char)
                0x0000000000000408                SPI_SS::Toggle(unsigned char)
                0x0000000000000444                SPI_SS::DirSet(unsigned char)
                0x0000000000000480                SPI_SS::DirClear(unsigned char)
                0x00000000000004bc                SPI_SS::DirToggle(unsigned char)
                0x00000000000004f8                SPI_SS::PinRead()
 .text          0x000000000000052c      0x1d8 obj/default/include/SPI.o
                0x000000000000052c                alt_busy_sleep(unsigned int)
                0x0000000000000684                delay(unsigned long)
                0x00000000000006dc                millis()
 .text          0x0000000000000704     0x2568 obj/default/include/Usb.o
                0x0000000000000704                USB::USB()
                0x0000000000000704                USB::USB()
                0x000000000000075c                USB::init()
                0x0000000000000788                USB::getUsbTaskState()
                0x00000000000007ac                USB::setUsbTaskState(unsigned char)
                0x00000000000007e0                USB::getEpInfoEntry(unsigned char, unsigned char)
                0x00000000000008f4                USB::setEpInfoEntry(unsigned char, unsigned char, EpInfo*)
                0x0000000000000a10                USB::SetAddress(unsigned char, unsigned char, EpInfo**, unsigned short*)
                0x0000000000000b9c                USB::ctrlReq(unsigned char, unsigned char, unsigned char, unsigned char, unsigned char, unsigned char, unsigned short, unsigned short, unsigned short, unsigned char*, USBReadParser*)
                0x0000000000000eac                USB::inTransfer(unsigned char, unsigned char, unsigned short*, unsigned char*, unsigned char)
                0x0000000000000f94                USB::InTransfer(EpInfo*, unsigned short, unsigned short*, unsigned char*, unsigned char)
                0x0000000000001240                USB::outTransfer(unsigned char, unsigned char, unsigned short, unsigned char*)
                0x00000000000012f0                USB::OutTransfer(EpInfo*, unsigned short, unsigned short, unsigned char*)
                0x000000000000169c                USB::dispatchPkt(unsigned char, unsigned char, unsigned short)
                0x000000000000181c                USB::Task()
                0x0000000000001c0c                USB::DefaultAddressing(unsigned char, unsigned char, bool)
                0x0000000000001d6c                USB::AttemptConfig(unsigned char, unsigned char, unsigned char, bool)
                0x0000000000001ffc                USB::Configuring(unsigned char, unsigned char, bool)
                0x0000000000002760                USB::ReleaseDevice(unsigned char)
                0x0000000000002898                USB::getDevDescr(unsigned char, unsigned char, unsigned short, unsigned char*)
                0x0000000000002920                USB::getConfDescr(unsigned char, unsigned char, unsigned short, unsigned char, unsigned char*)
                0x00000000000029b4                USB::getConfDescr(unsigned char, unsigned char, unsigned char, USBReadParser*)
                0x0000000000002aac                USB::getStrDescr(unsigned char, unsigned char, unsigned short, unsigned char, unsigned short, unsigned char*)
                0x0000000000002b54                USB::setAddr(unsigned char, unsigned char, unsigned char)
                0x0000000000002be8                USB::setConf(unsigned char, unsigned char, unsigned char)
 .text._ZN3USB14GetAddressPoolEv
                0x0000000000002c6c       0x24 obj/default/include/Usb.o
                0x0000000000002c6c                USB::GetAddressPool()
 .text._ZN11AddressPoolC2Ev
                0x0000000000002c90       0x34 obj/default/include/Usb.o
                0x0000000000002c90                AddressPool::AddressPool()
                0x0000000000002c90                AddressPool::AddressPool()
 .text._ZN15AddressPoolImplILh16EEC2Ev
                0x0000000000002cc4       0xcc obj/default/include/Usb.o
                0x0000000000002cc4                AddressPoolImpl<(unsigned char)16>::AddressPoolImpl()
                0x0000000000002cc4                AddressPoolImpl<(unsigned char)16>::AddressPoolImpl()
 .text._ZN15AddressPoolImplILh16EE15GetUsbDevicePtrEh
                0x0000000000002d90       0x8c obj/default/include/Usb.o
                0x0000000000002d90                AddressPoolImpl<(unsigned char)16>::GetUsbDevicePtr(unsigned char)
 .text._Z10D_PrintHexIhEvT_i
                0x0000000000002e1c       0x2c obj/default/include/Usb.o
                0x0000000000002e1c                void D_PrintHex<unsigned char>(unsigned char, int)
 .text._ZN15AddressPoolImplILh16EE12AllocAddressEhbh
                0x0000000000002e48      0x260 obj/default/include/Usb.o
                0x0000000000002e48                AddressPoolImpl<(unsigned char)16>::AllocAddress(unsigned char, bool, unsigned char)
 .text._ZN15AddressPoolImplILh16EE11FreeAddressEh
                0x00000000000030a8       0x6c obj/default/include/Usb.o
                0x00000000000030a8                AddressPoolImpl<(unsigned char)16>::FreeAddress(unsigned char)
 .text._ZN15AddressPoolImplILh16EE9InitEntryEh
                0x0000000000003114      0x144 obj/default/include/Usb.o
                0x0000000000003114                AddressPoolImpl<(unsigned char)16>::InitEntry(unsigned char)
 .text._ZN15AddressPoolImplILh16EE16InitAllAddressesEv
                0x0000000000003258       0x68 obj/default/include/Usb.o
                0x0000000000003258                AddressPoolImpl<(unsigned char)16>::InitAllAddresses()
 .text._ZN15AddressPoolImplILh16EE16FindAddressIndexEh
                0x00000000000032c0       0x94 obj/default/include/Usb.o
                0x00000000000032c0                AddressPoolImpl<(unsigned char)16>::FindAddressIndex(unsigned char)
 .text._ZN15AddressPoolImplILh16EE18FreeAddressByIndexEh
                0x0000000000003354      0x104 obj/default/include/Usb.o
                0x0000000000003354                AddressPoolImpl<(unsigned char)16>::FreeAddressByIndex(unsigned char)
 .text._ZN15AddressPoolImplILh16EE14FindChildIndexE16UsbDeviceAddressh
                0x0000000000003458       0xc8 obj/default/include/Usb.o
                0x0000000000003458                AddressPoolImpl<(unsigned char)16>::FindChildIndex(UsbDeviceAddress, unsigned char)
 .text          0x0000000000003520     0x1314 obj/default/include/XBOXONE.o
                0x0000000000003520                XBOXONE::XBOXONE(USB*)
                0x0000000000003520                XBOXONE::XBOXONE(USB*)
                0x0000000000003704                XBOXONE::Init(unsigned char, unsigned char, bool)
                0x0000000000003d58                XBOXONE::EndpointXtract(unsigned char, unsigned char, unsigned char, unsigned char, USB_ENDPOINT_DESCRIPTOR const*)
                0x0000000000003e94                non-virtual thunk to XBOXONE::EndpointXtract(unsigned char, unsigned char, unsigned char, unsigned char, USB_ENDPOINT_DESCRIPTOR const*)
                0x0000000000003e9c                XBOXONE::PrintEndpointDescriptor(USB_ENDPOINT_DESCRIPTOR const*)
                0x0000000000003ec4                XBOXONE::Release()
                0x0000000000003f58                XBOXONE::Poll()
                0x0000000000004050                XBOXONE::readReport()
                0x0000000000004418                XBOXONE::getButtonPress(ButtonEnum)
                0x00000000000044a0                XBOXONE::getButtonClick(ButtonEnum)
                0x0000000000004590                XBOXONE::getAnalogHat(AnalogHatEnum)
                0x00000000000045cc                XBOXONE::XboxCommand(unsigned char*, unsigned short)
                0x000000000000466c                XBOXONE::onInit()
                0x0000000000004710                XBOXONE::setRumbleOff()
                0x0000000000004788                XBOXONE::setRumbleOn(unsigned char, unsigned char, unsigned char, unsigned char)
 .text._ZN16MultiValueBufferC2Ev
                0x0000000000004834       0x60 obj/default/include/XBOXONE.o
                0x0000000000004834                MultiValueBuffer::MultiValueBuffer()
                0x0000000000004834                MultiValueBuffer::MultiValueBuffer()
 .text._ZN20MultiByteValueParserC2Ev
                0x0000000000004894       0x3c obj/default/include/XBOXONE.o
                0x0000000000004894                MultiByteValueParser::MultiByteValueParser()
                0x0000000000004894                MultiByteValueParser::MultiByteValueParser()
 .text._ZN20MultiByteValueParser10InitializeEP16MultiValueBuffer
                0x00000000000048d0       0x80 obj/default/include/XBOXONE.o
                0x00000000000048d0                MultiByteValueParser::Initialize(MultiValueBuffer*)
 .text._ZN11ByteSkipperC2Ev
                0x0000000000004950       0x3c obj/default/include/XBOXONE.o
                0x0000000000004950                ByteSkipper::ByteSkipper()
                0x0000000000004950                ByteSkipper::ByteSkipper()
 .text._ZN11ByteSkipper10InitializeEP16MultiValueBuffer
                0x000000000000498c       0x68 obj/default/include/XBOXONE.o
                0x000000000000498c                ByteSkipper::Initialize(MultiValueBuffer*)
 .text._ZN11ByteSkipper4SkipEPPhPtt
                0x00000000000049f4      0x100 obj/default/include/XBOXONE.o
                0x00000000000049f4                ByteSkipper::Skip(unsigned char**, unsigned short*, unsigned short)
 .text._ZN15USBDeviceConfig4InitEhhb
                0x0000000000004af4       0x3c obj/default/include/XBOXONE.o
                0x0000000000004af4                USBDeviceConfig::Init(unsigned char, unsigned char, bool)
 .text._ZN15USBDeviceConfig15ConfigureDeviceEhhb
                0x0000000000004b30       0x3c obj/default/include/XBOXONE.o
                0x0000000000004b30                USBDeviceConfig::ConfigureDevice(unsigned char, unsigned char, bool)
 .text._ZN15USBDeviceConfig7ReleaseEv
                0x0000000000004b6c       0x24 obj/default/include/XBOXONE.o
                0x0000000000004b6c                USBDeviceConfig::Release()
 .text._ZN15USBDeviceConfig4PollEv
                0x0000000000004b90       0x24 obj/default/include/XBOXONE.o
                0x0000000000004b90                USBDeviceConfig::Poll()
 .text._ZN15USBDeviceConfig10GetAddressEv
                0x0000000000004bb4       0x24 obj/default/include/XBOXONE.o
                0x0000000000004bb4                USBDeviceConfig::GetAddress()
 .text._ZN15USBDeviceConfig12ResetHubPortEh
                0x0000000000004bd8       0x2c obj/default/include/XBOXONE.o
                0x0000000000004bd8                USBDeviceConfig::ResetHubPort(unsigned char)
 .text._ZN15USBDeviceConfig8VIDPIDOKEtt
                0x0000000000004c04       0x34 obj/default/include/XBOXONE.o
                0x0000000000004c04                USBDeviceConfig::VIDPIDOK(unsigned short, unsigned short)
 .text._ZN15USBDeviceConfig10DEVCLASSOKEh
                0x0000000000004c38       0x2c obj/default/include/XBOXONE.o
                0x0000000000004c38                USBDeviceConfig::DEVCLASSOK(unsigned char)
 .text._ZN15USBDeviceConfig13DEVSUBCLASSOKEh
                0x0000000000004c64       0x2c obj/default/include/XBOXONE.o
                0x0000000000004c64                USBDeviceConfig::DEVSUBCLASSOK(unsigned char)
 .text._ZN3USB19RegisterDeviceClassEP15USBDeviceConfig
                0x0000000000004c90       0x90 obj/default/include/XBOXONE.o
                0x0000000000004c90                USB::RegisterDeviceClass(USBDeviceConfig*)
 .text._ZN17UsbConfigXtracter14EndpointXtractEhhhhPK23USB_ENDPOINT_DESCRIPTOR
                0x0000000000004d20       0x40 obj/default/include/XBOXONE.o
                0x0000000000004d20                UsbConfigXtracter::EndpointXtract(unsigned char, unsigned char, unsigned char, unsigned char, USB_ENDPOINT_DESCRIPTOR const*)
 .text._ZN7XBOXONE10GetAddressEv
                0x0000000000004d60       0x28 obj/default/include/XBOXONE.o
                0x0000000000004d60                XBOXONE::GetAddress()
 .text._ZN7XBOXONE7isReadyEv
                0x0000000000004d88       0x28 obj/default/include/XBOXONE.o
                0x0000000000004d88                XBOXONE::isReady()
 .text._ZN7XBOXONE8VIDPIDOKEtt
                0x0000000000004db0      0x12c obj/default/include/XBOXONE.o
                0x0000000000004db0                XBOXONE::VIDPIDOK(unsigned short, unsigned short)
 .text._ZN15USBDeviceConfigC2Ev
                0x0000000000004edc       0x34 obj/default/include/XBOXONE.o
                0x0000000000004edc                USBDeviceConfig::USBDeviceConfig()
                0x0000000000004edc                USBDeviceConfig::USBDeviceConfig()
 .text._ZN17UsbConfigXtracterC2Ev
                0x0000000000004f10       0x34 obj/default/include/XBOXONE.o
                0x0000000000004f10                UsbConfigXtracter::UsbConfigXtracter()
                0x0000000000004f10                UsbConfigXtracter::UsbConfigXtracter()
 .text._ZN13USBReadParserC2Ev
                0x0000000000004f44       0x34 obj/default/include/XBOXONE.o
                0x0000000000004f44                USBReadParser::USBReadParser()
                0x0000000000004f44                USBReadParser::USBReadParser()
 .text._ZN16ConfigDescParserILh0ELh0ELh0ELh0EEC2EP17UsbConfigXtracter
                0x0000000000004f78      0x164 obj/default/include/XBOXONE.o
                0x0000000000004f78                ConfigDescParser<(unsigned char)0, (unsigned char)0, (unsigned char)0, (unsigned char)0>::ConfigDescParser(UsbConfigXtracter*)
                0x0000000000004f78                ConfigDescParser<(unsigned char)0, (unsigned char)0, (unsigned char)0, (unsigned char)0>::ConfigDescParser(UsbConfigXtracter*)
 .text._ZN16ConfigDescParserILh0ELh0ELh0ELh0EE5ParseEtPKhRKt
                0x00000000000050dc       0x7c obj/default/include/XBOXONE.o
                0x00000000000050dc                ConfigDescParser<(unsigned char)0, (unsigned char)0, (unsigned char)0, (unsigned char)0>::Parse(unsigned short, unsigned char const*, unsigned short const&)
 .text._ZN16ConfigDescParserILh0ELh0ELh0ELh0EE15ParseDescriptorEPPhPt
                0x0000000000005158      0x4b0 obj/default/include/XBOXONE.o
                0x0000000000005158                ConfigDescParser<(unsigned char)0, (unsigned char)0, (unsigned char)0, (unsigned char)0>::ParseDescriptor(unsigned char**, unsigned short*)
 .text          0x0000000000005608      0x770 obj/default/include/hidboot.o
                0x0000000000005608                MouseReportParser::Parse(USBHID*, bool, unsigned char, unsigned char*)
                0x0000000000005824                KeyboardReportParser::Parse(USBHID*, bool, unsigned char, unsigned char*)
                0x0000000000005ae0                KeyboardReportParser::OemToAscii(unsigned char, unsigned char)
 .text._ZN17MouseReportParser11OnMouseMoveEP9MOUSEINFO
                0x0000000000005d78       0x28 obj/default/include/hidboot.o
                0x0000000000005d78                MouseReportParser::OnMouseMove(MOUSEINFO*)
 .text._ZN17MouseReportParser14OnLeftButtonUpEP9MOUSEINFO
                0x0000000000005da0       0x28 obj/default/include/hidboot.o
                0x0000000000005da0                MouseReportParser::OnLeftButtonUp(MOUSEINFO*)
 .text._ZN17MouseReportParser16OnLeftButtonDownEP9MOUSEINFO
                0x0000000000005dc8       0x28 obj/default/include/hidboot.o
                0x0000000000005dc8                MouseReportParser::OnLeftButtonDown(MOUSEINFO*)
 .text._ZN17MouseReportParser15OnRightButtonUpEP9MOUSEINFO
                0x0000000000005df0       0x28 obj/default/include/hidboot.o
                0x0000000000005df0                MouseReportParser::OnRightButtonUp(MOUSEINFO*)
 .text._ZN17MouseReportParser17OnRightButtonDownEP9MOUSEINFO
                0x0000000000005e18       0x28 obj/default/include/hidboot.o
                0x0000000000005e18                MouseReportParser::OnRightButtonDown(MOUSEINFO*)
 .text._ZN17MouseReportParser16OnMiddleButtonUpEP9MOUSEINFO
                0x0000000000005e40       0x28 obj/default/include/hidboot.o
                0x0000000000005e40                MouseReportParser::OnMiddleButtonUp(MOUSEINFO*)
 .text._ZN17MouseReportParser18OnMiddleButtonDownEP9MOUSEINFO
                0x0000000000005e68       0x28 obj/default/include/hidboot.o
                0x0000000000005e68                MouseReportParser::OnMiddleButtonDown(MOUSEINFO*)
 .text._ZN20KeyboardReportParser17HandleLockingKeysEP6USBHIDh
                0x0000000000005e90      0x18c obj/default/include/hidboot.o
                0x0000000000005e90                KeyboardReportParser::HandleLockingKeys(USBHID*, unsigned char)
 .text._ZN20KeyboardReportParser20OnControlKeysChangedEhh
                0x000000000000601c       0x34 obj/default/include/hidboot.o
                0x000000000000601c                KeyboardReportParser::OnControlKeysChanged(unsigned char, unsigned char)
 .text._ZN20KeyboardReportParser9OnKeyDownEhh
                0x0000000000006050       0x34 obj/default/include/hidboot.o
                0x0000000000006050                KeyboardReportParser::OnKeyDown(unsigned char, unsigned char)
 .text._ZN20KeyboardReportParser7OnKeyUpEhh
                0x0000000000006084       0x34 obj/default/include/hidboot.o
                0x0000000000006084                KeyboardReportParser::OnKeyUp(unsigned char, unsigned char)
 .text._ZN20KeyboardReportParser10getNumKeysEv
                0x00000000000060b8       0x28 obj/default/include/hidboot.o
                0x00000000000060b8                KeyboardReportParser::getNumKeys()
 .text._ZN20KeyboardReportParser12getSymKeysUpEv
                0x00000000000060e0       0x28 obj/default/include/hidboot.o
                0x00000000000060e0                KeyboardReportParser::getSymKeysUp()
 .text._ZN20KeyboardReportParser12getSymKeysLoEv
                0x0000000000006108       0x28 obj/default/include/hidboot.o
                0x0000000000006108                KeyboardReportParser::getSymKeysLo()
 .text._ZN20KeyboardReportParser10getPadKeysEv
                0x0000000000006130       0x24 obj/default/include/hidboot.o
                0x0000000000006130                KeyboardReportParser::getPadKeys()
 .text          0x0000000000006154      0x1a8 obj/default/include/message.o
                0x0000000000006154                E_Notifyc(char, int)
                0x00000000000061a4                E_Notify(char const*, int)
                0x0000000000006228                E_NotifyStr(char const*, int)
                0x00000000000062ac                E_Notify(unsigned char, int)
                0x00000000000062d4                E_Notify(double, int)
 .text          0x00000000000062fc      0x35c obj/default/include/parsetools.o
                0x00000000000062fc                MultiByteValueParser::Parse(unsigned char**, unsigned short*)
                0x0000000000006404                PTPListParser::Parse(unsigned char**, unsigned short*, void (*)(MultiValueBuffer const*, unsigned long, void const*), void const*)
 .text          0x0000000000006658      0x8b4 obj/default/include/sgtl5000.o
                0x0000000000006658                I2Creg_wr(ALT_AVALON_I2C_DEV_s*, unsigned char, unsigned short)
                0x00000000000066fc                I2Cbytes_wr(ALT_AVALON_I2C_DEV_s*, unsigned char, unsigned char, unsigned short*)
                0x00000000000068b4                I2Creg_rd(ALT_AVALON_I2C_DEV_s*, unsigned char)
                0x000000000000695c                I2Cbytes_rd(ALT_AVALON_I2C_DEV_s*, unsigned char, unsigned char, unsigned short*)
                0x0000000000006b08                SGTL5000init(ALT_AVALON_I2C_DEV_s*)
                0x0000000000006ba0                SGTL5000audio_on(ALT_AVALON_I2C_DEV_s*)
                0x0000000000006c0c                SGTL5000status(ALT_AVALON_I2C_DEV_s*)
                0x0000000000006db8                SGTL5000vol_up(ALT_AVALON_I2C_DEV_s*)
                0x0000000000006e8c                SGTL5000vol_down(ALT_AVALON_I2C_DEV_s*)
 .text          0x0000000000006f0c     0x1dbc obj/default/include/usbh_midi.o
                0x0000000000006f0c                USBH_MIDI::USBH_MIDI(USB*)
                0x0000000000006f0c                USBH_MIDI::USBH_MIDI(USB*)
                0x000000000000708c                USBH_MIDI::Init(unsigned char, unsigned char, bool)
                0x00000000000078ac                USBH_MIDI::Release()
                0x0000000000007924                USBH_MIDI::setupDeviceSpecific()
                0x0000000000007a2c                USBH_MIDI::RecvData(unsigned short*, unsigned char*)
                0x0000000000007b00                USBH_MIDI::RecvData(unsigned char*, bool)
                0x0000000000007d68                USBH_MIDI::SendData(unsigned char*, unsigned char)
                0x0000000000007ec4                USBH_MIDI::lookupMsgSize(unsigned char, unsigned char)
                0x0000000000007f28                USBH_MIDI::countSysExDataSize(unsigned char*)
                0x0000000000007fb0                USBH_MIDI::SendSysEx(unsigned char*, unsigned short, unsigned char)
                0x00000000000082e4                USBH_MIDI::extractSysExData(unsigned char*, unsigned char*)
                0x0000000000008424                MidiDescParser::MidiDescParser(UsbMidiConfigXtracter*, bool)
                0x0000000000008424                MidiDescParser::MidiDescParser(UsbMidiConfigXtracter*, bool)
                0x000000000000859c                MidiDescParser::Parse(unsigned short, unsigned char const*, unsigned short const&)
                0x0000000000008618                MidiDescParser::ParseDescriptor(unsigned char**, unsigned short*)
                0x0000000000008b7c                USBH_MIDI::EndpointXtract(unsigned char, unsigned char, unsigned char, unsigned char, USB_ENDPOINT_DESCRIPTOR const*)
                0x0000000000008cc0                non-virtual thunk to USBH_MIDI::EndpointXtract(unsigned char, unsigned char, unsigned char, unsigned char, USB_ENDPOINT_DESCRIPTOR const*)
 .text._ZN21UsbMidiConfigXtracter14EndpointXtractEhhhhPK23USB_ENDPOINT_DESCRIPTOR
                0x0000000000008cc8       0x40 obj/default/include/usbh_midi.o
                0x0000000000008cc8                UsbMidiConfigXtracter::EndpointXtract(unsigned char, unsigned char, unsigned char, unsigned char, USB_ENDPOINT_DESCRIPTOR const*)
 .text._ZN14MidiDescParser12getConfValueEv
                0x0000000000008d08       0x28 obj/default/include/usbh_midi.o
                0x0000000000008d08                MidiDescParser::getConfValue()
 .text._ZN14MidiDescParser9getNumEPsEv
                0x0000000000008d30       0x28 obj/default/include/usbh_midi.o
                0x0000000000008d30                MidiDescParser::getNumEPs()
 .text._ZN9USBH_MIDI17convertStatus2CinEh
                0x0000000000008d58       0x58 obj/default/include/usbh_midi.o
                0x0000000000008d58                USBH_MIDI::convertStatus2Cin(unsigned char)
 .text._ZN9USBH_MIDI17getMsgSizeFromCinEh
                0x0000000000008db0       0x3c obj/default/include/usbh_midi.o
                0x0000000000008db0                USBH_MIDI::getMsgSizeFromCin(unsigned char)
 .text._ZN9USBH_MIDI10GetAddressEv
                0x0000000000008dec       0x28 obj/default/include/usbh_midi.o
                0x0000000000008dec                USBH_MIDI::GetAddress()
 .text._ZN21UsbMidiConfigXtracterC2Ev
                0x0000000000008e14       0x34 obj/default/include/usbh_midi.o
                0x0000000000008e14                UsbMidiConfigXtracter::UsbMidiConfigXtracter()
                0x0000000000008e14                UsbMidiConfigXtracter::UsbMidiConfigXtracter()
 .text._Z10D_PrintHexItEvT_i
                0x0000000000008e48       0x2c obj/default/include/usbh_midi.o
                0x0000000000008e48                void D_PrintHex<unsigned short>(unsigned short, int)
 .text          0x0000000000008e74      0x604 obj/default/include/usbhid.o
                0x0000000000008e74                USBHID::GetReportDescr(unsigned short, USBReadParser*)
                0x0000000000008f14                USBHID::SetReport(unsigned char, unsigned char, unsigned char, unsigned char, unsigned short, unsigned char*)
                0x0000000000008fcc                USBHID::GetReport(unsigned char, unsigned char, unsigned char, unsigned char, unsigned short, unsigned char*)
                0x0000000000009084                USBHID::GetIdle(unsigned char, unsigned char, unsigned char*)
                0x000000000000911c                USBHID::SetIdle(unsigned char, unsigned char, unsigned char)
                0x00000000000091b0                USBHID::SetProtocol(unsigned char, unsigned char)
                0x0000000000009234                USBHID::GetProtocol(unsigned char, unsigned char*)
                0x00000000000092bc                USBHID::PrintEndpointDescriptor(USB_ENDPOINT_DESCRIPTOR const*)
                0x0000000000009388                USBHID::PrintHidDescriptor(USB_HID_DESCRIPTOR const*)
 .text          0x0000000000009478      0x9f0 obj/default/include/usbhost.o
                0x0000000000009478                MAX3421e::MAX3421e()
                0x0000000000009478                MAX3421e::MAX3421e()
                0x00000000000094b4                MAX3421e::getVbusState()
                0x00000000000094d8                MAX3421e::regWr(unsigned char, unsigned char)
                0x0000000000009564                MAX3421e::bytesWr(unsigned char, unsigned char, unsigned char*)
                0x0000000000009698                MAX3421e::gpioWr(unsigned char)
                0x000000000000970c                MAX3421e::regRd(unsigned char)
                0x0000000000009784                MAX3421e::bytesRd(unsigned char, unsigned char, unsigned char*)
                0x000000000000980c                MAX3421e::gpioRd()
                0x000000000000988c                MAX3421e::gpioRdOutput()
                0x0000000000009908                MAX3421e::reset()
                0x00000000000099d4                Vbus_power(bool)
                0x00000000000099fc                MAX3421e::Init()
                0x0000000000009ae0                MAX3421e::Init(int)
                0x0000000000009bf8                MAX3421e::busprobe()
                0x0000000000009d6c                MAX3421e::Task()
                0x0000000000009dd0                MAX3421e::IntHandler()
                0x0000000000009e44                MAX3421e::GpxHandler()
 .text          0x0000000000009e68      0x430 obj/default/main.o
                0x0000000000009e68                onInit()
                0x0000000000009ee0                MIDI_setup()
                0x0000000000009f58                MIDI_poll()
                0x000000000000a090                control()
                0x000000000000a118                main
 .text._ZN9USBH_MIDIcvbEv
                0x000000000000a298       0x28 obj/default/main.o
                0x000000000000a298                USBH_MIDI::operator bool()
 .text._ZN9USBH_MIDI8idVendorEv
                0x000000000000a2c0       0x28 obj/default/main.o
                0x000000000000a2c0                USBH_MIDI::idVendor()
 .text._ZN9USBH_MIDI9idProductEv
                0x000000000000a2e8       0x28 obj/default/main.o
                0x000000000000a2e8                USBH_MIDI::idProduct()
 .text._ZN9USBH_MIDI12attachOnInitEPFvvE
                0x000000000000a310       0x34 obj/default/main.o
                0x000000000000a310                USBH_MIDI::attachOnInit(void (*)())
 .text          0x000000000000a344        0x0 c:/intelfpga_lite/18.1/nios2eds/bin/gnu/h-x86_64-mingw32/bin/../lib/gcc/nios2-elf/5.3.0/../../../../../H-x86_64-mingw32/nios2-elf/lib/mno-hw-mul\libstdc++.a(si_class_type_info.o)
 .text._ZN10__cxxabiv120__si_class_type_infoD2Ev
                0x000000000000a344       0x10 c:/intelfpga_lite/18.1/nios2eds/bin/gnu/h-x86_64-mingw32/bin/../lib/gcc/nios2-elf/5.3.0/../../../../../H-x86_64-mingw32/nios2-elf/lib/mno-hw-mul\libstdc++.a(si_class_type_info.o)
                0x000000000000a344                __cxxabiv1::__si_class_type_info::~__si_class_type_info()
                0x000000000000a344                __cxxabiv1::__si_class_type_info::~__si_class_type_info()
 .text._ZN10__cxxabiv120__si_class_type_infoD0Ev
                0x000000000000a354       0x34 c:/intelfpga_lite/18.1/nios2eds/bin/gnu/h-x86_64-mingw32/bin/../lib/gcc/nios2-elf/5.3.0/../../../../../H-x86_64-mingw32/nios2-elf/lib/mno-hw-mul\libstdc++.a(si_class_type_info.o)
                0x000000000000a354                __cxxabiv1::__si_class_type_info::~__si_class_type_info()
 .text._ZNK10__cxxabiv120__si_class_type_info12__do_dyncastEiNS_17__class_type_info10__sub_kindEPKS1_PKvS4_S6_RNS1_16__dyncast_resultE
                0x000000000000a388      0x160 c:/intelfpga_lite/18.1/nios2eds/bin/gnu/h-x86_64-mingw32/bin/../lib/gcc/nios2-elf/5.3.0/../../../../../H-x86_64-mingw32/nios2-elf/lib/mno-hw-mul\libstdc++.a(si_class_type_info.o)
                0x000000000000a388                __cxxabiv1::__si_class_type_info::__do_dyncast(int, __cxxabiv1::__class_type_info::__sub_kind, __cxxabiv1::__class_type_info const*, void const*, __cxxabiv1::__class_type_info const*, void const*, __cxxabiv1::__class_type_info::__dyncast_result&) const
 .text._ZNK10__cxxabiv120__si_class_type_info20__do_find_public_srcEiPKvPKNS_17__class_type_infoES2_
                0x000000000000a4e8       0x9c c:/intelfpga_lite/18.1/nios2eds/bin/gnu/h-x86_64-mingw32/bin/../lib/gcc/nios2-elf/5.3.0/../../../../../H-x86_64-mingw32/nios2-elf/lib/mno-hw-mul\libstdc++.a(si_class_type_info.o)
                0x000000000000a4e8                __cxxabiv1::__si_class_type_info::__do_find_public_src(int, void const*, __cxxabiv1::__class_type_info const*, void const*) const
 .text._ZNK10__cxxabiv120__si_class_type_info11__do_upcastEPKNS_17__class_type_infoEPKvRNS1_15__upcast_resultE
                0x000000000000a584       0x84 c:/intelfpga_lite/18.1/nios2eds/bin/gnu/h-x86_64-mingw32/bin/../lib/gcc/nios2-elf/5.3.0/../../../../../H-x86_64-mingw32/nios2-elf/lib/mno-hw-mul\libstdc++.a(si_class_type_info.o)
                0x000000000000a584                __cxxabiv1::__si_class_type_info::__do_upcast(__cxxabiv1::__class_type_info const*, void const*, __cxxabiv1::__class_type_info::__upcast_result&) const
 .text          0x000000000000a608        0x0 c:/intelfpga_lite/18.1/nios2eds/bin/gnu/h-x86_64-mingw32/bin/../lib/gcc/nios2-elf/5.3.0/../../../../../H-x86_64-mingw32/nios2-elf/lib/mno-hw-mul\libstdc++.a(vmi_class_type_info.o)
 .text._ZN10__cxxabiv121__vmi_class_type_infoD2Ev
                0x000000000000a608       0x10 c:/intelfpga_lite/18.1/nios2eds/bin/gnu/h-x86_64-mingw32/bin/../lib/gcc/nios2-elf/5.3.0/../../../../../H-x86_64-mingw32/nios2-elf/lib/mno-hw-mul\libstdc++.a(vmi_class_type_info.o)
                0x000000000000a608                __cxxabiv1::__vmi_class_type_info::~__vmi_class_type_info()
                0x000000000000a608                __cxxabiv1::__vmi_class_type_info::~__vmi_class_type_info()
 .text._ZN10__cxxabiv121__vmi_class_type_infoD0Ev
                0x000000000000a618       0x34 c:/intelfpga_lite/18.1/nios2eds/bin/gnu/h-x86_64-mingw32/bin/../lib/gcc/nios2-elf/5.3.0/../../../../../H-x86_64-mingw32/nios2-elf/lib/mno-hw-mul\libstdc++.a(vmi_class_type_info.o)
                0x000000000000a618                __cxxabiv1::__vmi_class_type_info::~__vmi_class_type_info()
 .text._ZNK10__cxxabiv121__vmi_class_type_info20__do_find_public_srcEiPKvPKNS_17__class_type_infoES2_
                0x000000000000a64c      0x128 c:/intelfpga_lite/18.1/nios2eds/bin/gnu/h-x86_64-mingw32/bin/../lib/gcc/nios2-elf/5.3.0/../../../../../H-x86_64-mingw32/nios2-elf/lib/mno-hw-mul\libstdc++.a(vmi_class_type_info.o)
                0x000000000000a64c                __cxxabiv1::__vmi_class_type_info::__do_find_public_src(int, void const*, __cxxabiv1::__class_type_info const*, void const*) const
 .text._ZNK10__cxxabiv121__vmi_class_type_info12__do_dyncastEiNS_17__class_type_info10__sub_kindEPKS1_PKvS4_S6_RNS1_16__dyncast_resultE
                0x000000000000a774      0x604 c:/intelfpga_lite/18.1/nios2eds/bin/gnu/h-x86_64-mingw32/bin/../lib/gcc/nios2-elf/5.3.0/../../../../../H-x86_64-mingw32/nios2-elf/lib/mno-hw-mul\libstdc++.a(vmi_class_type_info.o)
                0x000000000000a774                __cxxabiv1::__vmi_class_type_info::__do_dyncast(int, __cxxabiv1::__class_type_info::__sub_kind, __cxxabiv1::__class_type_info const*, void const*, __cxxabiv1::__class_type_info const*, void const*, __cxxabiv1::__class_type_info::__dyncast_result&) const
 .text._ZNK10__cxxabiv121__vmi_class_type_info11__do_upcastEPKNS_17__class_type_infoEPKvRNS1_15__upcast_resultE
                0x000000000000ad78      0x274 c:/intelfpga_lite/18.1/nios2eds/bin/gnu/h-x86_64-mingw32/bin/../lib/gcc/nios2-elf/5.3.0/../../../../../H-x86_64-mingw32/nios2-elf/lib/mno-hw-mul\libstdc++.a(vmi_class_type_info.o)
                0x000000000000ad78                __cxxabiv1::__vmi_class_type_info::__do_upcast(__cxxabiv1::__class_type_info const*, void const*, __cxxabiv1::__class_type_info::__upcast_result&) const
 .text          0x000000000000afec        0x0 c:/intelfpga_lite/18.1/nios2eds/bin/gnu/h-x86_64-mingw32/bin/../lib/gcc/nios2-elf/5.3.0/../../../../../H-x86_64-mingw32/nios2-elf/lib/mno-hw-mul\libstdc++.a(tinfo.o)
 .text._ZNSt9type_infoD2Ev
                0x000000000000afec        0x4 c:/intelfpga_lite/18.1/nios2eds/bin/gnu/h-x86_64-mingw32/bin/../lib/gcc/nios2-elf/5.3.0/../../../../../H-x86_64-mingw32/nios2-elf/lib/mno-hw-mul\libstdc++.a(tinfo.o)
                0x000000000000afec                std::type_info::~type_info()
                0x000000000000afec                std::type_info::~type_info()
 .text._ZNKSt9type_info15__is_function_pEv
                0x000000000000aff0        0x8 c:/intelfpga_lite/18.1/nios2eds/bin/gnu/h-x86_64-mingw32/bin/../lib/gcc/nios2-elf/5.3.0/../../../../../H-x86_64-mingw32/nios2-elf/lib/mno-hw-mul\libstdc++.a(tinfo.o)
                0x000000000000aff0                std::type_info::__is_pointer_p() const
                0x000000000000aff0                std::type_info::__is_function_p() const
 .text._ZNKSt9type_info11__do_upcastEPKN10__cxxabiv117__class_type_infoEPPv
                0x000000000000aff8        0x8 c:/intelfpga_lite/18.1/nios2eds/bin/gnu/h-x86_64-mingw32/bin/../lib/gcc/nios2-elf/5.3.0/../../../../../H-x86_64-mingw32/nios2-elf/lib/mno-hw-mul\libstdc++.a(tinfo.o)
                0x000000000000aff8                std::type_info::__do_upcast(__cxxabiv1::__class_type_info const*, void**) const
 .text._ZNSt9type_infoD0Ev
                0x000000000000b000        0x4 c:/intelfpga_lite/18.1/nios2eds/bin/gnu/h-x86_64-mingw32/bin/../lib/gcc/nios2-elf/5.3.0/../../../../../H-x86_64-mingw32/nios2-elf/lib/mno-hw-mul\libstdc++.a(tinfo.o)
                0x000000000000b000                std::type_info::~type_info()
 .text._ZNKSt9type_info10__do_catchEPKS_PPvj
                0x000000000000b004       0x44 c:/intelfpga_lite/18.1/nios2eds/bin/gnu/h-x86_64-mingw32/bin/../lib/gcc/nios2-elf/5.3.0/../../../../../H-x86_64-mingw32/nios2-elf/lib/mno-hw-mul\libstdc++.a(tinfo.o)
                0x000000000000b004                std::type_info::__do_catch(std::type_info const*, void**, unsigned int) const
 .text          0x000000000000b048        0x0 c:/intelfpga_lite/18.1/nios2eds/bin/gnu/h-x86_64-mingw32/bin/../lib/gcc/nios2-elf/5.3.0/../../../../../H-x86_64-mingw32/nios2-elf/lib/mno-hw-mul\libstdc++.a(del_op.o)
 .text._ZdlPv   0x000000000000b048        0x4 c:/intelfpga_lite/18.1/nios2eds/bin/gnu/h-x86_64-mingw32/bin/../lib/gcc/nios2-elf/5.3.0/../../../../../H-x86_64-mingw32/nios2-elf/lib/mno-hw-mul\libstdc++.a(del_op.o)
                0x000000000000b048                operator delete(void*)
 .text          0x000000000000b04c        0x0 c:/intelfpga_lite/18.1/nios2eds/bin/gnu/h-x86_64-mingw32/bin/../lib/gcc/nios2-elf/5.3.0/../../../../../H-x86_64-mingw32/nios2-elf/lib/mno-hw-mul\libstdc++.a(pure.o)
 .text.__cxa_pure_virtual
                0x000000000000b04c       0x20 c:/intelfpga_lite/18.1/nios2eds/bin/gnu/h-x86_64-mingw32/bin/../lib/gcc/nios2-elf/5.3.0/../../../../../H-x86_64-mingw32/nios2-elf/lib/mno-hw-mul\libstdc++.a(pure.o)
                0x000000000000b04c                __cxa_pure_virtual
 .text.__cxa_deleted_virtual
                0x000000000000b06c       0x20 c:/intelfpga_lite/18.1/nios2eds/bin/gnu/h-x86_64-mingw32/bin/../lib/gcc/nios2-elf/5.3.0/../../../../../H-x86_64-mingw32/nios2-elf/lib/mno-hw-mul\libstdc++.a(pure.o)
                0x000000000000b06c                __cxa_deleted_virtual
 .text          0x000000000000b08c        0x0 c:/intelfpga_lite/18.1/nios2eds/bin/gnu/h-x86_64-mingw32/bin/../lib/gcc/nios2-elf/5.3.0/../../../../../H-x86_64-mingw32/nios2-elf/lib/mno-hw-mul\libstdc++.a(class_type_info.o)
 .text._ZNK10__cxxabiv117__class_type_info11__do_upcastEPKS0_PPv
                0x000000000000b08c       0x78 c:/intelfpga_lite/18.1/nios2eds/bin/gnu/h-x86_64-mingw32/bin/../lib/gcc/nios2-elf/5.3.0/../../../../../H-x86_64-mingw32/nios2-elf/lib/mno-hw-mul\libstdc++.a(class_type_info.o)
                0x000000000000b08c                __cxxabiv1::__class_type_info::__do_upcast(__cxxabiv1::__class_type_info const*, void**) const
 .text._ZNK10__cxxabiv117__class_type_info20__do_find_public_srcEiPKvPKS0_S2_
                0x000000000000b104       0x18 c:/intelfpga_lite/18.1/nios2eds/bin/gnu/h-x86_64-mingw32/bin/../lib/gcc/nios2-elf/5.3.0/../../../../../H-x86_64-mingw32/nios2-elf/lib/mno-hw-mul\libstdc++.a(class_type_info.o)
                0x000000000000b104                __cxxabiv1::__class_type_info::__do_find_public_src(int, void const*, __cxxabiv1::__class_type_info const*, void const*) const
 .text._ZN10__cxxabiv117__class_type_infoD2Ev
                0x000000000000b11c       0x10 c:/intelfpga_lite/18.1/nios2eds/bin/gnu/h-x86_64-mingw32/bin/../lib/gcc/nios2-elf/5.3.0/../../../../../H-x86_64-mingw32/nios2-elf/lib/mno-hw-mul\libstdc++.a(class_type_info.o)
                0x000000000000b11c                __cxxabiv1::__class_type_info::~__class_type_info()
                0x000000000000b11c                __cxxabiv1::__class_type_info::~__class_type_info()
 .text._ZN10__cxxabiv117__class_type_infoD0Ev
                0x000000000000b12c       0x34 c:/intelfpga_lite/18.1/nios2eds/bin/gnu/h-x86_64-mingw32/bin/../lib/gcc/nios2-elf/5.3.0/../../../../../H-x86_64-mingw32/nios2-elf/lib/mno-hw-mul\libstdc++.a(class_type_info.o)
                0x000000000000b12c                __cxxabiv1::__class_type_info::~__class_type_info()
 .text._ZNK10__cxxabiv117__class_type_info11__do_upcastEPKS0_PKvRNS0_15__upcast_resultE
                0x000000000000b160       0x6c c:/intelfpga_lite/18.1/nios2eds/bin/gnu/h-x86_64-mingw32/bin/../lib/gcc/nios2-elf/5.3.0/../../../../../H-x86_64-mingw32/nios2-elf/lib/mno-hw-mul\libstdc++.a(class_type_info.o)
                0x000000000000b160                __cxxabiv1::__class_type_info::__do_upcast(__cxxabiv1::__class_type_info const*, void const*, __cxxabiv1::__class_type_info::__upcast_result&) const
 .text._ZNK10__cxxabiv117__class_type_info12__do_dyncastEiNS0_10__sub_kindEPKS0_PKvS3_S5_RNS0_16__dyncast_resultE
                0x000000000000b1cc       0xd0 c:/intelfpga_lite/18.1/nios2eds/bin/gnu/h-x86_64-mingw32/bin/../lib/gcc/nios2-elf/5.3.0/../../../../../H-x86_64-mingw32/nios2-elf/lib/mno-hw-mul\libstdc++.a(class_type_info.o)
                0x000000000000b1cc                __cxxabiv1::__class_type_info::__do_dyncast(int, __cxxabiv1::__class_type_info::__sub_kind, __cxxabiv1::__class_type_info const*, void const*, __cxxabiv1::__class_type_info const*, void const*, __cxxabiv1::__class_type_info::__dyncast_result&) const
 .text._ZNK10__cxxabiv117__class_type_info10__do_catchEPKSt9type_infoPPvj
                0x000000000000b29c       0xb8 c:/intelfpga_lite/18.1/nios2eds/bin/gnu/h-x86_64-mingw32/bin/../lib/gcc/nios2-elf/5.3.0/../../../../../H-x86_64-mingw32/nios2-elf/lib/mno-hw-mul\libstdc++.a(class_type_info.o)
                0x000000000000b29c                __cxxabiv1::__class_type_info::__do_catch(std::type_info const*, void**, unsigned int) const
 .text          0x000000000000b354        0x0 c:/intelfpga_lite/18.1/nios2eds/bin/gnu/h-x86_64-mingw32/bin/../lib/gcc/nios2-elf/5.3.0/../../../../../H-x86_64-mingw32/nios2-elf/lib/mno-hw-mul\libstdc++.a(eh_terminate.o)
 .text._ZN10__cxxabiv111__terminateEPFvvE
                0x000000000000b354       0xc0 c:/intelfpga_lite/18.1/nios2eds/bin/gnu/h-x86_64-mingw32/bin/../lib/gcc/nios2-elf/5.3.0/../../../../../H-x86_64-mingw32/nios2-elf/lib/mno-hw-mul\libstdc++.a(eh_terminate.o)
                0x000000000000b354                __cxxabiv1::__terminate(void (*)())
 .text._ZSt9terminatev
                0x000000000000b414       0x18 c:/intelfpga_lite/18.1/nios2eds/bin/gnu/h-x86_64-mingw32/bin/../lib/gcc/nios2-elf/5.3.0/../../../../../H-x86_64-mingw32/nios2-elf/lib/mno-hw-mul\libstdc++.a(eh_terminate.o)
                0x000000000000b414                std::terminate()
 .text._ZN10__cxxabiv112__unexpectedEPFvvE
                0x000000000000b42c       0x10 c:/intelfpga_lite/18.1/nios2eds/bin/gnu/h-x86_64-mingw32/bin/../lib/gcc/nios2-elf/5.3.0/../../../../../H-x86_64-mingw32/nios2-elf/lib/mno-hw-mul\libstdc++.a(eh_terminate.o)
                0x000000000000b42c                __cxxabiv1::__unexpected(void (*)())
 .text._ZSt10unexpectedv
                0x000000000000b43c       0x18 c:/intelfpga_lite/18.1/nios2eds/bin/gnu/h-x86_64-mingw32/bin/../lib/gcc/nios2-elf/5.3.0/../../../../../H-x86_64-mingw32/nios2-elf/lib/mno-hw-mul\libstdc++.a(eh_terminate.o)
                0x000000000000b43c                std::unexpected()
 .text._ZSt13set_terminatePFvvE
                0x000000000000b454       0x14 c:/intelfpga_lite/18.1/nios2eds/bin/gnu/h-x86_64-mingw32/bin/../lib/gcc/nios2-elf/5.3.0/../../../../../H-x86_64-mingw32/nios2-elf/lib/mno-hw-mul\libstdc++.a(eh_terminate.o)
                0x000000000000b454                std::set_terminate(void (*)())
 .text._ZSt13get_terminatev
                0x000000000000b468       0x10 c:/intelfpga_lite/18.1/nios2eds/bin/gnu/h-x86_64-mingw32/bin/../lib/gcc/nios2-elf/5.3.0/../../../../../H-x86_64-mingw32/nios2-elf/lib/mno-hw-mul\libstdc++.a(eh_terminate.o)
                0x000000000000b468                std::get_terminate()
 .text._ZSt14set_unexpectedPFvvE
                0x000000000000b478       0x14 c:/intelfpga_lite/18.1/nios2eds/bin/gnu/h-x86_64-mingw32/bin/../lib/gcc/nios2-elf/5.3.0/../../../../../H-x86_64-mingw32/nios2-elf/lib/mno-hw-mul\libstdc++.a(eh_terminate.o)
                0x000000000000b478                std::set_unexpected(void (*)())
 .text._ZSt14get_unexpectedv
                0x000000000000b48c       0x10 c:/intelfpga_lite/18.1/nios2eds/bin/gnu/h-x86_64-mingw32/bin/../lib/gcc/nios2-elf/5.3.0/../../../../../H-x86_64-mingw32/nios2-elf/lib/mno-hw-mul\libstdc++.a(eh_terminate.o)
                0x000000000000b48c                std::get_unexpected()
 .text          0x000000000000b49c        0x0 c:/intelfpga_lite/18.1/nios2eds/bin/gnu/h-x86_64-mingw32/bin/../lib/gcc/nios2-elf/5.3.0/../../../../../H-x86_64-mingw32/nios2-elf/lib/mno-hw-mul\libstdc++.a(eh_unex_handler.o)
 .text          0x000000000000b49c        0x0 c:/intelfpga_lite/18.1/nios2eds/bin/gnu/h-x86_64-mingw32/bin/../lib/gcc/nios2-elf/5.3.0/../../../../../H-x86_64-mingw32/nios2-elf/lib/mno-hw-mul\libstdc++.a(eh_term_handler.o)
 .text          0x000000000000b49c        0x0 c:/intelfpga_lite/18.1/nios2eds/bin/gnu/h-x86_64-mingw32/bin/../lib/gcc/nios2-elf/5.3.0/../../../../../H-x86_64-mingw32/nios2-elf/lib/mno-hw-mul\libstdc++.a(eh_personality.o)
 .text._ZL21size_of_encoded_valueh
                0x000000000000b49c       0xa4 c:/intelfpga_lite/18.1/nios2eds/bin/gnu/h-x86_64-mingw32/bin/../lib/gcc/nios2-elf/5.3.0/../../../../../H-x86_64-mingw32/nios2-elf/lib/mno-hw-mul\libstdc++.a(eh_personality.o)
 .text._ZL28read_encoded_value_with_basehjPKhPj
                0x000000000000b540      0x20c c:/intelfpga_lite/18.1/nios2eds/bin/gnu/h-x86_64-mingw32/bin/../lib/gcc/nios2-elf/5.3.0/../../../../../H-x86_64-mingw32/nios2-elf/lib/mno-hw-mul\libstdc++.a(eh_personality.o)
 .text._ZL15get_ttype_entryP16lsda_header_infom
                0x000000000000b74c       0x54 c:/intelfpga_lite/18.1/nios2eds/bin/gnu/h-x86_64-mingw32/bin/../lib/gcc/nios2-elf/5.3.0/../../../../../H-x86_64-mingw32/nios2-elf/lib/mno-hw-mul\libstdc++.a(eh_personality.o)
 .text._ZL21base_of_encoded_valuehP15_Unwind_Context
                0x000000000000b7a0       0x8c c:/intelfpga_lite/18.1/nios2eds/bin/gnu/h-x86_64-mingw32/bin/../lib/gcc/nios2-elf/5.3.0/../../../../../H-x86_64-mingw32/nios2-elf/lib/mno-hw-mul\libstdc++.a(eh_personality.o)
 .text._ZL17parse_lsda_headerP15_Unwind_ContextPKhP16lsda_header_info
                0x000000000000b82c      0x134 c:/intelfpga_lite/18.1/nios2eds/bin/gnu/h-x86_64-mingw32/bin/../lib/gcc/nios2-elf/5.3.0/../../../../../H-x86_64-mingw32/nios2-elf/lib/mno-hw-mul\libstdc++.a(eh_personality.o)
 .text._ZL16get_adjusted_ptrPKSt9type_infoS1_PPv.constprop.3
                0x000000000000b960       0x88 c:/intelfpga_lite/18.1/nios2eds/bin/gnu/h-x86_64-mingw32/bin/../lib/gcc/nios2-elf/5.3.0/../../../../../H-x86_64-mingw32/nios2-elf/lib/mno-hw-mul\libstdc++.a(eh_personality.o)
 .text.unlikely._ZL28check_compact_exception_specPKSt9type_infoPvPKhij
                0x000000000000b9e8      0x22c c:/intelfpga_lite/18.1/nios2eds/bin/gnu/h-x86_64-mingw32/bin/../lib/gcc/nios2-elf/5.3.0/../../../../../H-x86_64-mingw32/nios2-elf/lib/mno-hw-mul\libstdc++.a(eh_personality.o)
 .text._ZL20check_exception_specP16lsda_header_infoPKSt9type_infoPvl
                0x000000000000bc14       0xa8 c:/intelfpga_lite/18.1/nios2eds/bin/gnu/h-x86_64-mingw32/bin/../lib/gcc/nios2-elf/5.3.0/../../../../../H-x86_64-mingw32/nios2-elf/lib/mno-hw-mul\libstdc++.a(eh_personality.o)
 .text.__gxx_personality_sj0
                0x000000000000bcbc      0x600 c:/intelfpga_lite/18.1/nios2eds/bin/gnu/h-x86_64-mingw32/bin/../lib/gcc/nios2-elf/5.3.0/../../../../../H-x86_64-mingw32/nios2-elf/lib/mno-hw-mul\libstdc++.a(eh_personality.o)
                0x000000000000bcbc                __gxx_personality_sj0
 .text.__cxa_call_unexpected
                0x000000000000c2bc      0x230 c:/intelfpga_lite/18.1/nios2eds/bin/gnu/h-x86_64-mingw32/bin/../lib/gcc/nios2-elf/5.3.0/../../../../../H-x86_64-mingw32/nios2-elf/lib/mno-hw-mul\libstdc++.a(eh_personality.o)
                0x000000000000c2bc                __cxa_call_unexpected
 .text          0x000000000000c4ec        0x0 c:/intelfpga_lite/18.1/nios2eds/bin/gnu/h-x86_64-mingw32/bin/../lib/gcc/nios2-elf/5.3.0/../../../../../H-x86_64-mingw32/nios2-elf/lib/mno-hw-mul\libstdc++.a(eh_throw.o)
 .text._ZL23__gxx_exception_cleanup19_Unwind_Reason_CodeP17_Unwind_Exception
                0x000000000000c4ec       0x44 c:/intelfpga_lite/18.1/nios2eds/bin/gnu/h-x86_64-mingw32/bin/../lib/gcc/nios2-elf/5.3.0/../../../../../H-x86_64-mingw32/nios2-elf/lib/mno-hw-mul\libstdc++.a(eh_throw.o)
 .text.__cxa_throw
                0x000000000000c530       0x90 c:/intelfpga_lite/18.1/nios2eds/bin/gnu/h-x86_64-mingw32/bin/../lib/gcc/nios2-elf/5.3.0/../../../../../H-x86_64-mingw32/nios2-elf/lib/mno-hw-mul\libstdc++.a(eh_throw.o)
                0x000000000000c530                __cxa_throw
 .text.__cxa_rethrow
                0x000000000000c5c0       0x84 c:/intelfpga_lite/18.1/nios2eds/bin/gnu/h-x86_64-mingw32/bin/../lib/gcc/nios2-elf/5.3.0/../../../../../H-x86_64-mingw32/nios2-elf/lib/mno-hw-mul\libstdc++.a(eh_throw.o)
                0x000000000000c5c0                __cxa_rethrow
 .text          0x000000000000c644        0x0 c:/intelfpga_lite/18.1/nios2eds/bin/gnu/h-x86_64-mingw32/bin/../lib/gcc/nios2-elf/5.3.0/../../../../../H-x86_64-mingw32/nios2-elf/lib/mno-hw-mul\libstdc++.a(eh_catch.o)
 .text.__cxa_get_exception_ptr
                0x000000000000c644        0x8 c:/intelfpga_lite/18.1/nios2eds/bin/gnu/h-x86_64-mingw32/bin/../lib/gcc/nios2-elf/5.3.0/../../../../../H-x86_64-mingw32/nios2-elf/lib/mno-hw-mul\libstdc++.a(eh_catch.o)
                0x000000000000c644                __cxa_get_exception_ptr
 .text.__cxa_begin_catch
                0x000000000000c64c       0xb4 c:/intelfpga_lite/18.1/nios2eds/bin/gnu/h-x86_64-mingw32/bin/../lib/gcc/nios2-elf/5.3.0/../../../../../H-x86_64-mingw32/nios2-elf/lib/mno-hw-mul\libstdc++.a(eh_catch.o)
                0x000000000000c64c                __cxa_begin_catch
 .text.__cxa_end_catch
                0x000000000000c700       0xb4 c:/intelfpga_lite/18.1/nios2eds/bin/gnu/h-x86_64-mingw32/bin/../lib/gcc/nios2-elf/5.3.0/../../../../../H-x86_64-mingw32/nios2-elf/lib/mno-hw-mul\libstdc++.a(eh_catch.o)
                0x000000000000c700                __cxa_end_catch
 .text._ZSt18uncaught_exceptionv
                0x000000000000c7b4       0x20 c:/intelfpga_lite/18.1/nios2eds/bin/gnu/h-x86_64-mingw32/bin/../lib/gcc/nios2-elf/5.3.0/../../../../../H-x86_64-mingw32/nios2-elf/lib/mno-hw-mul\libstdc++.a(eh_catch.o)
                0x000000000000c7b4                std::uncaught_exception()
 .text          0x000000000000c7d4        0x0 c:/intelfpga_lite/18.1/nios2eds/bin/gnu/h-x86_64-mingw32/bin/../lib/gcc/nios2-elf/5.3.0/../../../../../H-x86_64-mingw32/nios2-elf/lib/mno-hw-mul\libstdc++.a(eh_alloc.o)
 .text._ZN12_GLOBAL__N_14pool4freeEPv.constprop.4
                0x000000000000c7d4       0xb8 c:/intelfpga_lite/18.1/nios2eds/bin/gnu/h-x86_64-mingw32/bin/../lib/gcc/nios2-elf/5.3.0/../../../../../H-x86_64-mingw32/nios2-elf/lib/mno-hw-mul\libstdc++.a(eh_alloc.o)
 .text._ZN12_GLOBAL__N_14pool8allocateEj.constprop.5
                0x000000000000c88c       0xa8 c:/intelfpga_lite/18.1/nios2eds/bin/gnu/h-x86_64-mingw32/bin/../lib/gcc/nios2-elf/5.3.0/../../../../../H-x86_64-mingw32/nios2-elf/lib/mno-hw-mul\libstdc++.a(eh_alloc.o)
 .text.__cxa_allocate_exception
                0x000000000000c934       0x60 c:/intelfpga_lite/18.1/nios2eds/bin/gnu/h-x86_64-mingw32/bin/../lib/gcc/nios2-elf/5.3.0/../../../../../H-x86_64-mingw32/nios2-elf/lib/mno-hw-mul\libstdc++.a(eh_alloc.o)
                0x000000000000c934                __cxa_allocate_exception
 .text.__cxa_free_exception
                0x000000000000c994       0x28 c:/intelfpga_lite/18.1/nios2eds/bin/gnu/h-x86_64-mingw32/bin/../lib/gcc/nios2-elf/5.3.0/../../../../../H-x86_64-mingw32/nios2-elf/lib/mno-hw-mul\libstdc++.a(eh_alloc.o)
                0x000000000000c994                __cxa_free_exception
 .text.__cxa_allocate_dependent_exception
                0x000000000000c9bc       0x54 c:/intelfpga_lite/18.1/nios2eds/bin/gnu/h-x86_64-mingw32/bin/../lib/gcc/nios2-elf/5.3.0/../../../../../H-x86_64-mingw32/nios2-elf/lib/mno-hw-mul\libstdc++.a(eh_alloc.o)
                0x000000000000c9bc                __cxa_allocate_dependent_exception
 .text.__cxa_free_dependent_exception
                0x000000000000ca10       0x2c c:/intelfpga_lite/18.1/nios2eds/bin/gnu/h-x86_64-mingw32/bin/../lib/gcc/nios2-elf/5.3.0/../../../../../H-x86_64-mingw32/nios2-elf/lib/mno-hw-mul\libstdc++.a(eh_alloc.o)
                0x000000000000ca10                __cxa_free_dependent_exception
 .text.startup._GLOBAL__sub_I___cxa_allocate_exception
                0x000000000000ca3c       0x5c c:/intelfpga_lite/18.1/nios2eds/bin/gnu/h-x86_64-mingw32/bin/../lib/gcc/nios2-elf/5.3.0/../../../../../H-x86_64-mingw32/nios2-elf/lib/mno-hw-mul\libstdc++.a(eh_alloc.o)
 .text          0x000000000000ca98        0x0 c:/intelfpga_lite/18.1/nios2eds/bin/gnu/h-x86_64-mingw32/bin/../lib/gcc/nios2-elf/5.3.0/../../../../../H-x86_64-mingw32/nios2-elf/lib/mno-hw-mul\libstdc++.a(eh_call.o)
 .text.__cxa_call_terminate
                0x000000000000ca98       0x58 c:/intelfpga_lite/18.1/nios2eds/bin/gnu/h-x86_64-mingw32/bin/../lib/gcc/nios2-elf/5.3.0/../../../../../H-x86_64-mingw32/nios2-elf/lib/mno-hw-mul\libstdc++.a(eh_call.o)
                0x000000000000ca98                __cxa_call_terminate
 .text          0x000000000000caf0        0x0 c:/intelfpga_lite/18.1/nios2eds/bin/gnu/h-x86_64-mingw32/bin/../lib/gcc/nios2-elf/5.3.0/../../../../../H-x86_64-mingw32/nios2-elf/lib/mno-hw-mul\libstdc++.a(eh_globals.o)
 .text.__cxa_get_globals_fast
                0x000000000000caf0        0xc c:/intelfpga_lite/18.1/nios2eds/bin/gnu/h-x86_64-mingw32/bin/../lib/gcc/nios2-elf/5.3.0/../../../../../H-x86_64-mingw32/nios2-elf/lib/mno-hw-mul\libstdc++.a(eh_globals.o)
                0x000000000000caf0                __cxa_get_globals_fast
 .text.__cxa_get_globals
                0x000000000000cafc        0xc c:/intelfpga_lite/18.1/nios2eds/bin/gnu/h-x86_64-mingw32/bin/../lib/gcc/nios2-elf/5.3.0/../../../../../H-x86_64-mingw32/nios2-elf/lib/mno-hw-mul\libstdc++.a(eh_globals.o)
                0x000000000000cafc                __cxa_get_globals
 .text          0x000000000000cb08        0x0 c:/intelfpga_lite/18.1/nios2eds/bin/gnu/h-x86_64-mingw32/bin/../lib/gcc/nios2-elf/5.3.0/../../../../../H-x86_64-mingw32/nios2-elf/lib/mno-hw-mul\libstdc++.a(eh_exception.o)
 .text._ZNSt9exceptionD2Ev
                0x000000000000cb08        0x4 c:/intelfpga_lite/18.1/nios2eds/bin/gnu/h-x86_64-mingw32/bin/../lib/gcc/nios2-elf/5.3.0/../../../../../H-x86_64-mingw32/nios2-elf/lib/mno-hw-mul\libstdc++.a(eh_exception.o)
                0x000000000000cb08                std::exception::~exception()
                0x000000000000cb08                std::exception::~exception()
 .text._ZNSt13bad_exceptionD2Ev
                0x000000000000cb0c        0x4 c:/intelfpga_lite/18.1/nios2eds/bin/gnu/h-x86_64-mingw32/bin/../lib/gcc/nios2-elf/5.3.0/../../../../../H-x86_64-mingw32/nios2-elf/lib/mno-hw-mul\libstdc++.a(eh_exception.o)
                0x000000000000cb0c                std::bad_exception::~bad_exception()
                0x000000000000cb0c                std::bad_exception::~bad_exception()
 .text._ZNKSt9exception4whatEv
                0x000000000000cb10        0xc c:/intelfpga_lite/18.1/nios2eds/bin/gnu/h-x86_64-mingw32/bin/../lib/gcc/nios2-elf/5.3.0/../../../../../H-x86_64-mingw32/nios2-elf/lib/mno-hw-mul\libstdc++.a(eh_exception.o)
                0x000000000000cb10                std::exception::what() const
 .text._ZNKSt13bad_exception4whatEv
                0x000000000000cb1c        0xc c:/intelfpga_lite/18.1/nios2eds/bin/gnu/h-x86_64-mingw32/bin/../lib/gcc/nios2-elf/5.3.0/../../../../../H-x86_64-mingw32/nios2-elf/lib/mno-hw-mul\libstdc++.a(eh_exception.o)
                0x000000000000cb1c                std::bad_exception::what() const
 .text._ZNSt9exceptionD0Ev
                0x000000000000cb28        0x4 c:/intelfpga_lite/18.1/nios2eds/bin/gnu/h-x86_64-mingw32/bin/../lib/gcc/nios2-elf/5.3.0/../../../../../H-x86_64-mingw32/nios2-elf/lib/mno-hw-mul\libstdc++.a(eh_exception.o)
                0x000000000000cb28                std::exception::~exception()
 .text._ZNSt13bad_exceptionD0Ev
                0x000000000000cb2c        0x4 c:/intelfpga_lite/18.1/nios2eds/bin/gnu/h-x86_64-mingw32/bin/../lib/gcc/nios2-elf/5.3.0/../../../../../H-x86_64-mingw32/nios2-elf/lib/mno-hw-mul\libstdc++.a(eh_exception.o)
                0x000000000000cb2c                std::bad_exception::~bad_exception()
 .text._ZN10__cxxabiv115__forced_unwindD2Ev
                0x000000000000cb30        0x4 c:/intelfpga_lite/18.1/nios2eds/bin/gnu/h-x86_64-mingw32/bin/../lib/gcc/nios2-elf/5.3.0/../../../../../H-x86_64-mingw32/nios2-elf/lib/mno-hw-mul\libstdc++.a(eh_exception.o)
                0x000000000000cb30                __cxxabiv1::__forced_unwind::~__forced_unwind()
                0x000000000000cb30                __cxxabiv1::__forced_unwind::~__forced_unwind()
 .text._ZN10__cxxabiv115__forced_unwindD0Ev
                0x000000000000cb34        0x4 c:/intelfpga_lite/18.1/nios2eds/bin/gnu/h-x86_64-mingw32/bin/../lib/gcc/nios2-elf/5.3.0/../../../../../H-x86_64-mingw32/nios2-elf/lib/mno-hw-mul\libstdc++.a(eh_exception.o)
                0x000000000000cb34                __cxxabiv1::__forced_unwind::~__forced_unwind()
 .text._ZN10__cxxabiv119__foreign_exceptionD2Ev
                0x000000000000cb38        0x4 c:/intelfpga_lite/18.1/nios2eds/bin/gnu/h-x86_64-mingw32/bin/../lib/gcc/nios2-elf/5.3.0/../../../../../H-x86_64-mingw32/nios2-elf/lib/mno-hw-mul\libstdc++.a(eh_exception.o)
                0x000000000000cb38                __cxxabiv1::__foreign_exception::~__foreign_exception()
                0x000000000000cb38                __cxxabiv1::__foreign_exception::~__foreign_exception()
 .text._ZN10__cxxabiv119__foreign_exceptionD0Ev
                0x000000000000cb3c        0x4 c:/intelfpga_lite/18.1/nios2eds/bin/gnu/h-x86_64-mingw32/bin/../lib/gcc/nios2-elf/5.3.0/../../../../../H-x86_64-mingw32/nios2-elf/lib/mno-hw-mul\libstdc++.a(eh_exception.o)
                0x000000000000cb3c                __cxxabiv1::__foreign_exception::~__foreign_exception()
 .text          0x000000000000cb40      0x1b4 c:/intelfpga_lite/18.1/nios2eds/bin/gnu/h-x86_64-mingw32/bin/../lib/gcc/nios2-elf/5.3.0/mno-hw-mul\libgcc.a(lib2-divmod.o)
                0x000000000000cb40                __divsi3
                0x000000000000cbc4                __modsi3
                0x000000000000cc38                __udivsi3
                0x000000000000cc9c                __umodsi3
 .text          0x000000000000ccf4       0x28 c:/intelfpga_lite/18.1/nios2eds/bin/gnu/h-x86_64-mingw32/bin/../lib/gcc/nios2-elf/5.3.0/mno-hw-mul\libgcc.a(lib2-mul.o)
                0x000000000000ccf4                __mulsi3
 .text          0x000000000000cd1c      0x520 c:/intelfpga_lite/18.1/nios2eds/bin/gnu/h-x86_64-mingw32/bin/../lib/gcc/nios2-elf/5.3.0/mno-hw-mul\libgcc.a(unwind-sjlj.o)
                0x000000000000cf24                _Unwind_SjLj_Register
                0x000000000000cf3c                _Unwind_SjLj_Unregister
                0x000000000000cf50                _Unwind_GetGR
                0x000000000000cf6c                _Unwind_GetCFA
                0x000000000000cf84                _Unwind_SetGR
                0x000000000000cfa0                _Unwind_GetIP
                0x000000000000cfb0                _Unwind_GetIPInfo
                0x000000000000cfd0                _Unwind_SetIP
                0x000000000000cfe0                _Unwind_GetLanguageSpecificData
                0x000000000000cfec                _Unwind_GetRegionStart
                0x000000000000cff4                _Unwind_FindEnclosingFunction
                0x000000000000cffc                _Unwind_GetDataRelBase
                0x000000000000d004                _Unwind_GetTextRelBase
                0x000000000000d00c                _Unwind_SjLj_RaiseException
                0x000000000000d0dc                _Unwind_SjLj_ForcedUnwind
                0x000000000000d120                _Unwind_SjLj_Resume
                0x000000000000d164                _Unwind_SjLj_Resume_or_Rethrow
                0x000000000000d1b0                _Unwind_DeleteException
                0x000000000000d1c8                _Unwind_Backtrace
 .text          0x000000000000d23c        0x0 c:/intelfpga_lite/18.1/nios2eds/bin/gnu/h-x86_64-mingw32/bin/../lib/gcc/nios2-elf/5.3.0/../../../../../H-x86_64-mingw32/nios2-elf/lib/mno-hw-mul\libc.a(lib_a-abort.o)
 .text.abort    0x000000000000d23c       0x18 c:/intelfpga_lite/18.1/nios2eds/bin/gnu/h-x86_64-mingw32/bin/../lib/gcc/nios2-elf/5.3.0/../../../../../H-x86_64-mingw32/nios2-elf/lib/mno-hw-mul\libc.a(lib_a-abort.o)
                0x000000000000d23c                abort
 .text          0x000000000000d254        0x0 c:/intelfpga_lite/18.1/nios2eds/bin/gnu/h-x86_64-mingw32/bin/../lib/gcc/nios2-elf/5.3.0/../../../../../H-x86_64-mingw32/nios2-elf/lib/mno-hw-mul\libc.a(lib_a-clock.o)
 .text.clock    0x000000000000d254       0x4c c:/intelfpga_lite/18.1/nios2eds/bin/gnu/h-x86_64-mingw32/bin/../lib/gcc/nios2-elf/5.3.0/../../../../../H-x86_64-mingw32/nios2-elf/lib/mno-hw-mul\libc.a(lib_a-clock.o)
                0x000000000000d254                clock
 .text          0x000000000000d2a0        0x0 c:/intelfpga_lite/18.1/nios2eds/bin/gnu/h-x86_64-mingw32/bin/../lib/gcc/nios2-elf/5.3.0/../../../../../H-x86_64-mingw32/nios2-elf/lib/mno-hw-mul\libc.a(lib_a-impure.o)
 .text          0x000000000000d2a0        0x0 c:/intelfpga_lite/18.1/nios2eds/bin/gnu/h-x86_64-mingw32/bin/../lib/gcc/nios2-elf/5.3.0/../../../../../H-x86_64-mingw32/nios2-elf/lib/mno-hw-mul\libc.a(lib_a-malloc.o)
 .text.malloc   0x000000000000d2a0       0x14 c:/intelfpga_lite/18.1/nios2eds/bin/gnu/h-x86_64-mingw32/bin/../lib/gcc/nios2-elf/5.3.0/../../../../../H-x86_64-mingw32/nios2-elf/lib/mno-hw-mul\libc.a(lib_a-malloc.o)
                0x000000000000d2a0                malloc
 .text.free     0x000000000000d2b4       0x14 c:/intelfpga_lite/18.1/nios2eds/bin/gnu/h-x86_64-mingw32/bin/../lib/gcc/nios2-elf/5.3.0/../../../../../H-x86_64-mingw32/nios2-elf/lib/mno-hw-mul\libc.a(lib_a-malloc.o)
                0x000000000000d2b4                free
 .text          0x000000000000d2c8        0x0 c:/intelfpga_lite/18.1/nios2eds/bin/gnu/h-x86_64-mingw32/bin/../lib/gcc/nios2-elf/5.3.0/../../../../../H-x86_64-mingw32/nios2-elf/lib/mno-hw-mul\libc.a(lib_a-mallocr.o)
 .text._malloc_r
                0x000000000000d2c8      0x80c c:/intelfpga_lite/18.1/nios2eds/bin/gnu/h-x86_64-mingw32/bin/../lib/gcc/nios2-elf/5.3.0/../../../../../H-x86_64-mingw32/nios2-elf/lib/mno-hw-mul\libc.a(lib_a-mallocr.o)
                0x000000000000d2c8                _malloc_r
 .text          0x000000000000dad4        0x0 c:/intelfpga_lite/18.1/nios2eds/bin/gnu/h-x86_64-mingw32/bin/../lib/gcc/nios2-elf/5.3.0/../../../../../H-x86_64-mingw32/nios2-elf/lib/mno-hw-mul\libc.a(lib_a-memcpy.o)
 .text.memcpy   0x000000000000dad4      0x148 c:/intelfpga_lite/18.1/nios2eds/bin/gnu/h-x86_64-mingw32/bin/../lib/gcc/nios2-elf/5.3.0/../../../../../H-x86_64-mingw32/nios2-elf/lib/mno-hw-mul\libc.a(lib_a-memcpy.o)
                0x000000000000dad4                memcpy
 .text          0x000000000000dc1c        0x0 c:/intelfpga_lite/18.1/nios2eds/bin/gnu/h-x86_64-mingw32/bin/../lib/gcc/nios2-elf/5.3.0/../../../../../H-x86_64-mingw32/nios2-elf/lib/mno-hw-mul\libc.a(lib_a-memset.o)
 .text.memset   0x000000000000dc1c      0x128 c:/intelfpga_lite/18.1/nios2eds/bin/gnu/h-x86_64-mingw32/bin/../lib/gcc/nios2-elf/5.3.0/../../../../../H-x86_64-mingw32/nios2-elf/lib/mno-hw-mul\libc.a(lib_a-memset.o)
                0x000000000000dc1c                memset
 .text          0x000000000000dd44        0x0 c:/intelfpga_lite/18.1/nios2eds/bin/gnu/h-x86_64-mingw32/bin/../lib/gcc/nios2-elf/5.3.0/../../../../../H-x86_64-mingw32/nios2-elf/lib/mno-hw-mul\libc.a(lib_a-printf.o)
 .text._printf_r
                0x000000000000dd44       0x30 c:/intelfpga_lite/18.1/nios2eds/bin/gnu/h-x86_64-mingw32/bin/../lib/gcc/nios2-elf/5.3.0/../../../../../H-x86_64-mingw32/nios2-elf/lib/mno-hw-mul\libc.a(lib_a-printf.o)
                0x000000000000dd44                _printf_r
 .text.printf   0x000000000000dd74       0x3c c:/intelfpga_lite/18.1/nios2eds/bin/gnu/h-x86_64-mingw32/bin/../lib/gcc/nios2-elf/5.3.0/../../../../../H-x86_64-mingw32/nios2-elf/lib/mno-hw-mul\libc.a(lib_a-printf.o)
                0x000000000000dd74                printf
 .text          0x000000000000ddb0        0x0 c:/intelfpga_lite/18.1/nios2eds/bin/gnu/h-x86_64-mingw32/bin/../lib/gcc/nios2-elf/5.3.0/../../../../../H-x86_64-mingw32/nios2-elf/lib/mno-hw-mul\libc.a(lib_a-putchar.o)
 .text._putchar_r
                0x000000000000ddb0        0x8 c:/intelfpga_lite/18.1/nios2eds/bin/gnu/h-x86_64-mingw32/bin/../lib/gcc/nios2-elf/5.3.0/../../../../../H-x86_64-mingw32/nios2-elf/lib/mno-hw-mul\libc.a(lib_a-putchar.o)
                0x000000000000ddb0                _putchar_r
 .text.putchar  0x000000000000ddb8       0x18 c:/intelfpga_lite/18.1/nios2eds/bin/gnu/h-x86_64-mingw32/bin/../lib/gcc/nios2-elf/5.3.0/../../../../../H-x86_64-mingw32/nios2-elf/lib/mno-hw-mul\libc.a(lib_a-putchar.o)
                0x000000000000ddb8                putchar
 .text          0x000000000000ddd0        0x0 c:/intelfpga_lite/18.1/nios2eds/bin/gnu/h-x86_64-mingw32/bin/../lib/gcc/nios2-elf/5.3.0/../../../../../H-x86_64-mingw32/nios2-elf/lib/mno-hw-mul\libc.a(lib_a-puts.o)
 .text._puts_r  0x000000000000ddd0       0xc0 c:/intelfpga_lite/18.1/nios2eds/bin/gnu/h-x86_64-mingw32/bin/../lib/gcc/nios2-elf/5.3.0/../../../../../H-x86_64-mingw32/nios2-elf/lib/mno-hw-mul\libc.a(lib_a-puts.o)
                0x000000000000ddd0                _puts_r
 .text.puts     0x000000000000de90       0x14 c:/intelfpga_lite/18.1/nios2eds/bin/gnu/h-x86_64-mingw32/bin/../lib/gcc/nios2-elf/5.3.0/../../../../../H-x86_64-mingw32/nios2-elf/lib/mno-hw-mul\libc.a(lib_a-puts.o)
                0x000000000000de90                puts
 .text          0x000000000000dea4        0x0 c:/intelfpga_lite/18.1/nios2eds/bin/gnu/h-x86_64-mingw32/bin/../lib/gcc/nios2-elf/5.3.0/../../../../../H-x86_64-mingw32/nios2-elf/lib/mno-hw-mul\libc.a(lib_a-sbrkr.o)
 .text._sbrk_r  0x000000000000dea4       0x54 c:/intelfpga_lite/18.1/nios2eds/bin/gnu/h-x86_64-mingw32/bin/../lib/gcc/nios2-elf/5.3.0/../../../../../H-x86_64-mingw32/nios2-elf/lib/mno-hw-mul\libc.a(lib_a-sbrkr.o)
                0x000000000000dea4                _sbrk_r
 .text          0x000000000000def8        0x0 c:/intelfpga_lite/18.1/nios2eds/bin/gnu/h-x86_64-mingw32/bin/../lib/gcc/nios2-elf/5.3.0/../../../../../H-x86_64-mingw32/nios2-elf/lib/mno-hw-mul\libc.a(lib_a-signal.o)
 .text._init_signal_r
                0x000000000000def8       0x6c c:/intelfpga_lite/18.1/nios2eds/bin/gnu/h-x86_64-mingw32/bin/../lib/gcc/nios2-elf/5.3.0/../../../../../H-x86_64-mingw32/nios2-elf/lib/mno-hw-mul\libc.a(lib_a-signal.o)
                0x000000000000def8                _init_signal_r
 .text._signal_r
                0x000000000000df64       0x84 c:/intelfpga_lite/18.1/nios2eds/bin/gnu/h-x86_64-mingw32/bin/../lib/gcc/nios2-elf/5.3.0/../../../../../H-x86_64-mingw32/nios2-elf/lib/mno-hw-mul\libc.a(lib_a-signal.o)
                0x000000000000df64                _signal_r
 .text._raise_r
                0x000000000000dfe8       0xbc c:/intelfpga_lite/18.1/nios2eds/bin/gnu/h-x86_64-mingw32/bin/../lib/gcc/nios2-elf/5.3.0/../../../../../H-x86_64-mingw32/nios2-elf/lib/mno-hw-mul\libc.a(lib_a-signal.o)
                0x000000000000dfe8                _raise_r
 .text.__sigtramp_r
                0x000000000000e0a4       0xa8 c:/intelfpga_lite/18.1/nios2eds/bin/gnu/h-x86_64-mingw32/bin/../lib/gcc/nios2-elf/5.3.0/../../../../../H-x86_64-mingw32/nios2-elf/lib/mno-hw-mul\libc.a(lib_a-signal.o)
                0x000000000000e0a4                __sigtramp_r
 .text.raise    0x000000000000e14c       0x14 c:/intelfpga_lite/18.1/nios2eds/bin/gnu/h-x86_64-mingw32/bin/../lib/gcc/nios2-elf/5.3.0/../../../../../H-x86_64-mingw32/nios2-elf/lib/mno-hw-mul\libc.a(lib_a-signal.o)
                0x000000000000e14c                raise
 .text.signal   0x000000000000e160       0x18 c:/intelfpga_lite/18.1/nios2eds/bin/gnu/h-x86_64-mingw32/bin/../lib/gcc/nios2-elf/5.3.0/../../../../../H-x86_64-mingw32/nios2-elf/lib/mno-hw-mul\libc.a(lib_a-signal.o)
                0x000000000000e160                signal
 .text._init_signal
                0x000000000000e178       0x10 c:/intelfpga_lite/18.1/nios2eds/bin/gnu/h-x86_64-mingw32/bin/../lib/gcc/nios2-elf/5.3.0/../../../../../H-x86_64-mingw32/nios2-elf/lib/mno-hw-mul\libc.a(lib_a-signal.o)
                0x000000000000e178                _init_signal
 .text.__sigtramp
                0x000000000000e188       0x14 c:/intelfpga_lite/18.1/nios2eds/bin/gnu/h-x86_64-mingw32/bin/../lib/gcc/nios2-elf/5.3.0/../../../../../H-x86_64-mingw32/nios2-elf/lib/mno-hw-mul\libc.a(lib_a-signal.o)
                0x000000000000e188                __sigtramp
 .text          0x000000000000e19c        0x0 c:/intelfpga_lite/18.1/nios2eds/bin/gnu/h-x86_64-mingw32/bin/../lib/gcc/nios2-elf/5.3.0/../../../../../H-x86_64-mingw32/nios2-elf/lib/mno-hw-mul\libc.a(lib_a-signalr.o)
 .text._kill_r  0x000000000000e19c       0x5c c:/intelfpga_lite/18.1/nios2eds/bin/gnu/h-x86_64-mingw32/bin/../lib/gcc/nios2-elf/5.3.0/../../../../../H-x86_64-mingw32/nios2-elf/lib/mno-hw-mul\libc.a(lib_a-signalr.o)
                0x000000000000e19c                _kill_r
 .text._getpid_r
                0x000000000000e1f8        0x4 c:/intelfpga_lite/18.1/nios2eds/bin/gnu/h-x86_64-mingw32/bin/../lib/gcc/nios2-elf/5.3.0/../../../../../H-x86_64-mingw32/nios2-elf/lib/mno-hw-mul\libc.a(lib_a-signalr.o)
                0x000000000000e1f8                _getpid_r
 .text          0x000000000000e1fc        0x0 c:/intelfpga_lite/18.1/nios2eds/bin/gnu/h-x86_64-mingw32/bin/../lib/gcc/nios2-elf/5.3.0/../../../../../H-x86_64-mingw32/nios2-elf/lib/mno-hw-mul\libc.a(lib_a-sprintf.o)
 .text._sprintf_r
                0x000000000000e1fc       0x58 c:/intelfpga_lite/18.1/nios2eds/bin/gnu/h-x86_64-mingw32/bin/../lib/gcc/nios2-elf/5.3.0/../../../../../H-x86_64-mingw32/nios2-elf/lib/mno-hw-mul\libc.a(lib_a-sprintf.o)
                0x000000000000e1fc                _sprintf_r
 .text.sprintf  0x000000000000e254       0x6c c:/intelfpga_lite/18.1/nios2eds/bin/gnu/h-x86_64-mingw32/bin/../lib/gcc/nios2-elf/5.3.0/../../../../../H-x86_64-mingw32/nios2-elf/lib/mno-hw-mul\libc.a(lib_a-sprintf.o)
                0x000000000000e254                sprintf
 .text          0x000000000000e2c0        0x0 c:/intelfpga_lite/18.1/nios2eds/bin/gnu/h-x86_64-mingw32/bin/../lib/gcc/nios2-elf/5.3.0/../../../../../H-x86_64-mingw32/nios2-elf/lib/mno-hw-mul\libc.a(lib_a-strcmp.o)
 .text.strcmp   0x000000000000e2c0       0xdc c:/intelfpga_lite/18.1/nios2eds/bin/gnu/h-x86_64-mingw32/bin/../lib/gcc/nios2-elf/5.3.0/../../../../../H-x86_64-mingw32/nios2-elf/lib/mno-hw-mul\libc.a(lib_a-strcmp.o)
                0x000000000000e2c0                strcmp
 .text          0x000000000000e39c        0x0 c:/intelfpga_lite/18.1/nios2eds/bin/gnu/h-x86_64-mingw32/bin/../lib/gcc/nios2-elf/5.3.0/../../../../../H-x86_64-mingw32/nios2-elf/lib/mno-hw-mul\libc.a(lib_a-strlen.o)
 .text.strlen   0x000000000000e39c       0x98 c:/intelfpga_lite/18.1/nios2eds/bin/gnu/h-x86_64-mingw32/bin/../lib/gcc/nios2-elf/5.3.0/../../../../../H-x86_64-mingw32/nios2-elf/lib/mno-hw-mul\libc.a(lib_a-strlen.o)
                0x000000000000e39c                strlen
 .text          0x000000000000e434        0x0 c:/intelfpga_lite/18.1/nios2eds/bin/gnu/h-x86_64-mingw32/bin/../lib/gcc/nios2-elf/5.3.0/../../../../../H-x86_64-mingw32/nios2-elf/lib/mno-hw-mul\libc.a(lib_a-svfprintf.o)
 .text.___svfprintf_internal_r
                0x000000000000e434     0x22bc c:/intelfpga_lite/18.1/nios2eds/bin/gnu/h-x86_64-mingw32/bin/../lib/gcc/nios2-elf/5.3.0/../../../../../H-x86_64-mingw32/nios2-elf/lib/mno-hw-mul\libc.a(lib_a-svfprintf.o)
                0x000000000000e434                ___svfprintf_internal_r
 .text          0x00000000000106f0        0x0 c:/intelfpga_lite/18.1/nios2eds/bin/gnu/h-x86_64-mingw32/bin/../lib/gcc/nios2-elf/5.3.0/../../../../../H-x86_64-mingw32/nios2-elf/lib/mno-hw-mul\libc.a(lib_a-timesr.o)
 .text._times_r
                0x00000000000106f0        0x8 c:/intelfpga_lite/18.1/nios2eds/bin/gnu/h-x86_64-mingw32/bin/../lib/gcc/nios2-elf/5.3.0/../../../../../H-x86_64-mingw32/nios2-elf/lib/mno-hw-mul\libc.a(lib_a-timesr.o)
                0x00000000000106f0                _times_r
 .text          0x00000000000106f8        0x0 c:/intelfpga_lite/18.1/nios2eds/bin/gnu/h-x86_64-mingw32/bin/../lib/gcc/nios2-elf/5.3.0/../../../../../H-x86_64-mingw32/nios2-elf/lib/mno-hw-mul\libc.a(lib_a-vfprintf.o)
 .text.___vfprintf_internal_r
                0x00000000000106f8     0x22dc c:/intelfpga_lite/18.1/nios2eds/bin/gnu/h-x86_64-mingw32/bin/../lib/gcc/nios2-elf/5.3.0/../../../../../H-x86_64-mingw32/nios2-elf/lib/mno-hw-mul\libc.a(lib_a-vfprintf.o)
                0x00000000000106f8                ___vfprintf_internal_r
 .text.__vfprintf_internal
                0x00000000000129d4       0x1c c:/intelfpga_lite/18.1/nios2eds/bin/gnu/h-x86_64-mingw32/bin/../lib/gcc/nios2-elf/5.3.0/../../../../../H-x86_64-mingw32/nios2-elf/lib/mno-hw-mul\libc.a(lib_a-vfprintf.o)
                0x00000000000129d4                __vfprintf_internal
 .text.__sbprintf
                0x00000000000129f0       0xbc c:/intelfpga_lite/18.1/nios2eds/bin/gnu/h-x86_64-mingw32/bin/../lib/gcc/nios2-elf/5.3.0/../../../../../H-x86_64-mingw32/nios2-elf/lib/mno-hw-mul\libc.a(lib_a-vfprintf.o)
 .text          0x0000000000012aac        0x0 c:/intelfpga_lite/18.1/nios2eds/bin/gnu/h-x86_64-mingw32/bin/../lib/gcc/nios2-elf/5.3.0/../../../../../H-x86_64-mingw32/nios2-elf/lib/mno-hw-mul\libc.a(lib_a-wsetup.o)
 .text.__swsetup_r
                0x0000000000012aac      0x154 c:/intelfpga_lite/18.1/nios2eds/bin/gnu/h-x86_64-mingw32/bin/../lib/gcc/nios2-elf/5.3.0/../../../../../H-x86_64-mingw32/nios2-elf/lib/mno-hw-mul\libc.a(lib_a-wsetup.o)
                0x0000000000012aac                __swsetup_r
 .text          0x0000000000012c00        0x0 c:/intelfpga_lite/18.1/nios2eds/bin/gnu/h-x86_64-mingw32/bin/../lib/gcc/nios2-elf/5.3.0/../../../../../H-x86_64-mingw32/nios2-elf/lib/mno-hw-mul\libc.a(lib_a-dtoa.o)
 .text.quorem   0x0000000000012c00      0x228 c:/intelfpga_lite/18.1/nios2eds/bin/gnu/h-x86_64-mingw32/bin/../lib/gcc/nios2-elf/5.3.0/../../../../../H-x86_64-mingw32/nios2-elf/lib/mno-hw-mul\libc.a(lib_a-dtoa.o)
 .text._dtoa_r  0x0000000000012e28     0x1688 c:/intelfpga_lite/18.1/nios2eds/bin/gnu/h-x86_64-mingw32/bin/../lib/gcc/nios2-elf/5.3.0/../../../../../H-x86_64-mingw32/nios2-elf/lib/mno-hw-mul\libc.a(lib_a-dtoa.o)
                0x0000000000012e28                _dtoa_r
 .text          0x00000000000144b0        0x0 c:/intelfpga_lite/18.1/nios2eds/bin/gnu/h-x86_64-mingw32/bin/../lib/gcc/nios2-elf/5.3.0/../../../../../H-x86_64-mingw32/nios2-elf/lib/mno-hw-mul\libc.a(lib_a-fflush.o)
 .text.__sflush_r
                0x00000000000144b0      0x21c c:/intelfpga_lite/18.1/nios2eds/bin/gnu/h-x86_64-mingw32/bin/../lib/gcc/nios2-elf/5.3.0/../../../../../H-x86_64-mingw32/nios2-elf/lib/mno-hw-mul\libc.a(lib_a-fflush.o)
                0x00000000000144b0                __sflush_r
 .text._fflush_r
                0x00000000000146cc       0x5c c:/intelfpga_lite/18.1/nios2eds/bin/gnu/h-x86_64-mingw32/bin/../lib/gcc/nios2-elf/5.3.0/../../../../../H-x86_64-mingw32/nios2-elf/lib/mno-hw-mul\libc.a(lib_a-fflush.o)
                0x00000000000146cc                _fflush_r
 .text.fflush   0x0000000000014728       0x30 c:/intelfpga_lite/18.1/nios2eds/bin/gnu/h-x86_64-mingw32/bin/../lib/gcc/nios2-elf/5.3.0/../../../../../H-x86_64-mingw32/nios2-elf/lib/mno-hw-mul\libc.a(lib_a-fflush.o)
                0x0000000000014728                fflush
 .text          0x0000000000014758        0x0 c:/intelfpga_lite/18.1/nios2eds/bin/gnu/h-x86_64-mingw32/bin/../lib/gcc/nios2-elf/5.3.0/../../../../../H-x86_64-mingw32/nios2-elf/lib/mno-hw-mul\libc.a(lib_a-findfp.o)
 .text.__fp_unlock
                0x0000000000014758        0x8 c:/intelfpga_lite/18.1/nios2eds/bin/gnu/h-x86_64-mingw32/bin/../lib/gcc/nios2-elf/5.3.0/../../../../../H-x86_64-mingw32/nios2-elf/lib/mno-hw-mul\libc.a(lib_a-findfp.o)
 .text._cleanup_r
                0x0000000000014760        0xc c:/intelfpga_lite/18.1/nios2eds/bin/gnu/h-x86_64-mingw32/bin/../lib/gcc/nios2-elf/5.3.0/../../../../../H-x86_64-mingw32/nios2-elf/lib/mno-hw-mul\libc.a(lib_a-findfp.o)
                0x0000000000014760                _cleanup_r
 .text.__sinit.part.1
                0x000000000001476c      0x19c c:/intelfpga_lite/18.1/nios2eds/bin/gnu/h-x86_64-mingw32/bin/../lib/gcc/nios2-elf/5.3.0/../../../../../H-x86_64-mingw32/nios2-elf/lib/mno-hw-mul\libc.a(lib_a-findfp.o)
 .text.__fp_lock
                0x0000000000014908        0x8 c:/intelfpga_lite/18.1/nios2eds/bin/gnu/h-x86_64-mingw32/bin/../lib/gcc/nios2-elf/5.3.0/../../../../../H-x86_64-mingw32/nios2-elf/lib/mno-hw-mul\libc.a(lib_a-findfp.o)
 .text.__sfmoreglue
                0x0000000000014910       0x78 c:/intelfpga_lite/18.1/nios2eds/bin/gnu/h-x86_64-mingw32/bin/../lib/gcc/nios2-elf/5.3.0/../../../../../H-x86_64-mingw32/nios2-elf/lib/mno-hw-mul\libc.a(lib_a-findfp.o)
                0x0000000000014910                __sfmoreglue
 .text.__sfp    0x0000000000014988      0x118 c:/intelfpga_lite/18.1/nios2eds/bin/gnu/h-x86_64-mingw32/bin/../lib/gcc/nios2-elf/5.3.0/../../../../../H-x86_64-mingw32/nios2-elf/lib/mno-hw-mul\libc.a(lib_a-findfp.o)
                0x0000000000014988                __sfp
 .text._cleanup
                0x0000000000014aa0       0x18 c:/intelfpga_lite/18.1/nios2eds/bin/gnu/h-x86_64-mingw32/bin/../lib/gcc/nios2-elf/5.3.0/../../../../../H-x86_64-mingw32/nios2-elf/lib/mno-hw-mul\libc.a(lib_a-findfp.o)
                0x0000000000014aa0                _cleanup
 .text.__sinit  0x0000000000014ab8       0x10 c:/intelfpga_lite/18.1/nios2eds/bin/gnu/h-x86_64-mingw32/bin/../lib/gcc/nios2-elf/5.3.0/../../../../../H-x86_64-mingw32/nios2-elf/lib/mno-hw-mul\libc.a(lib_a-findfp.o)
                0x0000000000014ab8                __sinit
 .text.__sfp_lock_acquire
                0x0000000000014ac8        0x4 c:/intelfpga_lite/18.1/nios2eds/bin/gnu/h-x86_64-mingw32/bin/../lib/gcc/nios2-elf/5.3.0/../../../../../H-x86_64-mingw32/nios2-elf/lib/mno-hw-mul\libc.a(lib_a-findfp.o)
                0x0000000000014ac8                __sfp_lock_acquire
 .text.__sfp_lock_release
                0x0000000000014acc        0x4 c:/intelfpga_lite/18.1/nios2eds/bin/gnu/h-x86_64-mingw32/bin/../lib/gcc/nios2-elf/5.3.0/../../../../../H-x86_64-mingw32/nios2-elf/lib/mno-hw-mul\libc.a(lib_a-findfp.o)
                0x0000000000014acc                __sfp_lock_release
 .text.__sinit_lock_acquire
                0x0000000000014ad0        0x4 c:/intelfpga_lite/18.1/nios2eds/bin/gnu/h-x86_64-mingw32/bin/../lib/gcc/nios2-elf/5.3.0/../../../../../H-x86_64-mingw32/nios2-elf/lib/mno-hw-mul\libc.a(lib_a-findfp.o)
                0x0000000000014ad0                __sinit_lock_acquire
 .text.__sinit_lock_release
                0x0000000000014ad4        0x4 c:/intelfpga_lite/18.1/nios2eds/bin/gnu/h-x86_64-mingw32/bin/../lib/gcc/nios2-elf/5.3.0/../../../../../H-x86_64-mingw32/nios2-elf/lib/mno-hw-mul\libc.a(lib_a-findfp.o)
                0x0000000000014ad4                __sinit_lock_release
 .text.__fp_lock_all
                0x0000000000014ad8       0x18 c:/intelfpga_lite/18.1/nios2eds/bin/gnu/h-x86_64-mingw32/bin/../lib/gcc/nios2-elf/5.3.0/../../../../../H-x86_64-mingw32/nios2-elf/lib/mno-hw-mul\libc.a(lib_a-findfp.o)
                0x0000000000014ad8                __fp_lock_all
 .text.__fp_unlock_all
                0x0000000000014af0       0x18 c:/intelfpga_lite/18.1/nios2eds/bin/gnu/h-x86_64-mingw32/bin/../lib/gcc/nios2-elf/5.3.0/../../../../../H-x86_64-mingw32/nios2-elf/lib/mno-hw-mul\libc.a(lib_a-findfp.o)
                0x0000000000014af0                __fp_unlock_all
 .text          0x0000000000014b08        0x0 c:/intelfpga_lite/18.1/nios2eds/bin/gnu/h-x86_64-mingw32/bin/../lib/gcc/nios2-elf/5.3.0/../../../../../H-x86_64-mingw32/nios2-elf/lib/mno-hw-mul\libc.a(lib_a-freer.o)
 .text._malloc_trim_r
                0x0000000000014b08      0x124 c:/intelfpga_lite/18.1/nios2eds/bin/gnu/h-x86_64-mingw32/bin/../lib/gcc/nios2-elf/5.3.0/../../../../../H-x86_64-mingw32/nios2-elf/lib/mno-hw-mul\libc.a(lib_a-freer.o)
                0x0000000000014b08                _malloc_trim_r
 .text._free_r  0x0000000000014c2c      0x310 c:/intelfpga_lite/18.1/nios2eds/bin/gnu/h-x86_64-mingw32/bin/../lib/gcc/nios2-elf/5.3.0/../../../../../H-x86_64-mingw32/nios2-elf/lib/mno-hw-mul\libc.a(lib_a-freer.o)
                0x0000000000014c2c                _free_r
 .text          0x0000000000014f3c        0x0 c:/intelfpga_lite/18.1/nios2eds/bin/gnu/h-x86_64-mingw32/bin/../lib/gcc/nios2-elf/5.3.0/../../../../../H-x86_64-mingw32/nios2-elf/lib/mno-hw-mul\libc.a(lib_a-fvwrite.o)
 .text.__sfvwrite_r
                0x0000000000014f3c      0x4c8 c:/intelfpga_lite/18.1/nios2eds/bin/gnu/h-x86_64-mingw32/bin/../lib/gcc/nios2-elf/5.3.0/../../../../../H-x86_64-mingw32/nios2-elf/lib/mno-hw-mul\libc.a(lib_a-fvwrite.o)
                0x0000000000014f3c                __sfvwrite_r
 .text          0x0000000000015404        0x0 c:/intelfpga_lite/18.1/nios2eds/bin/gnu/h-x86_64-mingw32/bin/../lib/gcc/nios2-elf/5.3.0/../../../../../H-x86_64-mingw32/nios2-elf/lib/mno-hw-mul\libc.a(lib_a-fwalk.o)
 .text._fwalk   0x0000000000015404       0xc4 c:/intelfpga_lite/18.1/nios2eds/bin/gnu/h-x86_64-mingw32/bin/../lib/gcc/nios2-elf/5.3.0/../../../../../H-x86_64-mingw32/nios2-elf/lib/mno-hw-mul\libc.a(lib_a-fwalk.o)
                0x0000000000015404                _fwalk
 .text._fwalk_reent
                0x00000000000154c8       0xc4 c:/intelfpga_lite/18.1/nios2eds/bin/gnu/h-x86_64-mingw32/bin/../lib/gcc/nios2-elf/5.3.0/../../../../../H-x86_64-mingw32/nios2-elf/lib/mno-hw-mul\libc.a(lib_a-fwalk.o)
                0x00000000000154c8                _fwalk_reent
 .text          0x000000000001558c        0x0 c:/intelfpga_lite/18.1/nios2eds/bin/gnu/h-x86_64-mingw32/bin/../lib/gcc/nios2-elf/5.3.0/../../../../../H-x86_64-mingw32/nios2-elf/lib/mno-hw-mul\libc.a(lib_a-int_errno.o)
 .text          0x000000000001558c        0x0 c:/intelfpga_lite/18.1/nios2eds/bin/gnu/h-x86_64-mingw32/bin/../lib/gcc/nios2-elf/5.3.0/../../../../../H-x86_64-mingw32/nios2-elf/lib/mno-hw-mul\libc.a(lib_a-locale.o)
 .text._setlocale_r
                0x000000000001558c       0x7c c:/intelfpga_lite/18.1/nios2eds/bin/gnu/h-x86_64-mingw32/bin/../lib/gcc/nios2-elf/5.3.0/../../../../../H-x86_64-mingw32/nios2-elf/lib/mno-hw-mul\libc.a(lib_a-locale.o)
                0x000000000001558c                _setlocale_r
 .text.__locale_charset
                0x0000000000015608        0xc c:/intelfpga_lite/18.1/nios2eds/bin/gnu/h-x86_64-mingw32/bin/../lib/gcc/nios2-elf/5.3.0/../../../../../H-x86_64-mingw32/nios2-elf/lib/mno-hw-mul\libc.a(lib_a-locale.o)
                0x0000000000015608                __locale_charset
 .text.__locale_mb_cur_max
                0x0000000000015614       0x10 c:/intelfpga_lite/18.1/nios2eds/bin/gnu/h-x86_64-mingw32/bin/../lib/gcc/nios2-elf/5.3.0/../../../../../H-x86_64-mingw32/nios2-elf/lib/mno-hw-mul\libc.a(lib_a-locale.o)
                0x0000000000015614                __locale_mb_cur_max
 .text.__locale_msgcharset
                0x0000000000015624        0xc c:/intelfpga_lite/18.1/nios2eds/bin/gnu/h-x86_64-mingw32/bin/../lib/gcc/nios2-elf/5.3.0/../../../../../H-x86_64-mingw32/nios2-elf/lib/mno-hw-mul\libc.a(lib_a-locale.o)
                0x0000000000015624                __locale_msgcharset
 .text.__locale_cjk_lang
                0x0000000000015630        0x8 c:/intelfpga_lite/18.1/nios2eds/bin/gnu/h-x86_64-mingw32/bin/../lib/gcc/nios2-elf/5.3.0/../../../../../H-x86_64-mingw32/nios2-elf/lib/mno-hw-mul\libc.a(lib_a-locale.o)
                0x0000000000015630                __locale_cjk_lang
 .text._localeconv_r
                0x0000000000015638        0xc c:/intelfpga_lite/18.1/nios2eds/bin/gnu/h-x86_64-mingw32/bin/../lib/gcc/nios2-elf/5.3.0/../../../../../H-x86_64-mingw32/nios2-elf/lib/mno-hw-mul\libc.a(lib_a-locale.o)
                0x0000000000015638                _localeconv_r
 .text.setlocale
                0x0000000000015644       0x18 c:/intelfpga_lite/18.1/nios2eds/bin/gnu/h-x86_64-mingw32/bin/../lib/gcc/nios2-elf/5.3.0/../../../../../H-x86_64-mingw32/nios2-elf/lib/mno-hw-mul\libc.a(lib_a-locale.o)
                0x0000000000015644                setlocale
 .text.localeconv
                0x000000000001565c        0xc c:/intelfpga_lite/18.1/nios2eds/bin/gnu/h-x86_64-mingw32/bin/../lib/gcc/nios2-elf/5.3.0/../../../../../H-x86_64-mingw32/nios2-elf/lib/mno-hw-mul\libc.a(lib_a-locale.o)
                0x000000000001565c                localeconv
 .text          0x0000000000015668        0x0 c:/intelfpga_lite/18.1/nios2eds/bin/gnu/h-x86_64-mingw32/bin/../lib/gcc/nios2-elf/5.3.0/../../../../../H-x86_64-mingw32/nios2-elf/lib/mno-hw-mul\libc.a(lib_a-makebuf.o)
 .text.__smakebuf_r
                0x0000000000015668      0x1bc c:/intelfpga_lite/18.1/nios2eds/bin/gnu/h-x86_64-mingw32/bin/../lib/gcc/nios2-elf/5.3.0/../../../../../H-x86_64-mingw32/nios2-elf/lib/mno-hw-mul\libc.a(lib_a-makebuf.o)
                0x0000000000015668                __smakebuf_r
 .text          0x0000000000015824        0x0 c:/intelfpga_lite/18.1/nios2eds/bin/gnu/h-x86_64-mingw32/bin/../lib/gcc/nios2-elf/5.3.0/../../../../../H-x86_64-mingw32/nios2-elf/lib/mno-hw-mul\libc.a(lib_a-memchr.o)
 .text.memchr   0x0000000000015824       0xe4 c:/intelfpga_lite/18.1/nios2eds/bin/gnu/h-x86_64-mingw32/bin/../lib/gcc/nios2-elf/5.3.0/../../../../../H-x86_64-mingw32/nios2-elf/lib/mno-hw-mul\libc.a(lib_a-memchr.o)
                0x0000000000015824                memchr
 .text          0x0000000000015908        0x0 c:/intelfpga_lite/18.1/nios2eds/bin/gnu/h-x86_64-mingw32/bin/../lib/gcc/nios2-elf/5.3.0/../../../../../H-x86_64-mingw32/nios2-elf/lib/mno-hw-mul\libc.a(lib_a-memmove.o)
 .text.memmove  0x0000000000015908      0x15c c:/intelfpga_lite/18.1/nios2eds/bin/gnu/h-x86_64-mingw32/bin/../lib/gcc/nios2-elf/5.3.0/../../../../../H-x86_64-mingw32/nios2-elf/lib/mno-hw-mul\libc.a(lib_a-memmove.o)
                0x0000000000015908                memmove
 .text          0x0000000000015a64        0x0 c:/intelfpga_lite/18.1/nios2eds/bin/gnu/h-x86_64-mingw32/bin/../lib/gcc/nios2-elf/5.3.0/../../../../../H-x86_64-mingw32/nios2-elf/lib/mno-hw-mul\libc.a(lib_a-mprec.o)
 .text._Balloc  0x0000000000015a64       0xa8 c:/intelfpga_lite/18.1/nios2eds/bin/gnu/h-x86_64-mingw32/bin/../lib/gcc/nios2-elf/5.3.0/../../../../../H-x86_64-mingw32/nios2-elf/lib/mno-hw-mul\libc.a(lib_a-mprec.o)
                0x0000000000015a64                _Balloc
 .text._Bfree   0x0000000000015b0c       0x28 c:/intelfpga_lite/18.1/nios2eds/bin/gnu/h-x86_64-mingw32/bin/../lib/gcc/nios2-elf/5.3.0/../../../../../H-x86_64-mingw32/nios2-elf/lib/mno-hw-mul\libc.a(lib_a-mprec.o)
                0x0000000000015b0c                _Bfree
 .text.__multadd
                0x0000000000015b34      0x148 c:/intelfpga_lite/18.1/nios2eds/bin/gnu/h-x86_64-mingw32/bin/../lib/gcc/nios2-elf/5.3.0/../../../../../H-x86_64-mingw32/nios2-elf/lib/mno-hw-mul\libc.a(lib_a-mprec.o)
                0x0000000000015b34                __multadd
 .text.__s2b    0x0000000000015c7c      0x104 c:/intelfpga_lite/18.1/nios2eds/bin/gnu/h-x86_64-mingw32/bin/../lib/gcc/nios2-elf/5.3.0/../../../../../H-x86_64-mingw32/nios2-elf/lib/mno-hw-mul\libc.a(lib_a-mprec.o)
                0x0000000000015c7c                __s2b
 .text.__hi0bits
                0x0000000000015d80       0x68 c:/intelfpga_lite/18.1/nios2eds/bin/gnu/h-x86_64-mingw32/bin/../lib/gcc/nios2-elf/5.3.0/../../../../../H-x86_64-mingw32/nios2-elf/lib/mno-hw-mul\libc.a(lib_a-mprec.o)
                0x0000000000015d80                __hi0bits
 .text.__lo0bits
                0x0000000000015de8       0xb0 c:/intelfpga_lite/18.1/nios2eds/bin/gnu/h-x86_64-mingw32/bin/../lib/gcc/nios2-elf/5.3.0/../../../../../H-x86_64-mingw32/nios2-elf/lib/mno-hw-mul\libc.a(lib_a-mprec.o)