Archive member included to satisfy reference by file (symbol)

c:/intelfpga_lite/18.1/nios2eds/bin/gnu/h-x86_64-mingw32/bin/../lib/gcc/nios2-elf/5.3.0/../../../../../H-x86_64-mingw32/nios2-elf/lib/mno-hw-mul\libstdc++.a(si_class_type_info.o)
                              obj/default/include/Usb.o (vtable for __cxxabiv1::__si_class_type_info)
c:/intelfpga_lite/18.1/nios2eds/bin/gnu/h-x86_64-mingw32/bin/../lib/gcc/nios2-elf/5.3.0/../../../../../H-x86_64-mingw32/nios2-elf/lib/mno-hw-mul\libstdc++.a(vmi_class_type_info.o)
                              obj/default/include/XBOXONE.o (vtable for __cxxabiv1::__vmi_class_type_info)
c:/intelfpga_lite/18.1/nios2eds/bin/gnu/h-x86_64-mingw32/bin/../lib/gcc/nios2-elf/5.3.0/../../../../../H-x86_64-mingw32/nios2-elf/lib/mno-hw-mul\libstdc++.a(tinfo.o)
                              c:/intelfpga_lite/18.1/nios2eds/bin/gnu/h-x86_64-mingw32/bin/../lib/gcc/nios2-elf/5.3.0/../../../../../H-x86_64-mingw32/nios2-elf/lib/mno-hw-mul\libstdc++.a(si_class_type_info.o) (std::type_info::__is_function_p() const)
c:/intelfpga_lite/18.1/nios2eds/bin/gnu/h-x86_64-mingw32/bin/../lib/gcc/nios2-elf/5.3.0/../../../../../H-x86_64-mingw32/nios2-elf/lib/mno-hw-mul\libstdc++.a(del_op.o)
                              c:/intelfpga_lite/18.1/nios2eds/bin/gnu/h-x86_64-mingw32/bin/../lib/gcc/nios2-elf/5.3.0/../../../../../H-x86_64-mingw32/nios2-elf/lib/mno-hw-mul\libstdc++.a(si_class_type_info.o) (operator delete(void*))
c:/intelfpga_lite/18.1/nios2eds/bin/gnu/h-x86_64-mingw32/bin/../lib/gcc/nios2-elf/5.3.0/../../../../../H-x86_64-mingw32/nios2-elf/lib/mno-hw-mul\libstdc++.a(pure.o)
                              obj/default/include/Usb.o (__cxa_pure_virtual)
c:/intelfpga_lite/18.1/nios2eds/bin/gnu/h-x86_64-mingw32/bin/../lib/gcc/nios2-elf/5.3.0/../../../../../H-x86_64-mingw32/nios2-elf/lib/mno-hw-mul\libstdc++.a(class_type_info.o)
                              c:/intelfpga_lite/18.1/nios2eds/bin/gnu/h-x86_64-mingw32/bin/../lib/gcc/nios2-elf/5.3.0/../../../../../H-x86_64-mingw32/nios2-elf/lib/mno-hw-mul\libstdc++.a(si_class_type_info.o) (__cxxabiv1::__class_type_info::__do_upcast(__cxxabiv1::__class_type_info const*, void**) const)
c:/intelfpga_lite/18.1/nios2eds/bin/gnu/h-x86_64-mingw32/bin/../lib/gcc/nios2-elf/5.3.0/../../../../../H-x86_64-mingw32/nios2-elf/lib/mno-hw-mul\libstdc++.a(eh_terminate.o)
                              c:/intelfpga_lite/18.1/nios2eds/bin/gnu/h-x86_64-mingw32/bin/../lib/gcc/nios2-elf/5.3.0/../../../../../H-x86_64-mingw32/nios2-elf/lib/mno-hw-mul\libstdc++.a(pure.o) (std::terminate())
c:/intelfpga_lite/18.1/nios2eds/bin/gnu/h-x86_64-mingw32/bin/../lib/gcc/nios2-elf/5.3.0/../../../../../H-x86_64-mingw32/nios2-elf/lib/mno-hw-mul\libstdc++.a(eh_unex_handler.o)
                              c:/intelfpga_lite/18.1/nios2eds/bin/gnu/h-x86_64-mingw32/bin/../lib/gcc/nios2-elf/5.3.0/../../../../../H-x86_64-mingw32/nios2-elf/lib/mno-hw-mul\libstdc++.a(eh_terminate.o) (__cxxabiv1::__unexpected_handler)
c:/intelfpga_lite/18.1/nios2eds/bin/gnu/h-x86_64-mingw32/bin/../lib/gcc/nios2-elf/5.3.0/../../../../../H-x86_64-mingw32/nios2-elf/lib/mno-hw-mul\libstdc++.a(eh_term_handler.o)
                              c:/intelfpga_lite/18.1/nios2eds/bin/gnu/h-x86_64-mingw32/bin/../lib/gcc/nios2-elf/5.3.0/../../../../../H-x86_64-mingw32/nios2-elf/lib/mno-hw-mul\libstdc++.a(eh_terminate.o) (__cxxabiv1::__terminate_handler)
c:/intelfpga_lite/18.1/nios2eds/bin/gnu/h-x86_64-mingw32/bin/../lib/gcc/nios2-elf/5.3.0/../../../../../H-x86_64-mingw32/nios2-elf/lib/mno-hw-mul\libstdc++.a(eh_personality.o)
                              c:/intelfpga_lite/18.1/nios2eds/bin/gnu/h-x86_64-mingw32/bin/../lib/gcc/nios2-elf/5.3.0/../../../../../H-x86_64-mingw32/nios2-elf/lib/mno-hw-mul\libstdc++.a(eh_terminate.o) (__gxx_personality_sj0)
c:/intelfpga_lite/18.1/nios2eds/bin/gnu/h-x86_64-mingw32/bin/../lib/gcc/nios2-elf/5.3.0/../../../../../H-x86_64-mingw32/nios2-elf/lib/mno-hw-mul\libstdc++.a(eh_throw.o)
                              c:/intelfpga_lite/18.1/nios2eds/bin/gnu/h-x86_64-mingw32/bin/../lib/gcc/nios2-elf/5.3.0/../../../../../H-x86_64-mingw32/nios2-elf/lib/mno-hw-mul\libstdc++.a(eh_personality.o) (__cxa_throw)
c:/intelfpga_lite/18.1/nios2eds/bin/gnu/h-x86_64-mingw32/bin/../lib/gcc/nios2-elf/5.3.0/../../../../../H-x86_64-mingw32/nios2-elf/lib/mno-hw-mul\libstdc++.a(eh_catch.o)
                              c:/intelfpga_lite/18.1/nios2eds/bin/gnu/h-x86_64-mingw32/bin/../lib/gcc/nios2-elf/5.3.0/../../../../../H-x86_64-mingw32/nios2-elf/lib/mno-hw-mul\libstdc++.a(eh_terminate.o) (__cxa_begin_catch)
c:/intelfpga_lite/18.1/nios2eds/bin/gnu/h-x86_64-mingw32/bin/../lib/gcc/nios2-elf/5.3.0/../../../../../H-x86_64-mingw32/nios2-elf/lib/mno-hw-mul\libstdc++.a(eh_alloc.o)
                              c:/intelfpga_lite/18.1/nios2eds/bin/gnu/h-x86_64-mingw32/bin/../lib/gcc/nios2-elf/5.3.0/../../../../../H-x86_64-mingw32/nios2-elf/lib/mno-hw-mul\libstdc++.a(eh_personality.o) (__cxa_allocate_exception)
[...]
Memory Configuration

Name             Origin             Length             Attributes
reset            0x0000000000000000 0x0000000000000020
sdram            0x0000000000000020 0x0000000003ffffe0
*default*        0x0000000000000000 0xffffffffffffffff

Linker script and memory map

LOAD ../USB_MIDI_AUDIO_SYNTH_bsp//obj/HAL/src/crt0.o
LOAD obj/default/include/Port.o
LOAD obj/default/include/SPI.o
LOAD obj/default/include/Usb.o
LOAD obj/default/include/XBOXONE.o
LOAD obj/default/include/audio_synth.o
LOAD obj/default/include/hidboot.o
LOAD obj/default/include/message.o
LOAD obj/default/include/parsetools.o
LOAD obj/default/include/sgtl5000.o
LOAD obj/default/include/usbh_midi.o
LOAD obj/default/include/usbhid.o
LOAD obj/default/include/usbhost.o
LOAD obj/default/main.o
LOAD c:/intelfpga_lite/18.1/nios2eds/bin/gnu/h-x86_64-mingw32/bin/../lib/gcc/nios2-elf/5.3.0/../../../../../H-x86_64-mingw32/nios2-elf/lib/mno-hw-mul\libstdc++.a
LOAD c:/intelfpga_lite/18.1/nios2eds/bin/gnu/h-x86_64-mingw32/bin/../lib/gcc/nios2-elf/5.3.0/../../../../../H-x86_64-mingw32/nios2-elf/lib/mno-hw-mul\libm.a
LOAD c:/intelfpga_lite/18.1/nios2eds/bin/gnu/h-x86_64-mingw32/bin/../lib/gcc/nios2-elf/5.3.0/mno-hw-mul\libgcc.a
START GROUP
LOAD c:/intelfpga_lite/18.1/nios2eds/bin/gnu/h-x86_64-mingw32/bin/../lib/gcc/nios2-elf/5.3.0/../../../../../H-x86_64-mingw32/nios2-elf/lib/mno-hw-mul\libc.a
LOAD c:/intelfpga_lite/18.1/nios2eds/bin/gnu/h-x86_64-mingw32/bin/../lib/gcc/nios2-elf/5.3.0/mno-hw-mul\libgcc.a
LOAD ../USB_MIDI_AUDIO_SYNTH_bsp/\libhal_bsp.a
LOAD c:/intelfpga_lite/18.1/nios2eds/bin/gnu/h-x86_64-mingw32/bin/../lib/gcc/nios2-elf/5.3.0/../../../../../H-x86_64-mingw32/nios2-elf/lib/mno-hw-mul\libm.a
END GROUP
LOAD c:/intelfpga_lite/18.1/nios2eds/bin/gnu/h-x86_64-mingw32/bin/../lib/gcc/nios2-elf/5.3.0/mno-hw-mul\libgcc.a
                0x0000000000000000                __alt_mem_sdram = 0x0

.entry          0x0000000000000000       0x20
 *(.entry)
 .entry         0x0000000000000000       0x20 ../USB_MIDI_AUDIO_SYNTH_bsp//obj/HAL/src/crt0.o
                0x0000000000000000                __reset

.exceptions     0x0000000000000020      0x210
                0x0000000000000020                PROVIDE (__ram_exceptions_start, ABSOLUTE (.))
                0x0000000000000020                . = ALIGN (0x20)
 *(.irq)
 *(.exceptions.entry.label)
 .exceptions.entry.label
                0x0000000000000020        0x0 ../USB_MIDI_AUDIO_SYNTH_bsp/\libhal_bsp.a(alt_irq_entry.o)
                0x0000000000000020                alt_irq_entry
 .exceptions.entry.label
                0x0000000000000020        0x0 ../USB_MIDI_AUDIO_SYNTH_bsp/\libhal_bsp.a(alt_exception_entry.o)
                0x0000000000000020                alt_exception
 *(.exceptions.entry.user)
 *(.exceptions.entry.ecc_fatal)
 *(.exceptions.entry)
 .exceptions.entry
                0x0000000000000020       0x54 ../USB_MIDI_AUDIO_SYNTH_bsp/\libhal_bsp.a(alt_exception_entry.o)
 *(.exceptions.irqtest.user)
 *(.exceptions.irqtest)
 .exceptions.irqtest
                0x0000000000000074       0x10 ../USB_MIDI_AUDIO_SYNTH_bsp/\libhal_bsp.a(alt_irq_entry.o)
 *(.exceptions.irqhandler.user)
 *(.exceptions.irqhandler)
 .exceptions.irqhandler
                0x0000000000000084        0x4 ../USB_MIDI_AUDIO_SYNTH_bsp/\libhal_bsp.a(alt_irq_entry.o)
 *(.exceptions.irqreturn.user)
 *(.exceptions.irqreturn)
 .exceptions.irqreturn
                0x0000000000000088        0x4 ../USB_MIDI_AUDIO_SYNTH_bsp/\libhal_bsp.a(alt_irq_entry.o)
 *(.exceptions.notirq.label)
 .exceptions.notirq.label
                0x000000000000008c        0x0 ../USB_MIDI_AUDIO_SYNTH_bsp/\libhal_bsp.a(alt_irq_entry.o)
 *(.exceptions.notirq.user)
 *(.exceptions.notirq)
 .exceptions.notirq
                0x000000000000008c        0x8 ../USB_MIDI_AUDIO_SYNTH_bsp/\libhal_bsp.a(alt_exception_entry.o)
 *(.exceptions.soft.user)
 *(.exceptions.soft)
 *(.exceptions.unknown.user)
 *(.exceptions.unknown)
 .exceptions.unknown
                0x0000000000000094       0x14 ../USB_MIDI_AUDIO_SYNTH_bsp/\libhal_bsp.a(alt_exception_entry.o)
 *(.exceptions.exit.label)
 .exceptions.exit.label
                0x00000000000000a8        0x0 ../USB_MIDI_AUDIO_SYNTH_bsp/\libhal_bsp.a(alt_irq_entry.o)
 .exceptions.exit.label
                0x00000000000000a8        0x0 ../USB_MIDI_AUDIO_SYNTH_bsp/\libhal_bsp.a(alt_exception_entry.o)
 *(.exceptions.exit.user)
 *(.exceptions.exit)
 .exceptions.exit
                0x00000000000000a8       0x54 ../USB_MIDI_AUDIO_SYNTH_bsp/\libhal_bsp.a(alt_exception_entry.o)
 *(.exceptions)
 .exceptions    0x00000000000000fc       0xd4 ../USB_MIDI_AUDIO_SYNTH_bsp/\libhal_bsp.a(alt_irq_handler.o)
                0x00000000000000fc                alt_irq_handler
 .exceptions    0x00000000000001d0       0x60 ../USB_MIDI_AUDIO_SYNTH_bsp/\libhal_bsp.a(alt_instruction_exception_entry.o)
                0x00000000000001d0                alt_instruction_exception_entry
                0x0000000000000230                PROVIDE (__ram_exceptions_end, ABSOLUTE (.))
                0x0000000000000020                PROVIDE (__flash_exceptions_start, LOADADDR (.exceptions))

.text           0x0000000000000230    0x23810
                [!provide]                        PROVIDE (stext, ABSOLUTE (.))
 *(.interp)
 *(.hash)
 *(.dynsym)
 *(.dynstr)
 *(.gnu.version)
 *(.gnu.version_d)
 *(.gnu.version_r)
 *(.rel.init)
 *(.rela.init)
 *(.rel.text .rel.text.* .rel.gnu.linkonce.t.*)
 *(.rela.text .rela.text.* .rela.gnu.linkonce.t.*)
 *(.rel.fini)
 *(.rela.fini)
 *(.rel.rodata .rel.rodata.* .rel.gnu.linkonce.r.*)
 *(.rela.rodata .rela.rodata.* .rela.gnu.linkonce.r.*)
 *(.rel.data .rel.data.* .rel.gnu.linkonce.d.*)
 *(.rela.data .rela.data.* .rela.gnu.linkonce.d.*)
 *(.rel.tdata .rel.tdata.* .rel.gnu.linkonce.td.*)
 *(.rela.tdata .rela.tdata.* .rela.gnu.linkonce.td.*)
 *(.rel.tbss .rel.tbss.* .rel.gnu.linkonce.tb.*)
 *(.rela.tbss .rela.tbss.* .rela.gnu.linkonce.tb.*)
 *(.rel.ctors)
 *(.rela.ctors)
 *(.rel.dtors)
 *(.rela.dtors)
 *(.rel.got)
 *(.rela.got)
 *(.rel.sdata .rel.sdata.* .rel.gnu.linkonce.s.*)
 *(.rela.sdata .rela.sdata.* .rela.gnu.linkonce.s.*)
 *(.rel.sbss .rel.sbss.* .rel.gnu.linkonce.sb.*)
 *(.rela.sbss .rela.sbss.* .rela.gnu.linkonce.sb.*)
 *(.rel.sdata2 .rel.sdata2.* .rel.gnu.linkonce.s2.*)
 *(.rela.sdata2 .rela.sdata2.* .rela.gnu.linkonce.s2.*)
 *(.rel.sbss2 .rel.sbss2.* .rel.gnu.linkonce.sb2.*)
 *(.rela.sbss2 .rela.sbss2.* .rela.gnu.linkonce.sb2.*)
 *(.rel.bss .rel.bss.* .rel.gnu.linkonce.b.*)
 *(.rela.bss .rela.bss.* .rela.gnu.linkonce.b.*)
 *(.rel.plt)
 *(.rela.plt)
 *(.rel.dyn)
 *(.init)
 *(.plt)
 *(.text .stub .text.* .gnu.linkonce.t.*)
 .text          0x0000000000000230       0x3c ../USB_MIDI_AUDIO_SYNTH_bsp//obj/HAL/src/crt0.o
                0x0000000000000230                _start
 .text          0x000000000000026c      0x2c0 obj/default/include/Port.o
                0x000000000000026c                SPI_SS::Write(unsigned char)
                0x00000000000002a8                SPI_SS::ClearAndSet(unsigned char, unsigned char)
                0x00000000000002ec                SPI_SS::Read()
                0x0000000000000320                SPI_SS::DirWrite(unsigned char)
                0x000000000000035c                SPI_SS::DirRead()
                0x0000000000000390                SPI_SS::Set(unsigned char)
                0x00000000000003cc                SPI_SS::Clear(unsigned char)
                0x0000000000000408                SPI_SS::Toggle(unsigned char)
                0x0000000000000444                SPI_SS::DirSet(unsigned char)
                0x0000000000000480                SPI_SS::DirClear(unsigned char)
                0x00000000000004bc                SPI_SS::DirToggle(unsigned char)
                0x00000000000004f8                SPI_SS::PinRead()
 .text          0x000000000000052c      0x1d8 obj/default/include/SPI.o
                0x000000000000052c                alt_busy_sleep(unsigned int)
                0x0000000000000684                delay(unsigned long)
                0x00000000000006dc                millis()
 .text          0x0000000000000704     0x2110 obj/default/include/Usb.o
                0x0000000000000704                USB::USB()
                0x0000000000000704                USB::USB()
                0x000000000000075c                USB::init()
                0x0000000000000788                USB::getUsbTaskState()
                0x00000000000007ac                USB::setUsbTaskState(unsigned char)
                0x00000000000007e0                USB::getEpInfoEntry(unsigned char, unsigned char)
                0x00000000000008f4                USB::setEpInfoEntry(unsigned char, unsigned char, EpInfo*)
                0x0000000000000a10                USB::SetAddress(unsigned char, unsigned char, EpInfo**, unsigned short*)
                0x0000000000000b9c                USB::ctrlReq(unsigned char, unsigned char, unsigned char, unsigned char, unsigned char, unsigned char, unsigned short, unsigned short, unsigned short, unsigned char*, USBReadParser*)
                0x0000000000000eac                USB::inTransfer(unsigned char, unsigned char, unsigned short*, unsigned char*, unsigned char)
                0x0000000000000f94                USB::InTransfer(EpInfo*, unsigned short, unsigned short*, unsigned char*, unsigned char)
                0x0000000000001240                USB::outTransfer(unsigned char, unsigned char, unsigned short, unsigned char*)
                0x00000000000012f0                USB::OutTransfer(EpInfo*, unsigned short, unsigned short, unsigned char*)
                0x000000000000169c                USB::dispatchPkt(unsigned char, unsigned char, unsigned short)
                0x000000000000181c                USB::Task()
                0x0000000000001c0c                USB::DefaultAddressing(unsigned char, unsigned char, bool)
                0x0000000000001d6c                USB::AttemptConfig(unsigned char, unsigned char, unsigned char, bool)
                0x0000000000001ffc                USB::Configuring(unsigned char, unsigned char, bool)
                0x0000000000002308                USB::ReleaseDevice(unsigned char)
                0x0000000000002440                USB::getDevDescr(unsigned char, unsigned char, unsigned short, unsigned char*)
                0x00000000000024c8                USB::getConfDescr(unsigned char, unsigned char, unsigned short, unsigned char, unsigned char*)
                0x000000000000255c                USB::getConfDescr(unsigned char, unsigned char, unsigned char, USBReadParser*)
                0x0000000000002654                USB::getStrDescr(unsigned char, unsigned char, unsigned short, unsigned char, unsigned short, unsigned char*)
                0x00000000000026fc                USB::setAddr(unsigned char, unsigned char, unsigned char)
                0x0000000000002790                USB::setConf(unsigned char, unsigned char, unsigned char)
 .text._ZN3USB14GetAddressPoolEv
                0x0000000000002814       0x24 obj/default/include/Usb.o
                0x0000000000002814                USB::GetAddressPool()
 .text._ZN11AddressPoolC2Ev
                0x0000000000002838       0x34 obj/default/include/Usb.o
                0x0000000000002838                AddressPool::AddressPool()
                0x0000000000002838                AddressPool::AddressPool()
 .text._ZN15AddressPoolImplILh16EEC2Ev
                0x000000000000286c       0xcc obj/default/include/Usb.o
                0x000000000000286c                AddressPoolImpl<(unsigned char)16>::AddressPoolImpl()
                0x000000000000286c                AddressPoolImpl<(unsigned char)16>::AddressPoolImpl()
 .text._ZN15AddressPoolImplILh16EE15GetUsbDevicePtrEh
                0x0000000000002938       0x8c obj/default/include/Usb.o
                0x0000000000002938                AddressPoolImpl<(unsigned char)16>::GetUsbDevicePtr(unsigned char)
 .text._Z10D_PrintHexIhEvT_i
                0x00000000000029c4       0x2c obj/default/include/Usb.o
                0x00000000000029c4                void D_PrintHex<unsigned char>(unsigned char, int)
 .text._ZN15AddressPoolImplILh16EE12AllocAddressEhbh
                0x00000000000029f0      0x260 obj/default/include/Usb.o
                0x00000000000029f0                AddressPoolImpl<(unsigned char)16>::AllocAddress(unsigned char, bool, unsigned char)
 .text._ZN15AddressPoolImplILh16EE11FreeAddressEh
                0x0000000000002c50       0x6c obj/default/include/Usb.o
                0x0000000000002c50                AddressPoolImpl<(unsigned char)16>::FreeAddress(unsigned char)
 .text._ZN15AddressPoolImplILh16EE9InitEntryEh
                0x0000000000002cbc      0x144 obj/default/include/Usb.o
                0x0000000000002cbc                AddressPoolImpl<(unsigned char)16>::InitEntry(unsigned char)
 .text._ZN15AddressPoolImplILh16EE16InitAllAddressesEv
                0x0000000000002e00       0x68 obj/default/include/Usb.o
                0x0000000000002e00                AddressPoolImpl<(unsigned char)16>::InitAllAddresses()
 .text._ZN15AddressPoolImplILh16EE16FindAddressIndexEh
                0x0000000000002e68       0x94 obj/default/include/Usb.o
                0x0000000000002e68                AddressPoolImpl<(unsigned char)16>::FindAddressIndex(unsigned char)
 .text._ZN15AddressPoolImplILh16EE18FreeAddressByIndexEh
                0x0000000000002efc      0x104 obj/default/include/Usb.o
                0x0000000000002efc                AddressPoolImpl<(unsigned char)16>::FreeAddressByIndex(unsigned char)
 .text._ZN15AddressPoolImplILh16EE14FindChildIndexE16UsbDeviceAddressh
                0x0000000000003000       0xc8 obj/default/include/Usb.o
                0x0000000000003000                AddressPoolImpl<(unsigned char)16>::FindChildIndex(UsbDeviceAddress, unsigned char)
 .text          0x00000000000030c8     0x1314 obj/default/include/XBOXONE.o
                0x00000000000030c8                XBOXONE::XBOXONE(USB*)
                0x00000000000030c8                XBOXONE::XBOXONE(USB*)
                0x00000000000032ac                XBOXONE::Init(unsigned char, unsigned char, bool)
                0x0000000000003900                XBOXONE::EndpointXtract(unsigned char, unsigned char, unsigned char, unsigned char, USB_ENDPOINT_DESCRIPTOR const*)
                0x0000000000003a3c                non-virtual thunk to XBOXONE::EndpointXtract(unsigned char, unsigned char, unsigned char, unsigned char, USB_ENDPOINT_DESCRIPTOR const*)
                0x0000000000003a44                XBOXONE::PrintEndpointDescriptor(USB_ENDPOINT_DESCRIPTOR const*)
                0x0000000000003a6c                XBOXONE::Release()
                0x0000000000003b00                XBOXONE::Poll()
                0x0000000000003bf8                XBOXONE::readReport()
                0x0000000000003fc0                XBOXONE::getButtonPress(ButtonEnum)
                0x0000000000004048                XBOXONE::getButtonClick(ButtonEnum)
                0x0000000000004138                XBOXONE::getAnalogHat(AnalogHatEnum)
                0x0000000000004174                XBOXONE::XboxCommand(unsigned char*, unsigned short)
                0x0000000000004214                XBOXONE::onInit()
                0x00000000000042b8                XBOXONE::setRumbleOff()
                0x0000000000004330                XBOXONE::setRumbleOn(unsigned char, unsigned char, unsigned char, unsigned char)
 .text._ZN16MultiValueBufferC2Ev
                0x00000000000043dc       0x60 obj/default/include/XBOXONE.o
                0x00000000000043dc                MultiValueBuffer::MultiValueBuffer()
                0x00000000000043dc                MultiValueBuffer::MultiValueBuffer()
 .text._ZN20MultiByteValueParserC2Ev
                0x000000000000443c       0x3c obj/default/include/XBOXONE.o
                0x000000000000443c                MultiByteValueParser::MultiByteValueParser()
                0x000000000000443c                MultiByteValueParser::MultiByteValueParser()
 .text._ZN20MultiByteValueParser10InitializeEP16MultiValueBuffer
                0x0000000000004478       0x80 obj/default/include/XBOXONE.o
                0x0000000000004478                MultiByteValueParser::Initialize(MultiValueBuffer*)
 .text._ZN11ByteSkipperC2Ev
                0x00000000000044f8       0x3c obj/default/include/XBOXONE.o
                0x00000000000044f8                ByteSkipper::ByteSkipper()
                0x00000000000044f8                ByteSkipper::ByteSkipper()
 .text._ZN11ByteSkipper10InitializeEP16MultiValueBuffer
                0x0000000000004534       0x68 obj/default/include/XBOXONE.o
                0x0000000000004534                ByteSkipper::Initialize(MultiValueBuffer*)
 .text._ZN11ByteSkipper4SkipEPPhPtt
                0x000000000000459c      0x100 obj/default/include/XBOXONE.o
                0x000000000000459c                ByteSkipper::Skip(unsigned char**, unsigned short*, unsigned short)
 .text._ZN15USBDeviceConfig4InitEhhb
                0x000000000000469c       0x3c obj/default/include/XBOXONE.o
                0x000000000000469c                USBDeviceConfig::Init(unsigned char, unsigned char, bool)
 .text._ZN15USBDeviceConfig15ConfigureDeviceEhhb
                0x00000000000046d8       0x3c obj/default/include/XBOXONE.o
                0x00000000000046d8                USBDeviceConfig::ConfigureDevice(unsigned char, unsigned char, bool)
 .text._ZN15USBDeviceConfig7ReleaseEv
                0x0000000000004714       0x24 obj/default/include/XBOXONE.o
                0x0000000000004714                USBDeviceConfig::Release()
 .text._ZN15USBDeviceConfig4PollEv
                0x0000000000004738       0x24 obj/default/include/XBOXONE.o
                0x0000000000004738                USBDeviceConfig::Poll()
 .text._ZN15USBDeviceConfig10GetAddressEv
                0x000000000000475c       0x24 obj/default/include/XBOXONE.o
                0x000000000000475c                USBDeviceConfig::GetAddress()
 .text._ZN15USBDeviceConfig12ResetHubPortEh
                0x0000000000004780       0x2c obj/default/include/XBOXONE.o
                0x0000000000004780                USBDeviceConfig::ResetHubPort(unsigned char)
 .text._ZN15USBDeviceConfig8VIDPIDOKEtt
                0x00000000000047ac       0x34 obj/default/include/XBOXONE.o
                0x00000000000047ac                USBDeviceConfig::VIDPIDOK(unsigned short, unsigned short)
 .text._ZN15USBDeviceConfig10DEVCLASSOKEh
                0x00000000000047e0       0x2c obj/default/include/XBOXONE.o
                0x00000000000047e0                USBDeviceConfig::DEVCLASSOK(unsigned char)
 .text._ZN15USBDeviceConfig13DEVSUBCLASSOKEh
                0x000000000000480c       0x2c obj/default/include/XBOXONE.o
                0x000000000000480c                USBDeviceConfig::DEVSUBCLASSOK(unsigned char)
 .text._ZN3USB19RegisterDeviceClassEP15USBDeviceConfig
                0x0000000000004838       0x90 obj/default/include/XBOXONE.o
                0x0000000000004838                USB::RegisterDeviceClass(USBDeviceConfig*)
 .text._ZN17UsbConfigXtracter14EndpointXtractEhhhhPK23USB_ENDPOINT_DESCRIPTOR
                0x00000000000048c8       0x40 obj/default/include/XBOXONE.o
                0x00000000000048c8                UsbConfigXtracter::EndpointXtract(unsigned char, unsigned char, unsigned char, unsigned char, USB_ENDPOINT_DESCRIPTOR const*)
 .text._ZN7XBOXONE10GetAddressEv
                0x0000000000004908       0x28 obj/default/include/XBOXONE.o
                0x0000000000004908                XBOXONE::GetAddress()
 .text._ZN7XBOXONE7isReadyEv
                0x0000000000004930       0x28 obj/default/include/XBOXONE.o
                0x0000000000004930                XBOXONE::isReady()
 .text._ZN7XBOXONE8VIDPIDOKEtt
                0x0000000000004958      0x12c obj/default/include/XBOXONE.o
                0x0000000000004958                XBOXONE::VIDPIDOK(unsigned short, unsigned short)
 .text._ZN15USBDeviceConfigC2Ev
                0x0000000000004a84       0x34 obj/default/include/XBOXONE.o
                0x0000000000004a84                USBDeviceConfig::USBDeviceConfig()
                0x0000000000004a84                USBDeviceConfig::USBDeviceConfig()
 .text._ZN17UsbConfigXtracterC2Ev
                0x0000000000004ab8       0x34 obj/default/include/XBOXONE.o
                0x0000000000004ab8                UsbConfigXtracter::UsbConfigXtracter()
                0x0000000000004ab8                UsbConfigXtracter::UsbConfigXtracter()
 .text._ZN13USBReadParserC2Ev
                0x0000000000004aec       0x34 obj/default/include/XBOXONE.o
                0x0000000000004aec                USBReadParser::USBReadParser()
                0x0000000000004aec                USBReadParser::USBReadParser()
 .text._ZN16ConfigDescParserILh0ELh0ELh0ELh0EEC2EP17UsbConfigXtracter
                0x0000000000004b20      0x164 obj/default/include/XBOXONE.o
                0x0000000000004b20                ConfigDescParser<(unsigned char)0, (unsigned char)0, (unsigned char)0, (unsigned char)0>::ConfigDescParser(UsbConfigXtracter*)
                0x0000000000004b20                ConfigDescParser<(unsigned char)0, (unsigned char)0, (unsigned char)0, (unsigned char)0>::ConfigDescParser(UsbConfigXtracter*)
 .text._ZN16ConfigDescParserILh0ELh0ELh0ELh0EE5ParseEtPKhRKt
                0x0000000000004c84       0x7c obj/default/include/XBOXONE.o
                0x0000000000004c84                ConfigDescParser<(unsigned char)0, (unsigned char)0, (unsigned char)0, (unsigned char)0>::Parse(unsigned short, unsigned char const*, unsigned short const&)
 .text._ZN16ConfigDescParserILh0ELh0ELh0ELh0EE15ParseDescriptorEPPhPt
                0x0000000000004d00      0x4b0 obj/default/include/XBOXONE.o
                0x0000000000004d00                ConfigDescParser<(unsigned char)0, (unsigned char)0, (unsigned char)0, (unsigned char)0>::ParseDescriptor(unsigned char**, unsigned short*)
 .text          0x00000000000051b0      0x40c obj/default/include/audio_synth.o
                0x00000000000051b0                set_note(unsigned char, unsigned char)
                0x0000000000005230                set_adsr(unsigned char, unsigned long)
                0x000000000000527c                calc_adsr(unsigned short, unsigned short, unsigned short, float)
 .text          0x00000000000055bc      0x770 obj/default/include/hidboot.o
                0x00000000000055bc                MouseReportParser::Parse(USBHID*, bool, unsigned char, unsigned char*)
                0x00000000000057d8                KeyboardReportParser::Parse(USBHID*, bool, unsigned char, unsigned char*)
                0x0000000000005a94                KeyboardReportParser::OemToAscii(unsigned char, unsigned char)
 .text._ZN17MouseReportParser11OnMouseMoveEP9MOUSEINFO
                0x0000000000005d2c       0x28 obj/default/include/hidboot.o
                0x0000000000005d2c                MouseReportParser::OnMouseMove(MOUSEINFO*)
 .text._ZN17MouseReportParser14OnLeftButtonUpEP9MOUSEINFO
                0x0000000000005d54       0x28 obj/default/include/hidboot.o
                0x0000000000005d54                MouseReportParser::OnLeftButtonUp(MOUSEINFO*)
 .text._ZN17MouseReportParser16OnLeftButtonDownEP9MOUSEINFO
                0x0000000000005d7c       0x28 obj/default/include/hidboot.o
                0x0000000000005d7c                MouseReportParser::OnLeftButtonDown(MOUSEINFO*)
 .text._ZN17MouseReportParser15OnRightButtonUpEP9MOUSEINFO
                0x0000000000005da4       0x28 obj/default/include/hidboot.o
                0x0000000000005da4                MouseReportParser::OnRightButtonUp(MOUSEINFO*)
 .text._ZN17MouseReportParser17OnRightButtonDownEP9MOUSEINFO
                0x0000000000005dcc       0x28 obj/default/include/hidboot.o
                0x0000000000005dcc                MouseReportParser::OnRightButtonDown(MOUSEINFO*)
 .text._ZN17MouseReportParser16OnMiddleButtonUpEP9MOUSEINFO
                0x0000000000005df4       0x28 obj/default/include/hidboot.o
                0x0000000000005df4                MouseReportParser::OnMiddleButtonUp(MOUSEINFO*)
 .text._ZN17MouseReportParser18OnMiddleButtonDownEP9MOUSEINFO
                0x0000000000005e1c       0x28 obj/default/include/hidboot.o
                0x0000000000005e1c                MouseReportParser::OnMiddleButtonDown(MOUSEINFO*)
 .text._ZN20KeyboardReportParser17HandleLockingKeysEP6USBHIDh
                0x0000000000005e44      0x18c obj/default/include/hidboot.o
                0x0000000000005e44                KeyboardReportParser::HandleLockingKeys(USBHID*, unsigned char)
 .text._ZN20KeyboardReportParser20OnControlKeysChangedEhh
                0x0000000000005fd0       0x34 obj/default/include/hidboot.o
                0x0000000000005fd0                KeyboardReportParser::OnControlKeysChanged(unsigned char, unsigned char)
 .text._ZN20KeyboardReportParser9OnKeyDownEhh
                0x0000000000006004       0x34 obj/default/include/hidboot.o
                0x0000000000006004                KeyboardReportParser::OnKeyDown(unsigned char, unsigned char)
 .text._ZN20KeyboardReportParser7OnKeyUpEhh
                0x0000000000006038       0x34 obj/default/include/hidboot.o
                0x0000000000006038                KeyboardReportParser::OnKeyUp(unsigned char, unsigned char)
 .text._ZN20KeyboardReportParser10getNumKeysEv
                0x000000000000606c       0x28 obj/default/include/hidboot.o
                0x000000000000606c                KeyboardReportParser::getNumKeys()
 .text._ZN20KeyboardReportParser12getSymKeysUpEv
                0x0000000000006094       0x28 obj/default/include/hidboot.o
                0x0000000000006094                KeyboardReportParser::getSymKeysUp()
 .text._ZN20KeyboardReportParser12getSymKeysLoEv
                0x00000000000060bc       0x28 obj/default/include/hidboot.o
                0x00000000000060bc                KeyboardReportParser::getSymKeysLo()
 .text._ZN20KeyboardReportParser10getPadKeysEv
                0x00000000000060e4       0x24 obj/default/include/hidboot.o
                0x00000000000060e4                KeyboardReportParser::getPadKeys()
 .text          0x0000000000006108      0x1a8 obj/default/include/message.o
                0x0000000000006108                E_Notifyc(char, int)
                0x0000000000006158                E_Notify(char const*, int)
                0x00000000000061dc                E_NotifyStr(char const*, int)
                0x0000000000006260                E_Notify(unsigned char, int)
                0x0000000000006288                E_Notify(double, int)
 .text          0x00000000000062b0      0x35c obj/default/include/parsetools.o
                0x00000000000062b0                MultiByteValueParser::Parse(unsigned char**, unsigned short*)
                0x00000000000063b8                PTPListParser::Parse(unsigned char**, unsigned short*, void (*)(MultiValueBuffer const*, unsigned long, void const*), void const*)
 .text          0x000000000000660c      0x8b4 obj/default/include/sgtl5000.o
                0x000000000000660c                I2Creg_wr(ALT_AVALON_I2C_DEV_s*, unsigned char, unsigned short)
                0x00000000000066b0                I2Cbytes_wr(ALT_AVALON_I2C_DEV_s*, unsigned char, unsigned char, unsigned short*)
                0x0000000000006868                I2Creg_rd(ALT_AVALON_I2C_DEV_s*, unsigned char)
                0x0000000000006910                I2Cbytes_rd(ALT_AVALON_I2C_DEV_s*, unsigned char, unsigned char, unsigned short*)
                0x0000000000006abc                SGTL5000init(ALT_AVALON_I2C_DEV_s*)
                0x0000000000006b54                SGTL5000audio_on(ALT_AVALON_I2C_DEV_s*)
                0x0000000000006bc0                SGTL5000status(ALT_AVALON_I2C_DEV_s*)
                0x0000000000006d6c                SGTL5000vol_up(ALT_AVALON_I2C_DEV_s*)
                0x0000000000006e40                SGTL5000vol_down(ALT_AVALON_I2C_DEV_s*)
 .text          0x0000000000006ec0     0x1dbc obj/default/include/usbh_midi.o
                0x0000000000006ec0                USBH_MIDI::USBH_MIDI(USB*)
                0x0000000000006ec0                USBH_MIDI::USBH_MIDI(USB*)
                0x0000000000007040                USBH_MIDI::Init(unsigned char, unsigned char, bool)
                0x0000000000007860                USBH_MIDI::Release()
                0x00000000000078d8                USBH_MIDI::setupDeviceSpecific()
                0x00000000000079e0                USBH_MIDI::RecvData(unsigned short*, unsigned char*)
                0x0000000000007ab4                USBH_MIDI::RecvData(unsigned char*, bool)
                0x0000000000007d1c                USBH_MIDI::SendData(unsigned char*, unsigned char)
                0x0000000000007e78                USBH_MIDI::lookupMsgSize(unsigned char, unsigned char)
                0x0000000000007edc                USBH_MIDI::countSysExDataSize(unsigned char*)
                0x0000000000007f64                USBH_MIDI::SendSysEx(unsigned char*, unsigned short, unsigned char)
                0x0000000000008298                USBH_MIDI::extractSysExData(unsigned char*, unsigned char*)
                0x00000000000083d8                MidiDescParser::MidiDescParser(UsbMidiConfigXtracter*, bool)
                0x00000000000083d8                MidiDescParser::MidiDescParser(UsbMidiConfigXtracter*, bool)
                0x0000000000008550                MidiDescParser::Parse(unsigned short, unsigned char const*, unsigned short const&)
                0x00000000000085cc                MidiDescParser::ParseDescriptor(unsigned char**, unsigned short*)
                0x0000000000008b30                USBH_MIDI::EndpointXtract(unsigned char, unsigned char, unsigned char, unsigned char, USB_ENDPOINT_DESCRIPTOR const*)
                0x0000000000008c74                non-virtual thunk to USBH_MIDI::EndpointXtract(unsigned char, unsigned char, unsigned char, unsigned char, USB_ENDPOINT_DESCRIPTOR const*)
 .text._ZN21UsbMidiConfigXtracter14EndpointXtractEhhhhPK23USB_ENDPOINT_DESCRIPTOR
                0x0000000000008c7c       0x40 obj/default/include/usbh_midi.o
                0x0000000000008c7c                UsbMidiConfigXtracter::EndpointXtract(unsigned char, unsigned char, unsigned char, unsigned char, USB_ENDPOINT_DESCRIPTOR const*)
 .text._ZN14MidiDescParser12getConfValueEv
                0x0000000000008cbc       0x28 obj/default/include/usbh_midi.o
                0x0000000000008cbc                MidiDescParser::getConfValue()
 .text._ZN14MidiDescParser9getNumEPsEv
                0x0000000000008ce4       0x28 obj/default/include/usbh_midi.o
                0x0000000000008ce4                MidiDescParser::getNumEPs()
 .text._ZN9USBH_MIDI17convertStatus2CinEh
                0x0000000000008d0c       0x58 obj/default/include/usbh_midi.o
                0x0000000000008d0c                USBH_MIDI::convertStatus2Cin(unsigned char)
 .text._ZN9USBH_MIDI17getMsgSizeFromCinEh
                0x0000000000008d64       0x3c obj/default/include/usbh_midi.o
                0x0000000000008d64                USBH_MIDI::getMsgSizeFromCin(unsigned char)
 .text._ZN9USBH_MIDI10GetAddressEv
                0x0000000000008da0       0x28 obj/default/include/usbh_midi.o
                0x0000000000008da0                USBH_MIDI::GetAddress()
 .text._ZN21UsbMidiConfigXtracterC2Ev
                0x0000000000008dc8       0x34 obj/default/include/usbh_midi.o
                0x0000000000008dc8                UsbMidiConfigXtracter::UsbMidiConfigXtracter()
                0x0000000000008dc8                UsbMidiConfigXtracter::UsbMidiConfigXtracter()
 .text._Z10D_PrintHexItEvT_i
                0x0000000000008dfc       0x2c obj/default/include/usbh_midi.o
                0x0000000000008dfc                void D_PrintHex<unsigned short>(unsigned short, int)
 .text          0x0000000000008e28      0x604 obj/default/include/usbhid.o
                0x0000000000008e28                USBHID::GetReportDescr(unsigned short, USBReadParser*)
                0x0000000000008ec8                USBHID::SetReport(unsigned char, unsigned char, unsigned char, unsigned char, unsigned short, unsigned char*)
                0x0000000000008f80                USBHID::GetReport(unsigned char, unsigned char, unsigned char, unsigned char, unsigned short, unsigned char*)
                0x0000000000009038                USBHID::GetIdle(unsigned char, unsigned char, unsigned char*)
                0x00000000000090d0                USBHID::SetIdle(unsigned char, unsigned char, unsigned char)
                0x0000000000009164                USBHID::SetProtocol(unsigned char, unsigned char)
                0x00000000000091e8                USBHID::GetProtocol(unsigned char, unsigned char*)
                0x0000000000009270                USBHID::PrintEndpointDescriptor(USB_ENDPOINT_DESCRIPTOR const*)
                0x000000000000933c                USBHID::PrintHidDescriptor(USB_HID_DESCRIPTOR const*)
 .text          0x000000000000942c      0x9f0 obj/default/include/usbhost.o
                0x000000000000942c                MAX3421e::MAX3421e()
                0x000000000000942c                MAX3421e::MAX3421e()
                0x0000000000009468                MAX3421e::getVbusState()
                0x000000000000948c                MAX3421e::regWr(unsigned char, unsigned char)
                0x0000000000009518                MAX3421e::bytesWr(unsigned char, unsigned char, unsigned char*)
                0x000000000000964c                MAX3421e::gpioWr(unsigned char)
                0x00000000000096c0                MAX3421e::regRd(unsigned char)
                0x0000000000009738                MAX3421e::bytesRd(unsigned char, unsigned char, unsigned char*)
                0x00000000000097c0                MAX3421e::gpioRd()
                0x0000000000009840                MAX3421e::gpioRdOutput()
                0x00000000000098bc                MAX3421e::reset()
                0x0000000000009988                Vbus_power(bool)
                0x00000000000099b0                MAX3421e::Init()
                0x0000000000009a94                MAX3421e::Init(int)
                0x0000000000009bac                MAX3421e::busprobe()
                0x0000000000009d20                MAX3421e::Task()
                0x0000000000009d84                MAX3421e::IntHandler()
                0x0000000000009df8                MAX3421e::GpxHandler()
 .text          0x0000000000009e1c      0x504 obj/default/main.o
                0x0000000000009e1c                onInit()
                0x0000000000009e94                MIDI_setup()
                0x0000000000009f0c                MIDI_poll()
                0x000000000000a0a4                control()
                0x000000000000a12c                main
 .text._ZN9USBH_MIDIcvbEv
                0x000000000000a320       0x28 obj/default/main.o
                0x000000000000a320                USBH_MIDI::operator bool()
 .text._ZN9USBH_MIDI8idVendorEv
                0x000000000000a348       0x28 obj/default/main.o
                0x000000000000a348                USBH_MIDI::idVendor()
 .text._ZN9USBH_MIDI9idProductEv
                0x000000000000a370       0x28 obj/default/main.o
                0x000000000000a370                USBH_MIDI::idProduct()
 .text._ZN9USBH_MIDI12attachOnInitEPFvvE
                0x000000000000a398       0x34 obj/default/main.o
                0x000000000000a398                USBH_MIDI::attachOnInit(void (*)())
 .text          0x000000000000a3cc        0x0 c:/intelfpga_lite/18.1/nios2eds/bin/gnu/h-x86_64-mingw32/bin/../lib/gcc/nios2-elf/5.3.0/../../../../../H-x86_64-mingw32/nios2-elf/lib/mno-hw-mul\libstdc++.a(si_class_type_info.o)
 .text._ZN10__cxxabiv120__si_class_type_infoD2Ev
                0x000000000000a3cc       0x10 c:/intelfpga_lite/18.1/nios2eds/bin/gnu/h-x86_64-mingw32/bin/../lib/gcc/nios2-elf/5.3.0/../../../../../H-x86_64-mingw32/nios2-elf/lib/mno-hw-mul\libstdc++.a(si_class_type_info.o)
                0x000000000000a3cc                __cxxabiv1::__si_class_type_info::~__si_class_type_info()
                0x000000000000a3cc                __cxxabiv1::__si_class_type_info::~__si_class_type_info()
 .text._ZN10__cxxabiv120__si_class_type_infoD0Ev
                0x000000000000a3dc       0x34 c:/intelfpga_lite/18.1/nios2eds/bin/gnu/h-x86_64-mingw32/bin/../lib/gcc/nios2-elf/5.3.0/../../../../../H-x86_64-mingw32/nios2-elf/lib/mno-hw-mul\libstdc++.a(si_class_type_info.o)
                0x000000000000a3dc                __cxxabiv1::__si_class_type_info::~__si_class_type_info()
 .text._ZNK10__cxxabiv120__si_class_type_info12__do_dyncastEiNS_17__class_type_info10__sub_kindEPKS1_PKvS4_S6_RNS1_16__dyncast_resultE
                0x000000000000a410      0x160 c:/intelfpga_lite/18.1/nios2eds/bin/gnu/h-x86_64-mingw32/bin/../lib/gcc/nios2-elf/5.3.0/../../../../../H-x86_64-mingw32/nios2-elf/lib/mno-hw-mul\libstdc++.a(si_class_type_info.o)
                0x000000000000a410                __cxxabiv1::__si_class_type_info::__do_dyncast(int, __cxxabiv1::__class_type_info::__sub_kind, __cxxabiv1::__class_type_info const*, void const*, __cxxabiv1::__class_type_info const*, void const*, __cxxabiv1::__class_type_info::__dyncast_result&) const
 .text._ZNK10__cxxabiv120__si_class_type_info20__do_find_public_srcEiPKvPKNS_17__class_type_infoES2_
                0x000000000000a570       0x9c c:/intelfpga_lite/18.1/nios2eds/bin/gnu/h-x86_64-mingw32/bin/../lib/gcc/nios2-elf/5.3.0/../../../../../H-x86_64-mingw32/nios2-elf/lib/mno-hw-mul\libstdc++.a(si_class_type_info.o)
                0x000000000000a570                __cxxabiv1::__si_class_type_info::__do_find_public_src(int, void const*, __cxxabiv1::__class_type_info const*, void const*) const
 .text._ZNK10__cxxabiv120__si_class_type_info11__do_upcastEPKNS_17__class_type_infoEPKvRNS1_15__upcast_resultE
                0x000000000000a60c       0x84 c:/intelfpga_lite/18.1/nios2eds/bin/gnu/h-x86_64-mingw32/bin/../lib/gcc/nios2-elf/5.3.0/../../../../../H-x86_64-mingw32/nios2-elf/lib/mno-hw-mul\libstdc++.a(si_class_type_info.o)
                0x000000000000a60c                __cxxabiv1::__si_class_type_info::__do_upcast(__cxxabiv1::__class_type_info const*, void const*, __cxxabiv1::__class_type_info::__upcast_result&) const
 .text          0x000000000000a690        0x0 c:/intelfpga_lite/18.1/nios2eds/bin/gnu/h-x86_64-mingw32/bin/../lib/gcc/nios2-elf/5.3.0/../../../../../H-x86_64-mingw32/nios2-elf/lib/mno-hw-mul\libstdc++.a(vmi_class_type_info.o)
 .text._ZN10__cxxabiv121__vmi_class_type_infoD2Ev
                0x000000000000a690       0x10 c:/intelfpga_lite/18.1/nios2eds/bin/gnu/h-x86_64-mingw32/bin/../lib/gcc/nios2-elf/5.3.0/../../../../../H-x86_64-mingw32/nios2-elf/lib/mno-hw-mul\libstdc++.a(vmi_class_type_info.o)
                0x000000000000a690                __cxxabiv1::__vmi_class_type_info::~__vmi_class_type_info()
                0x000000000000a690                __cxxabiv1::__vmi_class_type_info::~__vmi_class_type_info()
 .text._ZN10__cxxabiv121__vmi_class_type_infoD0Ev
                0x000000000000a6a0       0x34 c:/intelfpga_lite/18.1/nios2eds/bin/gnu/h-x86_64-mingw32/bin/../lib/gcc/nios2-elf/5.3.0/../../../../../H-x86_64-mingw32/nios2-elf/lib/mno-hw-mul\libstdc++.a(vmi_class_type_info.o)
                0x000000000000a6a0                __cxxabiv1::__vmi_class_type_info::~__vmi_class_type_info()
 .text._ZNK10__cxxabiv121__vmi_class_type_info20__do_find_public_srcEiPKvPKNS_17__class_type_infoES2_
                0x000000000000a6d4      0x128 c:/intelfpga_lite/18.1/nios2eds/bin/gnu/h-x86_64-mingw32/bin/../lib/gcc/nios2-elf/5.3.0/../../../../../H-x86_64-mingw32/nios2-elf/lib/mno-hw-mul\libstdc++.a(vmi_class_type_info.o)
                0x000000000000a6d4                __cxxabiv1::__vmi_class_type_info::__do_find_public_src(int, void const*, __cxxabiv1::__class_type_info const*, void const*) const
 .text._ZNK10__cxxabiv121__vmi_class_type_info12__do_dyncastEiNS_17__class_type_info10__sub_kindEPKS1_PKvS4_S6_RNS1_16__dyncast_resultE
                0x000000000000a7fc      0x604 c:/intelfpga_lite/18.1/nios2eds/bin/gnu/h-x86_64-mingw32/bin/../lib/gcc/nios2-elf/5.3.0/../../../../../H-x86_64-mingw32/nios2-elf/lib/mno-hw-mul\libstdc++.a(vmi_class_type_info.o)
                0x000000000000a7fc                __cxxabiv1::__vmi_class_type_info::__do_dyncast(int, __cxxabiv1::__class_type_info::__sub_kind, __cxxabiv1::__class_type_info const*, void const*, __cxxabiv1::__class_type_info const*, void const*, __cxxabiv1::__class_type_info::__dyncast_result&) const
 .text._ZNK10__cxxabiv121__vmi_class_type_info11__do_upcastEPKNS_17__class_type_infoEPKvRNS1_15__upcast_resultE
                0x000000000000ae00      0x274 c:/intelfpga_lite/18.1/nios2eds/bin/gnu/h-x86_64-mingw32/bin/../lib/gcc/nios2-elf/5.3.0/../../../../../H-x86_64-mingw32/nios2-elf/lib/mno-hw-mul\libstdc++.a(vmi_class_type_info.o)
                0x000000000000ae00                __cxxabiv1::__vmi_class_type_info::__do_upcast(__cxxabiv1::__class_type_info const*, void const*, __cxxabiv1::__class_type_info::__upcast_result&) const
 .text          0x000000000000b074        0x0 c:/intelfpga_lite/18.1/nios2eds/bin/gnu/h-x86_64-mingw32/bin/../lib/gcc/nios2-elf/5.3.0/../../../../../H-x86_64-mingw32/nios2-elf/lib/mno-hw-mul\libstdc++.a(tinfo.o)
 .text._ZNSt9type_infoD2Ev
                0x000000000000b074        0x4 c:/intelfpga_lite/18.1/nios2eds/bin/gnu/h-x86_64-mingw32/bin/../lib/gcc/nios2-elf/5.3.0/../../../../../H-x86_64-mingw32/nios2-elf/lib/mno-hw-mul\libstdc++.a(tinfo.o)
                0x000000000000b074                std::type_info::~type_info()
                0x000000000000b074                std::type_info::~type_info()
 .text._ZNKSt9type_info15__is_function_pEv
                0x000000000000b078        0x8 c:/intelfpga_lite/18.1/nios2eds/bin/gnu/h-x86_64-mingw32/bin/../lib/gcc/nios2-elf/5.3.0/../../../../../H-x86_64-mingw32/nios2-elf/lib/mno-hw-mul\libstdc++.a(tinfo.o)
                0x000000000000b078                std::type_info::__is_pointer_p() const
                0x000000000000b078                std::type_info::__is_function_p() const
 .text._ZNKSt9type_info11__do_upcastEPKN10__cxxabiv117__class_type_infoEPPv
                0x000000000000b080        0x8 c:/intelfpga_lite/18.1/nios2eds/bin/gnu/h-x86_64-mingw32/bin/../lib/gcc/nios2-elf/5.3.0/../../../../../H-x86_64-mingw32/nios2-elf/lib/mno-hw-mul\libstdc++.a(tinfo.o)
                0x000000000000b080                std::type_info::__do_upcast(__cxxabiv1::__class_type_info const*, void**) const
 .text._ZNSt9type_infoD0Ev
                0x000000000000b088        0x4 c:/intelfpga_lite/18.1/nios2eds/bin/gnu/h-x86_64-mingw32/bin/../lib/gcc/nios2-elf/5.3.0/../../../../../H-x86_64-mingw32/nios2-elf/lib/mno-hw-mul\libstdc++.a(tinfo.o)
                0x000000000000b088                std::type_info::~type_info()
 .text._ZNKSt9type_info10__do_catchEPKS_PPvj
                0x000000000000b08c       0x44 c:/intelfpga_lite/18.1/nios2eds/bin/gnu/h-x86_64-mingw32/bin/../lib/gcc/nios2-elf/5.3.0/../../../../../H-x86_64-mingw32/nios2-elf/lib/mno-hw-mul\libstdc++.a(tinfo.o)
                0x000000000000b08c                std::type_info::__do_catch(std::type_info const*, void**, unsigned int) const
 .text          0x000000000000b0d0        0x0 c:/intelfpga_lite/18.1/nios2eds/bin/gnu/h-x86_64-mingw32/bin/../lib/gcc/nios2-elf/5.3.0/../../../../../H-x86_64-mingw32/nios2-elf/lib/mno-hw-mul\libstdc++.a(del_op.o)
 .text._ZdlPv   0x000000000000b0d0        0x4 c:/intelfpga_lite/18.1/nios2eds/bin/gnu/h-x86_64-mingw32/bin/../lib/gcc/nios2-elf/5.3.0/../../../../../H-x86_64-mingw32/nios2-elf/lib/mno-hw-mul\libstdc++.a(del_op.o)
                0x000000000000b0d0                operator delete(void*)
 .text          0x000000000000b0d4        0x0 c:/intelfpga_lite/18.1/nios2eds/bin/gnu/h-x86_64-mingw32/bin/../lib/gcc/nios2-elf/5.3.0/../../../../../H-x86_64-mingw32/nios2-elf/lib/mno-hw-mul\libstdc++.a(pure.o)
 .text.__cxa_pure_virtual
                0x000000000000b0d4       0x20 c:/intelfpga_lite/18.1/nios2eds/bin/gnu/h-x86_64-mingw32/bin/../lib/gcc/nios2-elf/5.3.0/../../../../../H-x86_64-mingw32/nios2-elf/lib/mno-hw-mul\libstdc++.a(pure.o)
                0x000000000000b0d4                __cxa_pure_virtual
 .text.__cxa_deleted_virtual
                0x000000000000b0f4       0x20 c:/intelfpga_lite/18.1/nios2eds/bin/gnu/h-x86_64-mingw32/bin/../lib/gcc/nios2-elf/5.3.0/../../../../../H-x86_64-mingw32/nios2-elf/lib/mno-hw-mul\libstdc++.a(pure.o)
                0x000000000000b0f4                __cxa_deleted_virtual
 .text          0x000000000000b114        0x0 c:/intelfpga_lite/18.1/nios2eds/bin/gnu/h-x86_64-mingw32/bin/../lib/gcc/nios2-elf/5.3.0/../../../../../H-x86_64-mingw32/nios2-elf/lib/mno-hw-mul\libstdc++.a(class_type_info.o)
 .text._ZNK10__cxxabiv117__class_type_info11__do_upcastEPKS0_PPv
                0x000000000000b114       0x78 c:/intelfpga_lite/18.1/nios2eds/bin/gnu/h-x86_64-mingw32/bin/../lib/gcc/nios2-elf/5.3.0/../../../../../H-x86_64-mingw32/nios2-elf/lib/mno-hw-mul\libstdc++.a(class_type_info.o)
                0x000000000000b114                __cxxabiv1::__class_type_info::__do_upcast(__cxxabiv1::__class_type_info const*, void**) const
 .text._ZNK10__cxxabiv117__class_type_info20__do_find_public_srcEiPKvPKS0_S2_
                0x000000000000b18c       0x18 c:/intelfpga_lite/18.1/nios2eds/bin/gnu/h-x86_64-mingw32/bin/../lib/gcc/nios2-elf/5.3.0/../../../../../H-x86_64-mingw32/nios2-elf/lib/mno-hw-mul\libstdc++.a(class_type_info.o)
                0x000000000000b18c                __cxxabiv1::__class_type_info::__do_find_public_src(int, void const*, __cxxabiv1::__class_type_info const*, void const*) const
 .text._ZN10__cxxabiv117__class_type_infoD2Ev
                0x000000000000b1a4       0x10 c:/intelfpga_lite/18.1/nios2eds/bin/gnu/h-x86_64-mingw32/bin/../lib/gcc/nios2-elf/5.3.0/../../../../../H-x86_64-mingw32/nios2-elf/lib/mno-hw-mul\libstdc++.a(class_type_info.o)
                0x000000000000b1a4                __cxxabiv1::__class_type_info::~__class_type_info()
                0x000000000000b1a4                __cxxabiv1::__class_type_info::~__class_type_info()
 .text._ZN10__cxxabiv117__class_type_infoD0Ev
                0x000000000000b1b4       0x34 c:/intelfpga_lite/18.1/nios2eds/bin/gnu/h-x86_64-mingw32/bin/../lib/gcc/nios2-elf/5.3.0/../../../../../H-x86_64-mingw32/nios2-elf/lib/mno-hw-mul\libstdc++.a(class_type_info.o)
                0x000000000000b1b4                __cxxabiv1::__class_type_info::~__class_type_info()
 .text._ZNK10__cxxabiv117__class_type_info11__do_upcastEPKS0_PKvRNS0_15__upcast_resultE
                0x000000000000b1e8       0x6c c:/intelfpga_lite/18.1/nios2eds/bin/gnu/h-x86_64-mingw32/bin/../lib/gcc/nios2-elf/5.3.0/../../../../../H-x86_64-mingw32/nios2-elf/lib/mno-hw-mul\libstdc++.a(class_type_info.o)
                0x000000000000b1e8                __cxxabiv1::__class_type_info::__do_upcast(__cxxabiv1::__class_type_info const*, void const*, __cxxabiv1::__class_type_info::__upcast_result&) const
 .text._ZNK10__cxxabiv117__class_type_info12__do_dyncastEiNS0_10__sub_kindEPKS0_PKvS3_S5_RNS0_16__dyncast_resultE
                0x000000000000b254       0xd0 c:/intelfpga_lite/18.1/nios2eds/bin/gnu/h-x86_64-mingw32/bin/../lib/gcc/nios2-elf/5.3.0/../../../../../H-x86_64-mingw32/nios2-elf/lib/mno-hw-mul\libstdc++.a(class_type_info.o)
                0x000000000000b254                __cxxabiv1::__class_type_info::__do_dyncast(int, __cxxabiv1::__class_type_info::__sub_kind, __cxxabiv1::__class_type_info const*, void const*, __cxxabiv1::__class_type_info const*, void const*, __cxxabiv1::__class_type_info::__dyncast_result&) const
 .text._ZNK10__cxxabiv117__class_type_info10__do_catchEPKSt9type_infoPPvj
                0x000000000000b324       0xb8 c:/intelfpga_lite/18.1/nios2eds/bin/gnu/h-x86_64-mingw32/bin/../lib/gcc/nios2-elf/5.3.0/../../../../../H-x86_64-mingw32/nios2-elf/lib/mno-hw-mul\libstdc++.a(class_type_info.o)
                0x000000000000b324                __cxxabiv1::__class_type_info::__do_catch(std::type_info const*, void**, unsigned int) const
 .text          0x000000000000b3dc        0x0 c:/intelfpga_lite/18.1/nios2eds/bin/gnu/h-x86_64-mingw32/bin/../lib/gcc/nios2-elf/5.3.0/../../../../../H-x86_64-mingw32/nios2-elf/lib/mno-hw-mul\libstdc++.a(eh_terminate.o)
 .text._ZN10__cxxabiv111__terminateEPFvvE
                0x000000000000b3dc       0xc0 c:/intelfpga_lite/18.1/nios2eds/bin/gnu/h-x86_64-mingw32/bin/../lib/gcc/nios2-elf/5.3.0/../../../../../H-x86_64-mingw32/nios2-elf/lib/mno-hw-mul\libstdc++.a(eh_terminate.o)
                0x000000000000b3dc                __cxxabiv1::__terminate(void (*)())
 .text._ZSt9terminatev
                0x000000000000b49c       0x18 c:/intelfpga_lite/18.1/nios2eds/bin/gnu/h-x86_64-mingw32/bin/../lib/gcc/nios2-elf/5.3.0/../../../../../H-x86_64-mingw32/nios2-elf/lib/mno-hw-mul\libstdc++.a(eh_terminate.o)
                0x000000000000b49c                std::terminate()
 .text._ZN10__cxxabiv112__unexpectedEPFvvE
                0x000000000000b4b4       0x10 c:/intelfpga_lite/18.1/nios2eds/bin/gnu/h-x86_64-mingw32/bin/../lib/gcc/nios2-elf/5.3.0/../../../../../H-x86_64-mingw32/nios2-elf/lib/mno-hw-mul\libstdc++.a(eh_terminate.o)
                0x000000000000b4b4                __cxxabiv1::__unexpected(void (*)())
 .text._ZSt10unexpectedv
                0x000000000000b4c4       0x18 c:/intelfpga_lite/18.1/nios2eds/bin/gnu/h-x86_64-mingw32/bin/../lib/gcc/nios2-elf/5.3.0/../../../../../H-x86_64-mingw32/nios2-elf/lib/mno-hw-mul\libstdc++.a(eh_terminate.o)
                0x000000000000b4c4                std::unexpected()
 .text._ZSt13set_terminatePFvvE
                0x000000000000b4dc       0x14 c:/intelfpga_lite/18.1/nios2eds/bin/gnu/h-x86_64-mingw32/bin/../lib/gcc/nios2-elf/5.3.0/../../../../../H-x86_64-mingw32/nios2-elf/lib/mno-hw-mul\libstdc++.a(eh_terminate.o)
                0x000000000000b4dc                std::set_terminate(void (*)())
 .text._ZSt13get_terminatev
                0x000000000000b4f0       0x10 c:/intelfpga_lite/18.1/nios2eds/bin/gnu/h-x86_64-mingw32/bin/../lib/gcc/nios2-elf/5.3.0/../../../../../H-x86_64-mingw32/nios2-elf/lib/mno-hw-mul\libstdc++.a(eh_terminate.o)
                0x000000000000b4f0                std::get_terminate()
 .text._ZSt14set_unexpectedPFvvE
                0x000000000000b500       0x14 c:/intelfpga_lite/18.1/nios2eds/bin/gnu/h-x86_64-mingw32/bin/../lib/gcc/nios2-elf/5.3.0/../../../../../H-x86_64-mingw32/nios2-elf/lib/mno-hw-mul\libstdc++.a(eh_terminate.o)
                0x000000000000b500                std::set_unexpected(void (*)())
 .text._ZSt14get_unexpectedv
                0x000000000000b514       0x10 c:/intelfpga_lite/18.1/nios2eds/bin/gnu/h-x86_64-mingw32/bin/../lib/gcc/nios2-elf/5.3.0/../../../../../H-x86_64-mingw32/nios2-elf/lib/mno-hw-mul\libstdc++.a(eh_terminate.o)
                0x000000000000b514                std::get_unexpected()
 .text          0x000000000000b524        0x0 c:/intelfpga_lite/18.1/nios2eds/bin/gnu/h-x86_64-mingw32/bin/../lib/gcc/nios2-elf/5.3.0/../../../../../H-x86_64-mingw32/nios2-elf/lib/mno-hw-mul\libstdc++.a(eh_unex_handler.o)
 .text          0x000000000000b524        0x0 c:/intelfpga_lite/18.1/nios2eds/bin/gnu/h-x86_64-mingw32/bin/../lib/gcc/nios2-elf/5.3.0/../../../../../H-x86_64-mingw32/nios2-elf/lib/mno-hw-mul\libstdc++.a(eh_term_handler.o)
 .text          0x000000000000b524        0x0 c:/intelfpga_lite/18.1/nios2eds/bin/gnu/h-x86_64-mingw32/bin/../lib/gcc/nios2-elf/5.3.0/../../../../../H-x86_64-mingw32/nios2-elf/lib/mno-hw-mul\libstdc++.a(eh_personality.o)
 .text._ZL21size_of_encoded_valueh
                0x000000000000b524       0xa4 c:/intelfpga_lite/18.1/nios2eds/bin/gnu/h-x86_64-mingw32/bin/../lib/gcc/nios2-elf/5.3.0/../../../../../H-x86_64-mingw32/nios2-elf/lib/mno-hw-mul\libstdc++.a(eh_personality.o)
 .text._ZL28read_encoded_value_with_basehjPKhPj
                0x000000000000b5c8      0x20c c:/intelfpga_lite/18.1/nios2eds/bin/gnu/h-x86_64-mingw32/bin/../lib/gcc/nios2-elf/5.3.0/../../../../../H-x86_64-mingw32/nios2-elf/lib/mno-hw-mul\libstdc++.a(eh_personality.o)
 .text._ZL15get_ttype_entryP16lsda_header_infom
                0x000000000000b7d4       0x54 c:/intelfpga_lite/18.1/nios2eds/bin/gnu/h-x86_64-mingw32/bin/../lib/gcc/nios2-elf/5.3.0/../../../../../H-x86_64-mingw32/nios2-elf/lib/mno-hw-mul\libstdc++.a(eh_personality.o)
 .text._ZL21base_of_encoded_valuehP15_Unwind_Context
                0x000000000000b828       0x8c c:/intelfpga_lite/18.1/nios2eds/bin/gnu/h-x86_64-mingw32/bin/../lib/gcc/nios2-elf/5.3.0/../../../../../H-x86_64-mingw32/nios2-elf/lib/mno-hw-mul\libstdc++.a(eh_personality.o)
 .text._ZL17parse_lsda_headerP15_Unwind_ContextPKhP16lsda_header_info
                0x000000000000b8b4      0x134 c:/intelfpga_lite/18.1/nios2eds/bin/gnu/h-x86_64-mingw32/bin/../lib/gcc/nios2-elf/5.3.0/../../../../../H-x86_64-mingw32/nios2-elf/lib/mno-hw-mul\libstdc++.a(eh_personality.o)
 .text._ZL16get_adjusted_ptrPKSt9type_infoS1_PPv.constprop.3
                0x000000000000b9e8       0x88 c:/intelfpga_lite/18.1/nios2eds/bin/gnu/h-x86_64-mingw32/bin/../lib/gcc/nios2-elf/5.3.0/../../../../../H-x86_64-mingw32/nios2-elf/lib/mno-hw-mul\libstdc++.a(eh_personality.o)
 .text.unlikely._ZL28check_compact_exception_specPKSt9type_infoPvPKhij
                0x000000000000ba70      0x22c c:/intelfpga_lite/18.1/nios2eds/bin/gnu/h-x86_64-mingw32/bin/../lib/gcc/nios2-elf/5.3.0/../../../../../H-x86_64-mingw32/nios2-elf/lib/mno-hw-mul\libstdc++.a(eh_personality.o)
 .text._ZL20check_exception_specP16lsda_header_infoPKSt9type_infoPvl
                0x000000000000bc9c       0xa8 c:/intelfpga_lite/18.1/nios2eds/bin/gnu/h-x86_64-mingw32/bin/../lib/gcc/nios2-elf/5.3.0/../../../../../H-x86_64-mingw32/nios2-elf/lib/mno-hw-mul\libstdc++.a(eh_personality.o)
 .text.__gxx_personality_sj0
                0x000000000000bd44      0x600 c:/intelfpga_lite/18.1/nios2eds/bin/gnu/h-x86_64-mingw32/bin/../lib/gcc/nios2-elf/5.3.0/../../../../../H-x86_64-mingw32/nios2-elf/lib/mno-hw-mul\libstdc++.a(eh_personality.o)
                0x000000000000bd44                __gxx_personality_sj0
 .text.__cxa_call_unexpected
                0x000000000000c344      0x230 c:/intelfpga_lite/18.1/nios2eds/bin/gnu/h-x86_64-mingw32/bin/../lib/gcc/nios2-elf/5.3.0/../../../../../H-x86_64-mingw32/nios2-elf/lib/mno-hw-mul\libstdc++.a(eh_personality.o)
                0x000000000000c344                __cxa_call_unexpected
 .text          0x000000000000c574        0x0 c:/intelfpga_lite/18.1/nios2eds/bin/gnu/h-x86_64-mingw32/bin/../lib/gcc/nios2-elf/5.3.0/../../../../../H-x86_64-mingw32/nios2-elf/lib/mno-hw-mul\libstdc++.a(eh_throw.o)
 .text._ZL23__gxx_exception_cleanup19_Unwind_Reason_CodeP17_Unwind_Exception
                0x000000000000c574       0x44 c:/intelfpga_lite/18.1/nios2eds/bin/gnu/h-x86_64-mingw32/bin/../lib/gcc/nios2-elf/5.3.0/../../../../../H-x86_64-mingw32/nios2-elf/lib/mno-hw-mul\libstdc++.a(eh_throw.o)
 .text.__cxa_throw
                0x000000000000c5b8       0x90 c:/intelfpga_lite/18.1/nios2eds/bin/gnu/h-x86_64-mingw32/bin/../lib/gcc/nios2-elf/5.3.0/../../../../../H-x86_64-mingw32/nios2-elf/lib/mno-hw-mul\libstdc++.a(eh_throw.o)
                0x000000000000c5b8                __cxa_throw
 .text.__cxa_rethrow
                0x000000000000c648       0x84 c:/intelfpga_lite/18.1/nios2eds/bin/gnu/h-x86_64-mingw32/bin/../lib/gcc/nios2-elf/5.3.0/../../../../../H-x86_64-mingw32/nios2-elf/lib/mno-hw-mul\libstdc++.a(eh_throw.o)
                0x000000000000c648                __cxa_rethrow
 .text          0x000000000000c6cc        0x0 c:/intelfpga_lite/18.1/nios2eds/bin/gnu/h-x86_64-mingw32/bin/../lib/gcc/nios2-elf/5.3.0/../../../../../H-x86_64-mingw32/nios2-elf/lib/mno-hw-mul\libstdc++.a(eh_catch.o)
 .text.__cxa_get_exception_ptr
                0x000000000000c6cc        0x8 c:/intelfpga_lite/18.1/nios2eds/bin/gnu/h-x86_64-mingw32/bin/../lib/gcc/nios2-elf/5.3.0/../../../../../H-x86_64-mingw32/nios2-elf/lib/mno-hw-mul\libstdc++.a(eh_catch.o)
                0x000000000000c6cc                __cxa_get_exception_ptr
 .text.__cxa_begin_catch
                0x000000000000c6d4       0xb4 c:/intelfpga_lite/18.1/nios2eds/bin/gnu/h-x86_64-mingw32/bin/../lib/gcc/nios2-elf/5.3.0/../../../../../H-x86_64-mingw32/nios2-elf/lib/mno-hw-mul\libstdc++.a(eh_catch.o)
                0x000000000000c6d4                __cxa_begin_catch
 .text.__cxa_end_catch
                0x000000000000c788       0xb4 c:/intelfpga_lite/18.1/nios2eds/bin/gnu/h-x86_64-mingw32/bin/../lib/gcc/nios2-elf/5.3.0/../../../../../H-x86_64-mingw32/nios2-elf/lib/mno-hw-mul\libstdc++.a(eh_catch.o)
                0x000000000000c788                __cxa_end_catch
 .text._ZSt18uncaught_exceptionv
                0x000000000000c83c       0x20 c:/intelfpga_lite/18.1/nios2eds/bin/gnu/h-x86_64-mingw32/bin/../lib/gcc/nios2-elf/5.3.0/../../../../../H-x86_64-mingw32/nios2-elf/lib/mno-hw-mul\libstdc++.a(eh_catch.o)
                0x000000000000c83c                std::uncaught_exception()
 .text          0x000000000000c85c        0x0 c:/intelfpga_lite/18.1/nios2eds/bin/gnu/h-x86_64-mingw32/bin/../lib/gcc/nios2-elf/5.3.0/../../../../../H-x86_64-mingw32/nios2-elf/lib/mno-hw-mul\libstdc++.a(eh_alloc.o)
 .text._ZN12_GLOBAL__N_14pool4freeEPv.constprop.4
                0x000000000000c85c       0xb8 c:/intelfpga_lite/18.1/nios2eds/bin/gnu/h-x86_64-mingw32/bin/../lib/gcc/nios2-elf/5.3.0/../../../../../H-x86_64-mingw32/nios2-elf/lib/mno-hw-mul\libstdc++.a(eh_alloc.o)
 .text._ZN12_GLOBAL__N_14pool8allocateEj.constprop.5
                0x000000000000c914       0xa8 c:/intelfpga_lite/18.1/nios2eds/bin/gnu/h-x86_64-mingw32/bin/../lib/gcc/nios2-elf/5.3.0/../../../../../H-x86_64-mingw32/nios2-elf/lib/mno-hw-mul\libstdc++.a(eh_alloc.o)
 .text.__cxa_allocate_exception
                0x000000000000c9bc       0x60 c:/intelfpga_lite/18.1/nios2eds/bin/gnu/h-x86_64-mingw32/bin/../lib/gcc/nios2-elf/5.3.0/../../../../../H-x86_64-mingw32/nios2-elf/lib/mno-hw-mul\libstdc++.a(eh_alloc.o)
                0x000000000000c9bc                __cxa_allocate_exception
 .text.__cxa_free_exception
                0x000000000000ca1c       0x28 c:/intelfpga_lite/18.1/nios2eds/bin/gnu/h-x86_64-mingw32/bin/../lib/gcc/nios2-elf/5.3.0/../../../../../H-x86_64-mingw32/nios2-elf/lib/mno-hw-mul\libstdc++.a(eh_alloc.o)
                0x000000000000ca1c                __cxa_free_exception
 .text.__cxa_allocate_dependent_exception
                0x000000000000ca44       0x54 c:/intelfpga_lite/18.1/nios2eds/bin/gnu/h-x86_64-mingw32/bin/../lib/gcc/nios2-elf/5.3.0/../../../../../H-x86_64-mingw32/nios2-elf/lib/mno-hw-mul\libstdc++.a(eh_alloc.o)
                0x000000000000ca44                __cxa_allocate_dependent_exception
 .text.__cxa_free_dependent_exception
                0x000000000000ca98       0x2c c:/intelfpga_lite/18.1/nios2eds/bin/gnu/h-x86_64-mingw32/bin/../lib/gcc/nios2-elf/5.3.0/../../../../../H-x86_64-mingw32/nios2-elf/lib/mno-hw-mul\libstdc++.a(eh_alloc.o)
                0x000000000000ca98                __cxa_free_dependent_exception
 .text.startup._GLOBAL__sub_I___cxa_allocate_exception
                0x000000000000cac4       0x5c c:/intelfpga_lite/18.1/nios2eds/bin/gnu/h-x86_64-mingw32/bin/../lib/gcc/nios2-elf/5.3.0/../../../../../H-x86_64-mingw32/nios2-elf/lib/mno-hw-mul\libstdc++.a(eh_alloc.o)
 .text          0x000000000000cb20        0x0 c:/intelfpga_lite/18.1/nios2eds/bin/gnu/h-x86_64-mingw32/bin/../lib/gcc/nios2-elf/5.3.0/../../../../../H-x86_64-mingw32/nios2-elf/lib/mno-hw-mul\libstdc++.a(eh_call.o)
 .text.__cxa_call_terminate
                0x000000000000cb20       0x58 c:/intelfpga_lite/18.1/nios2eds/bin/gnu/h-x86_64-mingw32/bin/../lib/gcc/nios2-elf/5.3.0/../../../../../H-x86_64-mingw32/nios2-elf/lib/mno-hw-mul\libstdc++.a(eh_call.o)
                0x000000000000cb20                __cxa_call_terminate
 .text          0x000000000000cb78        0x0 c:/intelfpga_lite/18.1/nios2eds/bin/gnu/h-x86_64-mingw32/bin/../lib/gcc/nios2-elf/5.3.0/../../../../../H-x86_64-mingw32/nios2-elf/lib/mno-hw-mul\libstdc++.a(eh_globals.o)
 .text.__cxa_get_globals_fast
                0x000000000000cb78        0xc c:/intelfpga_lite/18.1/nios2eds/bin/gnu/h-x86_64-mingw32/bin/../lib/gcc/nios2-elf/5.3.0/../../../../../H-x86_64-mingw32/nios2-elf/lib/mno-hw-mul\libstdc++.a(eh_globals.o)
                0x000000000000cb78                __cxa_get_globals_fast
 .text.__cxa_get_globals
                0x000000000000cb84        0xc c:/intelfpga_lite/18.1/nios2eds/bin/gnu/h-x86_64-mingw32/bin/../lib/gcc/nios2-elf/5.3.0/../../../../../H-x86_64-mingw32/nios2-elf/lib/mno-hw-mul\libstdc++.a(eh_globals.o)
                0x000000000000cb84                __cxa_get_globals
 .text          0x000000000000cb90        0x0 c:/intelfpga_lite/18.1/nios2eds/bin/gnu/h-x86_64-mingw32/bin/../lib/gcc/nios2-elf/5.3.0/../../../../../H-x86_64-mingw32/nios2-elf/lib/mno-hw-mul\libstdc++.a(eh_exception.o)
 .text._ZNSt9exceptionD2Ev
                0x000000000000cb90        0x4 c:/intelfpga_lite/18.1/nios2eds/bin/gnu/h-x86_64-mingw32/bin/../lib/gcc/nios2-elf/5.3.0/../../../../../H-x86_64-mingw32/nios2-elf/lib/mno-hw-mul\libstdc++.a(eh_exception.o)
                0x000000000000cb90                std::exception::~exception()
                0x000000000000cb90                std::exception::~exception()
 .text._ZNSt13bad_exceptionD2Ev
                0x000000000000cb94        0x4 c:/intelfpga_lite/18.1/nios2eds/bin/gnu/h-x86_64-mingw32/bin/../lib/gcc/nios2-elf/5.3.0/../../../../../H-x86_64-mingw32/nios2-elf/lib/mno-hw-mul\libstdc++.a(eh_exception.o)
                0x000000000000cb94                std::bad_exception::~bad_exception()
                0x000000000000cb94                std::bad_exception::~bad_exception()
 .text._ZNKSt9exception4whatEv
                0x000000000000cb98        0xc c:/intelfpga_lite/18.1/nios2eds/bin/gnu/h-x86_64-mingw32/bin/../lib/gcc/nios2-elf/5.3.0/../../../../../H-x86_64-mingw32/nios2-elf/lib/mno-hw-mul\libstdc++.a(eh_exception.o)
                0x000000000000cb98                std::exception::what() const
 .text._ZNKSt13bad_exception4whatEv
                0x000000000000cba4        0xc c:/intelfpga_lite/18.1/nios2eds/bin/gnu/h-x86_64-mingw32/bin/../lib/gcc/nios2-elf/5.3.0/../../../../../H-x86_64-mingw32/nios2-elf/lib/mno-hw-mul\libstdc++.a(eh_exception.o)
                0x000000000000cba4                std::bad_exception::what() const
 .text._ZNSt9exceptionD0Ev
                0x000000000000cbb0        0x4 c:/intelfpga_lite/18.1/nios2eds/bin/gnu/h-x86_64-mingw32/bin/../lib/gcc/nios2-elf/5.3.0/../../../../../H-x86_64-mingw32/nios2-elf/lib/mno-hw-mul\libstdc++.a(eh_exception.o)
                0x000000000000cbb0                std::exception::~exception()
 .text._ZNSt13bad_exceptionD0Ev
                0x000000000000cbb4        0x4 c:/intelfpga_lite/18.1/nios2eds/bin/gnu/h-x86_64-mingw32/bin/../lib/gcc/nios2-elf/5.3.0/../../../../../H-x86_64-mingw32/nios2-elf/lib/mno-hw-mul\libstdc++.a(eh_exception.o)
                0x000000000000cbb4                std::bad_exception::~bad_exception()
 .text._ZN10__cxxabiv115__forced_unwindD2Ev
                0x000000000000cbb8        0x4 c:/intelfpga_lite/18.1/nios2eds/bin/gnu/h-x86_64-mingw32/bin/../lib/gcc/nios2-elf/5.3.0/../../../../../H-x86_64-mingw32/nios2-elf/lib/mno-hw-mul\libstdc++.a(eh_exception.o)
                0x000000000000cbb8                __cxxabiv1::__forced_unwind::~__forced_unwind()
                0x000000000000cbb8                __cxxabiv1::__forced_unwind::~__forced_unwind()
 .text._ZN10__cxxabiv115__forced_unwindD0Ev
                0x000000000000cbbc        0x4 c:/intelfpga_lite/18.1/nios2eds/bin/gnu/h-x86_64-mingw32/bin/../lib/gcc/nios2-elf/5.3.0/../../../../../H-x86_64-mingw32/nios2-elf/lib/mno-hw-mul\libstdc++.a(eh_exception.o)
                0x000000000000cbbc                __cxxabiv1::__forced_unwind::~__forced_unwind()
 .text._ZN10__cxxabiv119__foreign_exceptionD2Ev
                0x000000000000cbc0        0x4 c:/intelfpga_lite/18.1/nios2eds/bin/gnu/h-x86_64-mingw32/bin/../lib/gcc/nios2-elf/5.3.0/../../../../../H-x86_64-mingw32/nios2-elf/lib/mno-hw-mul\libstdc++.a(eh_exception.o)
                0x000000000000cbc0                __cxxabiv1::__foreign_exception::~__foreign_exception()
                0x000000000000cbc0                __cxxabiv1::__foreign_exception::~__foreign_exception()
 .text._ZN10__cxxabiv119__foreign_exceptionD0Ev
                0x000000000000cbc4        0x4 c:/intelfpga_lite/18.1/nios2eds/bin/gnu/h-x86_64-mingw32/bin/../lib/gcc/nios2-elf/5.3.0/../../../../../H-x86_64-mingw32/nios2-elf/lib/mno-hw-mul\libstdc++.a(eh_exception.o)
                0x000000000000cbc4                __cxxabiv1::__foreign_exception::~__foreign_exception()
 .text          0x000000000000cbc8       0x60 c:/intelfpga_lite/18.1/nios2eds/bin/gnu/h-x86_64-mingw32/bin/../lib/gcc/nios2-elf/5.3.0/mno-hw-mul\libgcc.a(_fixunssfsi.o)
                0x000000000000cbc8                __fixunssfsi
 .text          0x000000000000cc28      0x1b4 c:/intelfpga_lite/18.1/nios2eds/bin/gnu/h-x86_64-mingw32/bin/../lib/gcc/nios2-elf/5.3.0/mno-hw-mul\libgcc.a(lib2-divmod.o)
                0x000000000000cc28                __divsi3
                0x000000000000ccac                __modsi3
                0x000000000000cd20                __udivsi3
                0x000000000000cd84                __umodsi3
 .text          0x000000000000cddc       0x28 c:/intelfpga_lite/18.1/nios2eds/bin/gnu/h-x86_64-mingw32/bin/../lib/gcc/nios2-elf/5.3.0/mno-hw-mul\libgcc.a(lib2-mul.o)
                0x000000000000cddc                __mulsi3
 .text          0x000000000000ce04      0x440 c:/intelfpga_lite/18.1/nios2eds/bin/gnu/h-x86_64-mingw32/bin/../lib/gcc/nios2-elf/5.3.0/mno-hw-mul\libgcc.a(divsf3.o)
                0x000000000000ce04                __divsf3
 .text          0x000000000000d244       0xbc c:/intelfpga_lite/18.1/nios2eds/bin/gnu/h-x86_64-mingw32/bin/../lib/gcc/nios2-elf/5.3.0/mno-hw-mul\libgcc.a(gesf2.o)
                0x000000000000d244                __gesf2
                0x000000000000d244                __gtsf2
 .text          0x000000000000d300      0x430 c:/intelfpga_lite/18.1/nios2eds/bin/gnu/h-x86_64-mingw32/bin/../lib/gcc/nios2-elf/5.3.0/mno-hw-mul\libgcc.a(mulsf3.o)
                0x000000000000d300                __mulsf3
 .text          0x000000000000d730      0x4e4 c:/intelfpga_lite/18.1/nios2eds/bin/gnu/h-x86_64-mingw32/bin/../lib/gcc/nios2-elf/5.3.0/mno-hw-mul\libgcc.a(subsf3.o)
                0x000000000000d730                __subsf3
 .text          0x000000000000dc14       0x70 c:/intelfpga_lite/18.1/nios2eds/bin/gnu/h-x86_64-mingw32/bin/../lib/gcc/nios2-elf/5.3.0/mno-hw-mul\libgcc.a(fixsfsi.o)
                0x000000000000dc14                __fixsfsi
 .text          0x000000000000dc84       0xf0 c:/intelfpga_lite/18.1/nios2eds/bin/gnu/h-x86_64-mingw32/bin/../lib/gcc/nios2-elf/5.3.0/mno-hw-mul\libgcc.a(floatunsisf.o)
                0x000000000000dc84                __floatunsisf
 .text          0x000000000000dd74      0x520 c:/intelfpga_lite/18.1/nios2eds/bin/gnu/h-x86_64-mingw32/bin/../lib/gcc/nios2-elf/5.3.0/mno-hw-mul\libgcc.a(unwind-sjlj.o)
                0x000000000000df7c                _Unwind_SjLj_Register
                0x000000000000df94                _Unwind_SjLj_Unregister
                0x000000000000dfa8                _Unwind_GetGR
                0x000000000000dfc4                _Unwind_GetCFA
                0x000000000000dfdc                _Unwind_SetGR
                0x000000000000dff8                _Unwind_GetIP
                0x000000000000e008                _Unwind_GetIPInfo
                0x000000000000e028                _Unwind_SetIP
                0x000000000000e038                _Unwind_GetLanguageSpecificData
                0x000000000000e044                _Unwind_GetRegionStart
                0x000000000000e04c                _Unwind_FindEnclosingFunction
                0x000000000000e054                _Unwind_GetDataRelBase
                0x000000000000e05c                _Unwind_GetTextRelBase
                0x000000000000e064                _Unwind_SjLj_RaiseException
                0x000000000000e134                _Unwind_SjLj_ForcedUnwind
                0x000000000000e178                _Unwind_SjLj_Resume
                0x000000000000e1bc                _Unwind_SjLj_Resume_or_Rethrow
                0x000000000000e208                _Unwind_DeleteException
                0x000000000000e220                _Unwind_Backtrace
 .text          0x000000000000e294       0x64 c:/intelfpga_lite/18.1/nios2eds/bin/gnu/h-x86_64-mingw32/bin/../lib/gcc/nios2-elf/5.3.0/mno-hw-mul\libgcc.a(_clzsi2.o)
                0x000000000000e294                __clzsi2
 .text          0x000000000000e2f8        0x0 c:/intelfpga_lite/18.1/nios2eds/bin/gnu/h-x86_64-mingw32/bin/../lib/gcc/nios2-elf/5.3.0/mno-hw-mul\libgcc.a(_clz.o)
 .text          0x000000000000e2f8        0x0 c:/intelfpga_lite/18.1/nios2eds/bin/gnu/h-x86_64-mingw32/bin/../lib/gcc/nios2-elf/5.3.0/../../../../../H-x86_64-mingw32/nios2-elf/lib/mno-hw-mul\libc.a(lib_a-abort.o)
 .text.abort    0x000000000000e2f8       0x18 c:/intelfpga_lite/18.1/nios2eds/bin/gnu/h-x86_64-mingw32/bin/../lib/gcc/nios2-elf/5.3.0/../../../../../H-x86_64-mingw32/nios2-elf/lib/mno-hw-mul\libc.a(lib_a-abort.o)
                0x000000000000e2f8                abort
 .text          0x000000000000e310        0x0 c:/intelfpga_lite/18.1/nios2eds/bin/gnu/h-x86_64-mingw32/bin/../lib/gcc/nios2-elf/5.3.0/../../../../../H-x86_64-mingw32/nios2-elf/lib/mno-hw-mul\libc.a(lib_a-clock.o)
 .text.clock    0x000000000000e310       0x4c c:/intelfpga_lite/18.1/nios2eds/bin/gnu/h-x86_64-mingw32/bin/../lib/gcc/nios2-elf/5.3.0/../../../../../H-x86_64-mingw32/nios2-elf/lib/mno-hw-mul\libc.a(lib_a-clock.o)
                0x000000000000e310                clock
 .text          0x000000000000e35c        0x0 c:/intelfpga_lite/18.1/nios2eds/bin/gnu/h-x86_64-mingw32/bin/../lib/gcc/nios2-elf/5.3.0/../../../../../H-x86_64-mingw32/nios2-elf/lib/mno-hw-mul\libc.a(lib_a-impure.o)
 .text          0x000000000000e35c        0x0 c:/intelfpga_lite/18.1/nios2eds/bin/gnu/h-x86_64-mingw32/bin/../lib/gcc/nios2-elf/5.3.0/../../../../../H-x86_64-mingw32/nios2-elf/lib/mno-hw-mul\libc.a(lib_a-malloc.o)
 .text.malloc   0x000000000000e35c       0x14 c:/intelfpga_lite/18.1/nios2eds/bin/gnu/h-x86_64-mingw32/bin/../lib/gcc/nios2-elf/5.3.0/../../../../../H-x86_64-mingw32/nios2-elf/lib/mno-hw-mul\libc.a(lib_a-malloc.o)
                0x000000000000e35c                malloc
 .text.free     0x000000000000e370       0x14 c:/intelfpga_lite/18.1/nios2eds/bin/gnu/h-x86_64-mingw32/bin/../lib/gcc/nios2-elf/5.3.0/../../../../../H-x86_64-mingw32/nios2-elf/lib/mno-hw-mul\libc.a(lib_a-malloc.o)
                0x000000000000e370                free
 .text          0x000000000000e384        0x0 c:/intelfpga_lite/18.1/nios2eds/bin/gnu/h-x86_64-mingw32/bin/../lib/gcc/nios2-elf/5.3.0/../../../../../H-x86_64-mingw32/nios2-elf/lib/mno-hw-mul\libc.a(lib_a-mallocr.o)
 .text._malloc_r
                0x000000000000e384      0x80c c:/intelfpga_lite/18.1/nios2eds/bin/gnu/h-x86_64-mingw32/bin/../lib/gcc/nios2-elf/5.3.0/../../../../../H-x86_64-mingw32/nios2-elf/lib/mno-hw-mul\libc.a(lib_a-mallocr.o)
                0x000000000000e384                _malloc_r
 .text          0x000000000000eb90        0x0 c:/intelfpga_lite/18.1/nios2eds/bin/gnu/h-x86_64-mingw32/bin/../lib/gcc/nios2-elf/5.3.0/../../../../../H-x86_64-mingw32/nios2-elf/lib/mno-hw-mul\libc.a(lib_a-memcpy.o)
 .text.memcpy   0x000000000000eb90      0x148 c:/intelfpga_lite/18.1/nios2eds/bin/gnu/h-x86_64-mingw32/bin/../lib/gcc/nios2-elf/5.3.0/../../../../../H-x86_64-mingw32/nios2-elf/lib/mno-hw-mul\libc.a(lib_a-memcpy.o)
                0x000000000000eb90                memcpy
 .text          0x000000000000ecd8        0x0 c:/intelfpga_lite/18.1/nios2eds/bin/gnu/h-x86_64-mingw32/bin/../lib/gcc/nios2-elf/5.3.0/../../../../../H-x86_64-mingw32/nios2-elf/lib/mno-hw-mul\libc.a(lib_a-memset.o)
 .text.memset   0x000000000000ecd8      0x128 c:/intelfpga_lite/18.1/nios2eds/bin/gnu/h-x86_64-mingw32/bin/../lib/gcc/nios2-elf/5.3.0/../../../../../H-x86_64-mingw32/nios2-elf/lib/mno-hw-mul\libc.a(lib_a-memset.o)
                0x000000000000ecd8                memset
 .text          0x000000000000ee00        0x0 c:/intelfpga_lite/18.1/nios2eds/bin/gnu/h-x86_64-mingw32/bin/../lib/gcc/nios2-elf/5.3.0/../../../../../H-x86_64-mingw32/nios2-elf/lib/mno-hw-mul\libc.a(lib_a-printf.o)
 .text._printf_r
                0x000000000000ee00       0x30 c:/intelfpga_lite/18.1/nios2eds/bin/gnu/h-x86_64-mingw32/bin/../lib/gcc/nios2-elf/5.3.0/../../../../../H-x86_64-mingw32/nios2-elf/lib/mno-hw-mul\libc.a(lib_a-printf.o)
                0x000000000000ee00                _printf_r
 .text.printf   0x000000000000ee30       0x3c c:/intelfpga_lite/18.1/nios2eds/bin/gnu/h-x86_64-mingw32/bin/../lib/gcc/nios2-elf/5.3.0/../../../../../H-x86_64-mingw32/nios2-elf/lib/mno-hw-mul\libc.a(lib_a-printf.o)
                0x000000000000ee30                printf
 .text          0x000000000000ee6c        0x0 c:/intelfpga_lite/18.1/nios2eds/bin/gnu/h-x86_64-mingw32/bin/../lib/gcc/nios2-elf/5.3.0/../../../../../H-x86_64-mingw32/nios2-elf/lib/mno-hw-mul\libc.a(lib_a-putchar.o)
 .text._putchar_r
                0x000000000000ee6c        0x8 c:/intelfpga_lite/18.1/nios2eds/bin/gnu/h-x86_64-mingw32/bin/../lib/gcc/nios2-elf/5.3.0/../../../../../H-x86_64-mingw32/nios2-elf/lib/mno-hw-mul\libc.a(lib_a-putchar.o)
                0x000000000000ee6c                _putchar_r
 .text.putchar  0x000000000000ee74       0x18 c:/intelfpga_lite/18.1/nios2eds/bin/gnu/h-x86_64-mingw32/bin/../lib/gcc/nios2-elf/5.3.0/../../../../../H-x86_64-mingw32/nios2-elf/lib/mno-hw-mul\libc.a(lib_a-putchar.o)
                0x000000000000ee74                putchar
 .text          0x000000000000ee8c        0x0 c:/intelfpga_lite/18.1/nios2eds/bin/gnu/h-x86_64-mingw32/bin/../lib/gcc/nios2-elf/5.3.0/../../../../../H-x86_64-mingw32/nios2-elf/lib/mno-hw-mul\libc.a(lib_a-puts.o)
 .text._puts_r  0x000000000000ee8c       0xc0 c:/intelfpga_lite/18.1/nios2eds/bin/gnu/h-x86_64-mingw32/bin/../lib/gcc/nios2-elf/5.3.0/../../../../../H-x86_64-mingw32/nios2-elf/lib/mno-hw-mul\libc.a(lib_a-puts.o)
                0x000000000000ee8c                _puts_r
 .text.puts     0x000000000000ef4c       0x14 c:/intelfpga_lite/18.1/nios2eds/bin/gnu/h-x86_64-mingw32/bin/../lib/gcc/nios2-elf/5.3.0/../../../../../H-x86_64-mingw32/nios2-elf/lib/mno-hw-mul\libc.a(lib_a-puts.o)
                0x000000000000ef4c                puts
 .text          0x000000000000ef60        0x0 c:/intelfpga_lite/18.1/nios2eds/bin/gnu/h-x86_64-mingw32/bin/../lib/gcc/nios2-elf/5.3.0/../../../../../H-x86_64-mingw32/nios2-elf/lib/mno-hw-mul\libc.a(lib_a-sbrkr.o)
 .text._sbrk_r  0x000000000000ef60       0x54 c:/intelfpga_lite/18.1/nios2eds/bin/gnu/h-x86_64-mingw32/bin/../lib/gcc/nios2-elf/5.3.0/../../../../../H-x86_64-mingw32/nios2-elf/lib/mno-hw-mul\libc.a(lib_a-sbrkr.o)
                0x000000000000ef60                _sbrk_r
 .text          0x000000000000efb4        0x0 c:/intelfpga_lite/18.1/nios2eds/bin/gnu/h-x86_64-mingw32/bin/../lib/gcc/nios2-elf/5.3.0/../../../../../H-x86_64-mingw32/nios2-elf/lib/mno-hw-mul\libc.a(lib_a-signal.o)
 .text._init_signal_r
                0x000000000000efb4       0x6c c:/intelfpga_lite/18.1/nios2eds/bin/gnu/h-x86_64-mingw32/bin/../lib/gcc/nios2-elf/5.3.0/../../../../../H-x86_64-mingw32/nios2-elf/lib/mno-hw-mul\libc.a(lib_a-signal.o)
                0x000000000000efb4                _init_signal_r
 .text._signal_r
                0x000000000000f020       0x84 c:/intelfpga_lite/18.1/nios2eds/bin/gnu/h-x86_64-mingw32/bin/../lib/gcc/nios2-elf/5.3.0/../../../../../H-x86_64-mingw32/nios2-elf/lib/mno-hw-mul\libc.a(lib_a-signal.o)
                0x000000000000f020                _signal_r
 .text._raise_r
                0x000000000000f0a4       0xbc c:/intelfpga_lite/18.1/nios2eds/bin/gnu/h-x86_64-mingw32/bin/../lib/gcc/nios2-elf/5.3.0/../../../../../H-x86_64-mingw32/nios2-elf/lib/mno-hw-mul\libc.a(lib_a-signal.o)
                0x000000000000f0a4                _raise_r
 .text.__sigtramp_r
                0x000000000000f160       0xa8 c:/intelfpga_lite/18.1/nios2eds/bin/gnu/h-x86_64-mingw32/bin/../lib/gcc/nios2-elf/5.3.0/../../../../../H-x86_64-mingw32/nios2-elf/lib/mno-hw-mul\libc.a(lib_a-signal.o)
                0x000000000000f160                __sigtramp_r
 .text.raise    0x000000000000f208       0x14 c:/intelfpga_lite/18.1/nios2eds/bin/gnu/h-x86_64-mingw32/bin/../lib/gcc/nios2-elf/5.3.0/../../../../../H-x86_64-mingw32/nios2-elf/lib/mno-hw-mul\libc.a(lib_a-signal.o)
                0x000000000000f208                raise
 .text.signal   0x000000000000f21c       0x18 c:/intelfpga_lite/18.1/nios2eds/bin/gnu/h-x86_64-mingw32/bin/../lib/gcc/nios2-elf/5.3.0/../../../../../H-x86_64-mingw32/nios2-elf/lib/mno-hw-mul\libc.a(lib_a-signal.o)
                0x000000000000f21c                signal
 .text._init_signal
                0x000000000000f234       0x10 c:/intelfpga_lite/18.1/nios2eds/bin/gnu/h-x86_64-mingw32/bin/../lib/gcc/nios2-elf/5.3.0/../../../../../H-x86_64-mingw32/nios2-elf/lib/mno-hw-mul\libc.a(lib_a-signal.o)
                0x000000000000f234                _init_signal
 .text.__sigtramp
                0x000000000000f244       0x14 c:/intelfpga_lite/18.1/nios2eds/bin/gnu/h-x86_64-mingw32/bin/../lib/gcc/nios2-elf/5.3.0/../../../../../H-x86_64-mingw32/nios2-elf/lib/mno-hw-mul\libc.a(lib_a-signal.o)
                0x000000000000f244                __sigtramp
 .text          0x000000000000f258        0x0 c:/intelfpga_lite/18.1/nios2eds/bin/gnu/h-x86_64-mingw32/bin/../lib/gcc/nios2-elf/5.3.0/../../../../../H-x86_64-mingw32/nios2-elf/lib/mno-hw-mul\libc.a(lib_a-signalr.o)
 .text._kill_r  0x000000000000f258       0x5c c:/intelfpga_lite/18.1/nios2eds/bin/gnu/h-x86_64-mingw32/bin/../lib/gcc/nios2-elf/5.3.0/../../../../../H-x86_64-mingw32/nios2-elf/lib/mno-hw-mul\libc.a(lib_a-signalr.o)
                0x000000000000f258                _kill_r
 .text._getpid_r
                0x000000000000f2b4        0x4 c:/intelfpga_lite/18.1/nios2eds/bin/gnu/h-x86_64-mingw32/bin/../lib/gcc/nios2-elf/5.3.0/../../../../../H-x86_64-mingw32/nios2-elf/lib/mno-hw-mul\libc.a(lib_a-signalr.o)
                0x000000000000f2b4                _getpid_r
 .text          0x000000000000f2b8        0x0 c:/intelfpga_lite/18.1/nios2eds/bin/gnu/h-x86_64-mingw32/bin/../lib/gcc/nios2-elf/5.3.0/../../../../../H-x86_64-mingw32/nios2-elf/lib/mno-hw-mul\libc.a(lib_a-sprintf.o)
 .text._sprintf_r
                0x000000000000f2b8       0x58 c:/intelfpga_lite/18.1/nios2eds/bin/gnu/h-x86_64-mingw32/bin/../lib/gcc/nios2-elf/5.3.0/../../../../../H-x86_64-mingw32/nios2-elf/lib/mno-hw-mul\libc.a(lib_a-sprintf.o)
                0x000000000000f2b8                _sprintf_r
 .text.sprintf  0x000000000000f310       0x6c c:/intelfpga_lite/18.1/nios2eds/bin/gnu/h-x86_64-mingw32/bin/../lib/gcc/nios2-elf/5.3.0/../../../../../H-x86_64-mingw32/nios2-elf/lib/mno-hw-mul\libc.a(lib_a-sprintf.o)
                0x000000000000f310                sprintf
 .text          0x000000000000f37c        0x0 c:/intelfpga_lite/18.1/nios2eds/bin/gnu/h-x86_64-mingw32/bin/../lib/gcc/nios2-elf/5.3.0/../../../../../H-x86_64-mingw32/nios2-elf/lib/mno-hw-mul\libc.a(lib_a-strcmp.o)
 .text.strcmp   0x000000000000f37c       0xdc c:/intelfpga_lite/18.1/nios2eds/bin/gnu/h-x86_64-mingw32/bin/../lib/gcc/nios2-elf/5.3.0/../../../../../H-x86_64-mingw32/nios2-elf/lib/mno-hw-mul\libc.a(lib_a-strcmp.o)
                0x000000000000f37c                strcmp
 .text          0x000000000000f458        0x0 c:/intelfpga_lite/18.1/nios2eds/bin/gnu/h-x86_64-mingw32/bin/../lib/gcc/nios2-elf/5.3.0/../../../../../H-x86_64-mingw32/nios2-elf/lib/mno-hw-mul\libc.a(lib_a-strlen.o)
 .text.strlen   0x000000000000f458       0x98 c:/intelfpga_lite/18.1/nios2eds/bin/gnu/h-x86_64-mingw32/bin/../lib/gcc/nios2-elf/5.3.0/../../../../../H-x86_64-mingw32/nios2-elf/lib/mno-hw-mul\libc.a(lib_a-strlen.o)
                0x000000000000f458                strlen
 .text          0x000000000000f4f0        0x0 c:/intelfpga_lite/18.1/nios2eds/bin/gnu/h-x86_64-mingw32/bin/../lib/gcc/nios2-elf/5.3.0/../../../../../H-x86_64-mingw32/nios2-elf/lib/mno-hw-mul\libc.a(lib_a-svfprintf.o)
 .text.___svfprintf_internal_r
                0x000000000000f4f0     0x22bc c:/intelfpga_lite/18.1/nios2eds/bin/gnu/h-x86_64-mingw32/bin/../lib/gcc/nios2-elf/5.3.0/../../../../../H-x86_64-mingw32/nios2-elf/lib/mno-hw-mul\libc.a(lib_a-svfprintf.o)
                0x000000000000f4f0                ___svfprintf_internal_r
 .text          0x00000000000117ac        0x0 c:/intelfpga_lite/18.1/nios2eds/bin/gnu/h-x86_64-mingw32/bin/../lib/gcc/nios2-elf/5.3.0/../../../../../H-x86_64-mingw32/nios2-elf/lib/mno-hw-mul\libc.a(lib_a-timesr.o)
 .text._times_r
                0x00000000000117ac        0x8 c:/intelfpga_lite/18.1/nios2eds/bin/gnu/h-x86_64-mingw32/bin/../lib/gcc/nios2-elf/5.3.0/../../../../../H-x86_64-mingw32/nios2-elf/lib/mno-hw-mul\libc.a(lib_a-timesr.o)
                0x00000000000117ac                _times_r
 .text          0x00000000000117b4        0x0 c:/intelfpga_lite/18.1/nios2eds/bin/gnu/h-x86_64-mingw32/bin/../lib/gcc/nios2-elf/5.3.0/../../../../../H-x86_64-mingw32/nios2-elf/lib/mno-hw-mul\libc.a(lib_a-vfprintf.o)
 .text.___vfprintf_internal_r
                0x00000000000117b4     0x22dc c:/intelfpga_lite/18.1/nios2eds/bin/gnu/h-x86_64-mingw32/bin/../lib/gcc/nios2-elf/5.3.0/../../../../../H-x86_64-mingw32/nios2-elf/lib/mno-hw-mul\libc.a(lib_a-vfprintf.o)
                0x00000000000117b4                ___vfprintf_internal_r
 .text.__vfprintf_internal
                0x0000000000013a90       0x1c c:/intelfpga_lite/18.1/nios2eds/bin/gnu/h-x86_64-mingw32/bin/../lib/gcc/nios2-elf/5.3.0/../../../../../H-x86_64-mingw32/nios2-elf/lib/mno-hw-mul\libc.a(lib_a-vfprintf.o)
                0x0000000000013a90                __vfprintf_internal
 .text.__sbprintf
                0x0000000000013aac       0xbc c:/intelfpga_lite/18.1/nios2eds/bin/gnu/h-x86_64-mingw32/bin/../lib/gcc/nios2-elf/5.3.0/../../../../../H-x86_64-mingw32/nios2-elf/lib/mno-hw-mul\libc.a(lib_a-vfprintf.o)
 .text          0x0000000000013b68        0x0 c:/intelfpga_lite/18.1/nios2eds/bin/gnu/h-x86_64-mingw32/bin/../lib/gcc/nios2-elf/5.3.0/../../../../../H-x86_64-mingw32/nios2-elf/lib/mno-hw-mul\libc.a(lib_a-wsetup.o)
 .text.__swsetup_r
                0x0000000000013b68      0x154 c:/intelfpga_lite/18.1/nios2eds/bin/gnu/h-x86_64-mingw32/bin/../lib/gcc/nios2-elf/5.3.0/../../../../../H-x86_64-mingw32/nios2-elf/lib/mno-hw-mul\libc.a(lib_a-wsetup.o)
                0x0000000000013b68                __swsetup_r
 .text          0x0000000000013cbc        0x0 c:/intelfpga_lite/18.1/nios2eds/bin/gnu/h-x86_64-mingw32/bin/../lib/gcc/nios2-elf/5.3.0/../../../../../H-x86_64-mingw32/nios2-elf/lib/mno-hw-mul\libc.a(lib_a-dtoa.o)
 .text.quorem   0x0000000000013cbc      0x228 c:/intelfpga_lite/18.1/nios2eds/bin/gnu/h-x86_64-mingw32/bin/../lib/gcc/nios2-elf/5.3.0/../../../../../H-x86_64-mingw32/nios2-elf/lib/mno-hw-mul\libc.a(lib_a-dtoa.o)
 .text._dtoa_r  0x0000000000013ee4     0x1688 c:/intelfpga_lite/18.1/nios2eds/bin/gnu/h-x86_64-mingw32/bin/../lib/gcc/nios2-elf/5.3.0/../../../../../H-x86_64-mingw32/nios2-elf/lib/mno-hw-mul\libc.a(lib_a-dtoa.o)
                0x0000000000013ee4                _dtoa_r
 .text          0x000000000001556c        0x0 c:/intelfpga_lite/18.1/nios2eds/bin/gnu/h-x86_64-mingw32/bin/../lib/gcc/nios2-elf/5.3.0/../../../../../H-x86_64-mingw32/nios2-elf/lib/mno-hw-mul\libc.a(lib_a-fflush.o)
 .text.__sflush_r
                0x000000000001556c      0x21c c:/intelfpga_lite/18.1/nios2eds/bin/gnu/h-x86_64-mingw32/bin/../lib/gcc/nios2-elf/5.3.0/../../../../../H-x86_64-mingw32/nios2-elf/lib/mno-hw-mul\libc.a(lib_a-fflush.o)
                0x000000000001556c                __sflush_r
 .text._fflush_r
                0x0000000000015788       0x5c c:/intelfpga_lite/18.1/nios2eds/bin/gnu/h-x86_64-mingw32/bin/../lib/gcc/nios2-elf/5.3.0/../../../../../H-x86_64-mingw32/nios2-elf/lib/mno-hw-mul\libc.a(lib_a-fflush.o)
                0x0000000000015788                _fflush_r
 .text.fflush   0x00000000000157e4       0x30 c:/intelfpga_lite/18.1/nios2eds/bin/gnu/h-x86_64-mingw32/bin/../lib/gcc/nios2-elf/5.3.0/../../../../../H-x86_64-mingw32/nios2-elf/lib/mno-hw-mul\libc.a(lib_a-fflush.o)
                0x00000000000157e4                fflush
 .text          0x0000000000015814        0x0 c:/intelfpga_lite/18.1/nios2eds/bin/gnu/h-x86_64-mingw32/bin/../lib/gcc/nios2-elf/5.3.0/../../../../../H-x86_64-mingw32/nios2-elf/lib/mno-hw-mul\libc.a(lib_a-findfp.o)
 .text.__fp_unlock
                0x0000000000015814        0x8 c:/intelfpga_lite/18.1/nios2eds/bin/gnu/h-x86_64-mingw32/bin/../lib/gcc/nios2-elf/5.3.0/../../../../../H-x86_64-mingw32/nios2-elf/lib/mno-hw-mul\libc.a(lib_a-findfp.o)
 .text._cleanup_r
                0x000000000001581c        0xc c:/intelfpga_lite/18.1/nios2eds/bin/gnu/h-x86_64-mingw32/bin/../lib/gcc/nios2-elf/5.3.0/../../../../../H-x86_64-mingw32/nios2-elf/lib/mno-hw-mul\libc.a(lib_a-findfp.o)
                0x000000000001581c                _cleanup_r
 .text.__sinit.part.1
                0x0000000000015828      0x19c c:/intelfpga_lite/18.1/nios2eds/bin/gnu/h-x86_64-mingw32/bin/../lib/gcc/nios2-elf/5.3.0/../../../../../H-x86_64-mingw32/nios2-elf/lib/mno-hw-mul\libc.a(lib_a-findfp.o)
 .text.__fp_lock
                0x00000000000159c4        0x8 c:/intelfpga_lite/18.1/nios2eds/bin/gnu/h-x86_64-mingw32/bin/../lib/gcc/nios2-elf/5.3.0/../../../../../H-x86_64-mingw32/nios2-elf/lib/mno-hw-mul\libc.a(lib_a-findfp.o)
 .text.__sfmoreglue
                0x00000000000159cc       0x78 c:/intelfpga_lite/18.1/nios2eds/bin/gnu/h-x86_64-mingw32/bin/../lib/gcc/nios2-elf/5.3.0/../../../../../H-x86_64-mingw32/nios2-elf/lib/mno-hw-mul\libc.a(lib_a-findfp.o)
                0x00000000000159cc                __sfmoreglue
 .text.__sfp    0x0000000000015a44      0x118 c:/intelfpga_lite/18.1/nios2eds/bin/gnu/h-x86_64-mingw32/bin/../lib/gcc/nios2-elf/5.3.0/../../../../../H-x86_64-mingw32/nios2-elf/lib/mno-hw-mul\libc.a(lib_a-findfp.o)
                0x0000000000015a44                __sfp
 .text._cleanup
                0x0000000000015b5c       0x18 c:/intelfpga_lite/18.1/nios2eds/bin/gnu/h-x86_64-mingw32/bin/../lib/gcc/nios2-elf/5.3.0/../../../../../H-x86_64-mingw32/nios2-elf/lib/mno-hw-mul\libc.a(lib_a-findfp.o)
                0x0000000000015b5c                _cleanup
 .text.__sinit  0x0000000000015b74       0x10 c:/intelfpga_lite/18.1/nios2eds/bin/gnu/h-x86_64-mingw32/bin/../lib/gcc/nios2-elf/5.3.0/../../../../../H-x86_64-mingw32/nios2-elf/lib/mno-hw-mul\libc.a(lib_a-findfp.o)
                0x0000000000015b74                __sinit
 .text.__sfp_lock_acquire
                0x0000000000015b84        0x4 c:/intelfpga_lite/18.1/nios2eds/bin/gnu/h-x86_64-mingw32/bin/../lib/gcc/nios2-elf/5.3.0/../../../../../H-x86_64-mingw32/nios2-elf/lib/mno-hw-mul\libc.a(lib_a-findfp.o)
                0x0000000000015b84                __sfp_lock_acquire
 .text.__sfp_lock_release
                0x0000000000015b88        0x4 c:/intelfpga_lite/18.1/nios2eds/bin/gnu/h-x86_64-mingw32/bin/../lib/gcc/nios2-elf/5.3.0/../../../../../H-x86_64-mingw32/nios2-elf/lib/mno-hw-mul\libc.a(lib_a-findfp.o)
                0x0000000000015b88                __sfp_lock_release
 .text.__sinit_lock_acquire
                0x0000000000015b8c        0x4 c:/intelfpga_lite/18.1/nios2eds/bin/gnu/h-x86_64-mingw32/bin/../lib/gcc/nios2-elf/5.3.0/../../../../../H-x86_64-mingw32/nios2-elf/lib/mno-hw-mul\libc.a(lib_a-findfp.o)
                0x0000000000015b8c                __sinit_lock_acquire
 .text.__sinit_lock_release
                0x0000000000015b90        0x4 c:/intelfpga_lite/18.1/nios2eds/bin/gnu/h-x86_64-mingw32/bin/../lib/gcc/nios2-elf/5.3.0/../../../../../H-x86_64-mingw32/nios2-elf/lib/mno-hw-mul\libc.a(lib_a-findfp.o)
                0x0000000000015b90                __sinit_lock_release
 .text.__fp_lock_all
                0x0000000000015b94       0x18 c:/intelfpga_lite/18.1/nios2eds/bin/gnu/h-x86_64-mingw32/bin/../lib/gcc/nios2-elf/5.3.0/../../../../../H-x86_64-mingw32/nios2-elf/lib/mno-hw-mul\libc.a(lib_a-findfp.o)
                0x0000000000015b94                __fp_lock_all
 .text.__fp_unlock_all
                0x0000000000015bac       0x18 c:/intelfpga_lite/18.1/nios2eds/bin/gnu/h-x86_64-mingw32/bin/../lib/gcc/nios2-elf/5.3.0/../../../../../H-x86_64-mingw32/nios2-elf/lib/mno-hw-mul\libc.a(lib_a-findfp.o)
                0x0000000000015bac                __fp_unlock_all
 .text          0x0000000000015bc4        0x0 c:/intelfpga_lite/18.1/nios2eds/bin/gnu/h-x86_64-mingw32/bin/../lib/gcc/nios2-elf/5.3.0/../../../../../H-x86_64-mingw32/nios2-elf/lib/mno-hw-mul\libc.a(lib_a-freer.o)
 .text._malloc_trim_r
                0x0000000000015bc4      0x124 c:/intelfpga_lite/18.1/nios2eds/bin/gnu/h-x86_64-mingw32/bin/../lib/gcc/nios2-elf/5.3.0/../../../../../H-x86_64-mingw32/nios2-elf/lib/mno-hw-mul\libc.a(lib_a-freer.o)
                0x0000000000015bc4                _malloc_trim_r
 .text._free_r  0x0000000000015ce8      0x310 c:/intelfpga_lite/18.1/nios2eds/bin/gnu/h-x86_64-mingw32/bin/../lib/gcc/nios2-elf/5.3.0/../../../../../H-x86_64-mingw32/nios2-elf/lib/mno-hw-mul\libc.a(lib_a-freer.o)
                0x0000000000015ce8                _free_r
 .text          0x0000000000015ff8        0x0 c:/intelfpga_lite/18.1/nios2eds/bin/gnu/h-x86_64-mingw32/bin/../lib/gcc/nios2-elf/5.3.0/../../../../../H-x86_64-mingw32/nios2-elf/lib/mno-hw-mul\libc.a(lib_a-fvwrite.o)
 .text.__sfvwrite_r
                0x0000000000015ff8      0x4c8 c:/intelfpga_lite/18.1/nios2eds/bin/gnu/h-x86_64-mingw32/bin/../lib/gcc/nios2-elf/5.3.0/../../../../../H-x86_64-mingw32/nios2-elf/lib/mno-hw-mul\libc.a(lib_a-fvwrite.o)
                0x0000000000015ff8                __sfvwrite_r
 .text          0x00000000000164c0        0x0 c:/intelfpga_lite/18.1/nios2eds/bin/gnu/h-x86_64-mingw32/bin/../lib/gcc/nios2-elf/5.3.0/../../../../../H-x86_64-mingw32/nios2-elf/lib/mno-hw-mul\libc.a(lib_a-fwalk.o)
 .text._fwalk   0x00000000000164c0       0xc4 c:/intelfpga_lite/18.1/nios2eds/bin/gnu/h-x86_64-mingw32/bin/../lib/gcc/nios2-elf/5.3.0/../../../../../H-x86_64-mingw32/nios2-elf/lib/mno-hw-mul\libc.a(lib_a-fwalk.o)
                0x00000000000164c0                _fwalk
 .text._fwalk_reent
                0x0000000000016584       0xc4 c:/intelfpga_lite/18.1/nios2eds/bin/gnu/h-x86_64-mingw32/bin/../lib/gcc/nios2-elf/5.3.0/../../../../../H-x86_64-mingw32/nios2-elf/lib/mno-hw-mul\libc.a(lib_a-fwalk.o)
                0x0000000000016584                _fwalk_reent
 .text          0x0000000000016648        0x0 c:/intelfpga_lite/18.1/nios2eds/bin/gnu/h-x86_64-mingw32/bin/../lib/gcc/nios2-elf/5.3.0/../../../../../H-x86_64-mingw32/nios2-elf/lib/mno-hw-mul\libc.a(lib_a-int_errno.o)
 .text          0x0000000000016648        0x0 c:/intelfpga_lite/18.1/nios2eds/bin/gnu/h-x86_64-mingw32/bin/../lib/gcc/nios2-elf/5.3.0/../../../../../H-x86_64-mingw32/nios2-elf/lib/mno-hw-mul\libc.a(lib_a-locale.o)
 .text._setlocale_r
                0x0000000000016648       0x7c c:/intelfpga_lite/18.1/nios2eds/bin/gnu/h-x86_64-mingw32/bin/../lib/gcc/nios2-elf/5.3.0/../../../../../H-x86_64-mingw32/nios2-elf/lib/mno-hw-mul\libc.a(lib_a-locale.o)
                0x0000000000016648                _setlocale_r
 .text.__locale_charset
                0x00000000000166c4        0xc c:/intelfpga_lite/18.1/nios2eds/bin/gnu/h-x86_64-mingw32/bin/../lib/gcc/nios2-elf/5.3.0/../../../../../H-x86_64-mingw32/nios2-elf/lib/mno-hw-mul\libc.a(lib_a-locale.o)
                0x00000000000166c4                __locale_charset
 .text.__locale_mb_cur_max
                0x00000000000166d0       0x10 c:/intelfpga_lite/18.1/nios2eds/bin/gnu/h-x86_64-mingw32/bin/../lib/gcc/nios2-elf/5.3.0/../../../../../H-x86_64-mingw32/nios2-elf/lib/mno-hw-mul\libc.a(lib_a-locale.o)
                0x00000000000166d0                __locale_mb_cur_max
 .text.__locale_msgcharset
                0x00000000000166e0        0xc c:/intelfpga_lite/18.1/nios2eds/bin/gnu/h-x86_64-mingw32/bin/../lib/gcc/nios2-elf/5.3.0/../../../../../H-x86_64-mingw32/nios2-elf/lib/mno-hw-mul\libc.a(lib_a-locale.o)
                0x00000000000166e0                __locale_msgcharset
 .text.__locale_cjk_lang
                0x00000000000166ec        0x8 c:/intelfpga_lite/18.1/nios2eds/bin/gnu/h-x86_64-mingw32/bin/../lib/gcc/nios2-elf/5.3.0/../../../../../H-x86_64-mingw32/nios2-elf/lib/mno-hw-mul\libc.a(lib_a-locale.o)
                0x00000000000166ec                __locale_cjk_lang
 .text._localeconv_r
                0x00000000000166f4        0xc c:/intelfpga_lite/18.1/nios2eds/bin/gnu/h-x86_64-mingw32/bin/../lib/gcc/nios2-elf/5.3.0/../../../../../H-x86_64-mingw32/nios2-elf/lib/mno-hw-mul\libc.a(lib_a-locale.o)
                0x00000000000166f4                _localeconv_r
 .text.setlocale
                0x0000000000016700       0x18 c:/intelfpga_lite/18.1/nios2eds/bin/gnu/h-x86_64-mingw32/bin/../lib/gcc/nios2-elf/5.3.0/../../../../../H-x86_64-mingw32/nios2-elf/lib/mno-hw-mul\libc.a(lib_a-locale.o)
                0x0000000000016700                setlocale
 .text.localeconv
                0x0000000000016718        0xc c:/intelfpga_lite/18.1/nios2eds/bin/gnu/h-x86_64-mingw32/bin/../lib/gcc/nios2-elf/5.3.0/../../../../../H-x86_64-mingw32/nios2-elf/lib/mno-hw-mul\libc.a(lib_a-locale.o)
                0x0000000000016718                localeconv
 .text          0x0000000000016724        0x0 c:/intelfpga_lite/18.1/nios2eds/bin/gnu/h-x86_64-mingw32/bin/../lib/gcc/nios2-elf/5.3.0/../../../../../H-x86_64-mingw32/nios2-elf/lib/mno-hw-mul\libc.a(lib_a-makebuf.o)
 .text.__smakebuf_r
                0x0000000000016724      0x1bc c:/intelfpga_lite/18.1/nios2eds/bin/gnu/h-x86_64-mingw32/bin/../lib/gcc/nios2-elf/5.3.0/../../../../../H-x86_64-mingw32/nios2-elf/lib/mno-hw-mul\libc.a(lib_a-makebuf.o)
                0x0000000000016724                __smakebuf_r
 .text          0x00000000000168e0        0x0 c:/intelfpga_lite/18.1/nios2eds/bin/gnu/h-x86_64-mingw32/bin/../lib/gcc/nios2-elf/5.3.0/../../../../../H-x86_64-mingw32/nios2-elf/lib/mno-hw-mul\libc.a(lib_a-memchr.o)